info: verity: cloning https://github.com/lfglabs-dev/verity.git
info: verity: checking out revision 'e977aaad6e1a9e92e0132d41b3d33a14135a4d46'
info: evmyul: cloning https://github.com/lfglabs-dev/EVMYulLean.git
info: evmyul: checking out revision 'f7e4ee0dc8f8d5265ce822a937ab5be771f182e9'
info: mathlib: cloning https://github.com/leanprover-community/mathlib4.git
info: mathlib: checking out revision 'fabf563a7c95a166b8d7b6efca11c8b4dc9d911f'
info: plausible: cloning https://github.com/leanprover-community/plausible
info: plausible: checking out revision '63045536fe95024e6c18fc7b48e03f506701c5bc'
info: LeanSearchClient: cloning https://github.com/leanprover-community/LeanSearchClient
info: LeanSearchClient: checking out revision 'c5d5b8fe6e5158def25cd28eb94e4141ad97c843'
info: importGraph: cloning https://github.com/leanprover-community/import-graph
info: importGraph: checking out revision '5c7542ed018c78194f1e2b903eaf6a792b74c03d'
info: proofwidgets: cloning https://github.com/leanprover-community/ProofWidgets4
info: proofwidgets: checking out revision '24b0d9dc081c5423f8eec7e866c441e5184f29d9'
info: aesop: cloning https://github.com/leanprover-community/aesop
info: aesop: checking out revision 'e3cb2f741431ce31bf73549fb52316a57368b06f'
info: Qq: cloning https://github.com/leanprover-community/quote4
info: Qq: checking out revision 'f46324995fca5f0483b742e4eb4daec7f4ee50d2'
info: batteries: cloning https://github.com/leanprover-community/batteries
info: batteries: checking out revision 'fa08db58b30eb033edcdab331bba000827f9f785'
info: Cli: cloning https://github.com/leanprover/lean4-cli
info: Cli: checking out revision '92564e5770e4d09f2d86dfbf8ada1e9c715b384c'
Lean (version 4.31.0, x86_64-unknown-linux-gnu, commit 68218e876d2a38b1985b8590fff244a83c321783, Release)
