npm WARN deprecated inflight@1.0.6: This module is not supported, and leaks memory. Do not use it. Check out lru-cache if you want a good and tested way to coalesce async requests by a key value, which is much more comprehensive and powerful.
npm WARN deprecated rimraf@2.7.1: Rimraf versions prior to v4 are no longer supported
npm WARN deprecated level-errors@1.0.5: Superseded by abstract-level (https://github.com/Level/community#faq)
npm WARN deprecated memdown@1.4.1: Superseded by memory-level (https://github.com/Level/community#faq)
npm WARN deprecated har-validator@5.1.5: this library is no longer supported
npm WARN deprecated safe-event-emitter@1.0.1: Renamed to @metamask/safe-event-emitter
npm WARN deprecated deferred-leveldown@1.2.2: Superseded by abstract-level (https://github.com/Level/community#faq)
npm WARN deprecated eth-sig-util@3.0.1: Deprecated in favor of '@metamask/eth-sig-util'
npm WARN deprecated ethereumjs-block@2.2.2: New package name format for new versions: @ethereumjs/block. Please update.
npm WARN deprecated glob@7.2.3: Old versions of glob are not supported, and contain widely publicized security vulnerabilities, which have been fixed in the current version. Please update. Support for old versions may be purchased (at exorbitant rates) by contacting i@izs.me
npm WARN deprecated level-codec@7.0.1: Superseded by level-transcoder (https://github.com/Level/community#faq)
npm WARN deprecated ethereumjs-tx@2.1.2: New package name format for new versions: @ethereumjs/tx. Please update.
npm WARN deprecated uuid@3.4.0: uuid@10 and below is no longer supported.  For ESM codebases, update to uuid@latest.  For CommonJS codebases, use uuid@11 (but be aware this version will likely be deprecated in 2028).
npm WARN deprecated ethereumjs-abi@0.6.8: This library has been deprecated and usage is discouraged.
npm WARN deprecated eth-json-rpc-errors@1.1.1: Package renamed: https://www.npmjs.com/package/eth-rpc-errors
npm WARN deprecated eth-json-rpc-errors@1.1.1: Package renamed: https://www.npmjs.com/package/eth-rpc-errors
npm WARN deprecated eth-json-rpc-errors@2.0.2: Package renamed: https://www.npmjs.com/package/eth-rpc-errors
npm WARN deprecated request@2.88.2: request has been deprecated, see https://github.com/request/request/issues/3142
npm WARN deprecated @truffle/hdwallet-provider@1.7.0: Package no longer supported. Contact Support at https://www.npmjs.com/support for more info.
npm WARN deprecated abstract-leveldown@2.6.3: Superseded by abstract-level (https://github.com/Level/community#faq)
npm WARN deprecated abstract-leveldown@2.7.2: Superseded by abstract-level (https://github.com/Level/community#faq)
npm WARN deprecated ethereumjs-tx@1.3.7: New package name format for new versions: @ethereumjs/tx. Please update.
npm WARN deprecated ethereumjs-wallet@1.0.2: New package name format for new versions: @ethereumjs/wallet. Please update.
npm WARN deprecated levelup@1.3.9: Superseded by abstract-level (https://github.com/Level/community#faq)
npm WARN deprecated ethereumjs-vm@2.6.0: New package name format for new versions: @ethereumjs/vm. Please update.
npm WARN deprecated ethereumjs-block@1.7.1: New package name format for new versions: @ethereumjs/block. Please update.
npm WARN deprecated uuid@8.3.2: uuid@10 and below is no longer supported.  For ESM codebases, update to uuid@latest.  For CommonJS codebases, use uuid@11 (but be aware this version will likely be deprecated in 2028).
npm WARN deprecated ethereumjs-common@1.5.2: New package name format for new versions: @ethereumjs/common. Please update.

added 745 packages in 2m
