⚠ [1071/1133] Replayed Conform.Wheels
warning: Conform/Wheels.lean:106:47: `IsAntisymm` has been deprecated: Use `Std.Antisymm` instead

Note: The updated constant has a different type:
  {α : Sort u} → (α → α → Prop) → Prop
instead of
  (α : Sort u_1) → (α → α → Prop) → Prop
warning: Conform/Wheels.lean:106:70: `IsTotal` has been deprecated: Use `Std.Total` instead

Note: The updated constant has a different type:
  {α : Sort u} → (α → α → Prop) → Prop
instead of
  (α : Sort u_1) → (α → α → Prop) → Prop
⚠ [1073/1133] Replayed EvmYul.Pretty
warning: EvmYul/Pretty.lean:35:32: `IsAntisymm` has been deprecated: Use `Std.Antisymm` instead

Note: The updated constant has a different type:
  {α : Sort u} → (α → α → Prop) → Prop
instead of
  (α : Sort u_1) → (α → α → Prop) → Prop
warning: EvmYul/Pretty.lean:36:32: `IsTotal` has been deprecated: Use `Std.Total` instead

Note: The updated constant has a different type:
  {α : Sort u} → (α → α → Prop) → Prop
instead of
  (α : Sort u_1) → (α → α → Prop) → Prop
⚠ [1114/1133] Replayed EvmYul.Semantics
warning: EvmYul/Semantics.lean:1:0: 'Mathlib.Data.Array.Defs' has been deprecated: please replace this import by

import Mathlib.Init
⚠ [1115/1133] Replayed EvmYul.EVM.Semantics
warning: EvmYul/EVM/Semantics.lean:1:0: 'Mathlib.Data.Array.Defs' has been deprecated: please replace this import by

import Mathlib.Init
✖ [1133/1133] Building LidoSRv3.Audit.Source.SszWitnessAbi (9.8s)
trace: .> LEAN_PATH=/Users/thomas/work/lido/local-lido-proofs/.lake/packages/Cli/.lake/build/lib/lean:/Users/thomas/work/lido/local-lido-proofs/.lake/packages/batteries/.lake/build/lib/lean:/Users/thomas/work/lido/local-lido-proofs/.lake/packages/Qq/.lake/build/lib/lean:/Users/thomas/work/lido/local-lido-proofs/.lake/packages/aesop/.lake/build/lib/lean:/Users/thomas/work/lido/local-lido-proofs/.lake/packages/proofwidgets/.lake/build/lib/lean:/Users/thomas/work/lido/local-lido-proofs/.lake/packages/importGraph/.lake/build/lib/lean:/Users/thomas/work/lido/local-lido-proofs/.lake/packages/LeanSearchClient/.lake/build/lib/lean:/Users/thomas/work/lido/local-lido-proofs/.lake/packages/plausible/.lake/build/lib/lean:/Users/thomas/work/lido/local-lido-proofs/.lake/packages/mathlib/.lake/build/lib/lean:/Users/thomas/work/lido/local-lido-proofs/.lake/packages/evmyul/.lake/build/lib/lean:/Users/thomas/work/lido/local-lido-proofs/.lake/packages/verity/.lake/build/lib/lean:/private/tmp/lido-ssz-witness-abi/.lake/build/lib/lean /Users/thomas/.elan/toolchains/leanprover--lean4---v4.31.0/bin/lean /private/tmp/lido-ssz-witness-abi/LidoSRv3/Audit/Source/SszWitnessAbi.lean -o /private/tmp/lido-ssz-witness-abi/.lake/build/lib/lean/LidoSRv3/Audit/Source/SszWitnessAbi.olean -i /private/tmp/lido-ssz-witness-abi/.lake/build/lib/lean/LidoSRv3/Audit/Source/SszWitnessAbi.ilean -c /private/tmp/lido-ssz-witness-abi/.lake/build/ir/LidoSRv3/Audit/Source/SszWitnessAbi.c --setup /private/tmp/lido-ssz-witness-abi/.lake/build/ir/LidoSRv3/Audit/Source/SszWitnessAbi.setup.json --json
error: LidoSRv3/Audit/Source/SszWitnessAbi.lean:172:6: Dependent elimination failed: Failed to solve equation
  Except.ok result =
    Decidable.rec
      (fun h =>
        (fun x =>
            match st✝.mload (UInt256.ofNat 0) with
            | (digest, machine) =>
              Except.ok
                {
                  state :=
                    have __SharedState :=
                      have __src := st✝.toSharedState;
                      { toState := __src.toState, toMachineState := machine };
                    { toSharedState := __SharedState, pc := st✝.pc, stack := st✝.stack, execLength := st✝.execLength },
                  digest := digest })
          h)
      (fun h => (fun x => Except.error Error.sha256PrecompileFailed) h) instDecidableOr
error: LidoSRv3/Audit/Source/SszWitnessAbi.lean:185:57: (deterministic) timeout at `whnf`, maximum number of heartbeats (200000) has been reached

Note: Use `set_option maxHeartbeats <num>` to set the limit.

Hint: Additional diagnostic information may be available using the `set_option diagnostics true` command.
error: LidoSRv3/Audit/Source/SszWitnessAbi.lean:191:55: (deterministic) timeout at `whnf`, maximum number of heartbeats (200000) has been reached

Note: Use `set_option maxHeartbeats <num>` to set the limit.

Hint: Additional diagnostic information may be available using the `set_option diagnostics true` command.
info: LidoSRv3/Audit/Source/SszWitnessAbi.lean:275:0: 'LidoSRv3.Audit.Source.SszWitnessAbi.pubkey_environment' depends on axioms: [propext,
 sorryAx,
 Classical.choice,
 Quot.sound]
info: LidoSRv3/Audit/Source/SszWitnessAbi.lean:276:0: 'LidoSRv3.Audit.Source.SszWitnessAbi.pair_environment' depends on axioms: [propext,
 sorryAx,
 Classical.choice,
 Quot.sound]
info: LidoSRv3/Audit/Source/SszWitnessAbi.lean:277:0: 'LidoSRv3.Audit.Source.SszWitnessAbi.merkle_environment' depends on axioms: [propext,
 sorryAx,
 Classical.choice,
 Quot.sound]
info: LidoSRv3/Audit/Source/SszWitnessAbi.lean:278:0: 'LidoSRv3.Audit.Source.SszWitnessAbi.call_environment' depends on axioms: [propext, Classical.choice, Quot.sound]
info: LidoSRv3/Audit/Source/SszWitnessAbi.lean:279:0: 'LidoSRv3.Audit.Source.SszWitnessAbi.fields_success' depends on axioms: [propext, Classical.choice, Quot.sound]
info: LidoSRv3/Audit/Source/SszWitnessAbi.lean:280:0: 'LidoSRv3.Audit.Source.SszWitnessAbi.run_success_origin' depends on axioms: [propext, Classical.choice, Quot.sound]
info: LidoSRv3/Audit/Source/SszWitnessAbi.lean:282:0: 'LidoSRv3.Audit.Source.SszWitnessAbi.read64_success' depends on axioms: [propext, Classical.choice, Quot.sound]
info: LidoSRv3/Audit/Source/SszWitnessAbi.lean:283:0: 'LidoSRv3.Audit.Source.SszWitnessAbi.readBool_success' depends on axioms: [propext, Classical.choice, Quot.sound]
info: LidoSRv3/Audit/Source/SszWitnessAbi.lean:284:0: 'LidoSRv3.Audit.Source.SszWitnessAbi.tail_success_length' depends on axioms: [propext, Classical.choice, Quot.sound]
error: Lean exited with code 1
Some required targets logged failures:
- LidoSRv3.Audit.Source.SszWitnessAbi
error: build failed
