⚠ [12/26] Replayed Verity.Core
warning: Verity/Core.lean:606:2: try 'simp' instead of 'simpa'

Note: This linter can be disabled with `set_option linter.unnecessarySimpa false`
warning: Verity/Core.lean:1041:2: try 'simp' instead of 'simpa'

Note: This linter can be disabled with `set_option linter.unnecessarySimpa false`
warning: Verity/Core.lean:1273:2: try 'simp' instead of 'simpa'

Note: This linter can be disabled with `set_option linter.unnecessarySimpa false`
ℹ [19/26] Replayed StETHMintShares
info: audit/trio/account-address/StETHMintShares.lean:330:0: 'AccountAddress.StETHMintShares.committed_mint_effect' depends on axioms: [propext, Classical.choice, Quot.sound]
ℹ [20/26] Replayed ReportFeeMint
info: audit/trio/account-address/ReportFeeMint.lean:417:0: 'AccountAddress.ReportFeeMint.checkedFeeResultOf_split' depends on axioms: [propext, Quot.sound]
info: audit/trio/account-address/ReportFeeMint.lean:418:0: 'AccountAddress.ReportFeeMint.checkedFeeProducts_split_origin' depends on axioms: [propext, Quot.sound]
info: audit/trio/account-address/ReportFeeMint.lean:419:0: 'AccountAddress.ReportFeeMint.committed_success' depends on axioms: [propext, Classical.choice, Quot.sound]
info: audit/trio/account-address/ReportFeeMint.lean:420:0: 'AccountAddress.ReportFeeMint.failure_restores' depends on axioms: [propext, Classical.choice, Quot.sound]
ℹ [23/26] Replayed LidoSRv3.Audit.Guarantees.PAccount1
info: LidoSRv3/Audit/Guarantees/PAccount1.lean:180:0: 'LidoSRv3.Audit.Guarantees.PAccount1.actual_report_fee_mint' depends on axioms: [propext, Classical.choice, Quot.sound]
info: LidoSRv3/Audit/Guarantees/PAccount1.lean:181:0: 'LidoSRv3.Audit.Guarantees.PAccount1.actual_report_fee_mint_failure_restores' depends on axioms: [propext,
 Classical.choice,
 Quot.sound]
ℹ [24/26] Replayed ReportFeeCastInvariant
info: audit/trio/account-address/ReportFeeCastInvariant.lean:116:0: 'AccountAddress.ReportFeeCastInvariant.rows_allocation_bound' depends on axioms: [propext, Classical.choice, Quot.sound]
info: audit/trio/account-address/ReportFeeCastInvariant.lean:117:0: 'AccountAddress.ReportFeeCastInvariant.report_allocation_le_total' depends on axioms: [propext,
 Classical.choice,
 Quot.sound]
info: audit/trio/account-address/ReportFeeCastInvariant.lean:118:0: 'AccountAddress.ReportFeeCastInvariant.report_exact_casts' depends on axioms: [propext, Classical.choice, Quot.sound]
info: audit/trio/account-address/ReportFeeCastInvariant.lean:119:0: 'AccountAddress.ReportFeeCastInvariant.composition_exact_casts' depends on axioms: [propext,
 Classical.choice,
 Quot.sound]
ℹ [25/26] Replayed LidoSRv3.Audit.Guarantees.PAccount1ActualFeeCasts
info: LidoSRv3/Audit/Guarantees/PAccount1ActualFeeCasts.lean:23:0: 'LidoSRv3.Audit.Guarantees.PAccount1.actual_report_fee_mint_casts' depends on axioms: [propext,
 Classical.choice,
 Quot.sound]
ℹ [26/26] Built Tests.Verity.ReportFeeMintTest (394ms)
info: audit/trio/account-address/Tests/Verity/ReportFeeMintTest.lean:66:0: 'AccountActualMintRegression.event_failure_restores_updates' depends on axioms: [propext, Classical.choice, Quot.sound]
info: audit/trio/account-address/Tests/Verity/ReportFeeMintTest.lean:67:0: 'AccountActualMintRegression.mapping_overflow_restores_packed_word' depends on axioms: [propext,
 Classical.choice,
 Quot.sound]
info: audit/trio/account-address/Tests/Verity/ReportFeeMintTest.lean:68:0: 'AccountActualMintRegression.same_world_mint_and_rate' depends on axioms: [propext, Classical.choice, Quot.sound]
info: audit/trio/account-address/Tests/Verity/ReportFeeMintTest.lean:69:0: 'AccountActualMintRegression.mismatched_accounting_rejects' depends on axioms: [propext, Classical.choice, Quot.sound]
info: audit/trio/account-address/Tests/Verity/ReportFeeMintTest.lean:70:0: 'AccountActualMintRegression.zero_fee_skips_mint_auth' depends on axioms: [propext, Classical.choice, Quot.sound]
info: audit/trio/account-address/Tests/Verity/ReportFeeMintTest.lean:71:0: 'AccountActualMintRegression.packed_overflow_restores_router' depends on axioms: [propext, Classical.choice, Quot.sound]
info: audit/trio/account-address/Tests/Verity/ReportFeeMintTest.lean:72:0: 'AccountActualMintRegression.fee_word_overflow_rejects' depends on axioms: [propext, Classical.choice, Quot.sound]
info: audit/trio/account-address/Tests/Verity/ReportFeeMintTest.lean:73:0: 'AccountActualMintRegression.distribution_product_checked' does not depend on any axioms
Build completed successfully (26 jobs).
CHECK audit/trio/account-address/ReportFeeCheckedSplit.lean
'AccountAddress.ReportFeeCheckedSplit.checked_products_split' depends on axioms: [propext, Quot.sound]
'AccountAddress.ReportFeeCheckedSplit.committed_checked_split' depends on axioms: [propext,
 Classical.choice,
 Quot.sound]
CHECK LidoSRv3/Audit/Guarantees/PAccount1CheckedFeeSplit.lean
'LidoSRv3.Audit.Guarantees.PAccount1.actual_report_fee_mint_checked_split' depends on axioms: [propext,
 Classical.choice,
 Quot.sound]
CHECK audit/trio/account-address/Tests/Verity/ReportFeeCheckedSplitTest.lean
'AccountCheckedSplitRegression.nontrivial_rounding' does not depend on any axioms
'AccountCheckedSplitRegression.zero_row_retains_position' does not depend on any axioms
'AccountCheckedSplitRegression.zero_mint_skips_distribution' does not depend on any axioms
'AccountCheckedSplitRegression.checked_product_rejects' does not depend on any axioms
'AccountCheckedSplitRegression.checked_sum_rejects' does not depend on any axioms
'AccountCheckedSplitRegression.checked_treasury_subtraction_rejects' does not depend on any axioms
'AccountCheckedSplitRegression.actual_multirow_mint_split' depends on axioms: [propext, Classical.choice, Quot.sound]
'AccountCheckedSplitRegression.actual_multirow_joint_consumer' depends on axioms: [propext,
 Classical.choice,
 Quot.sound]
'AccountCheckedSplitRegression.actual_zero_skip_retained' depends on axioms: [propext, Classical.choice, Quot.sound]
'AccountCheckedSplitRegression.actual_arithmetic_reject_restores' depends on axioms: [propext,
 Classical.choice,
 Quot.sound]
PASS: inherited targets plus all three new modules compiled; no global registration files changed.
