⚠ [12/29] Replayed Verity.Core
warning: Verity/Core.lean:606:2: try 'simp' instead of 'simpa'

Note: This linter can be disabled with `set_option linter.unnecessarySimpa false`
warning: Verity/Core.lean:1041:2: try 'simp' instead of 'simpa'

Note: This linter can be disabled with `set_option linter.unnecessarySimpa false`
warning: Verity/Core.lean:1273:2: try 'simp' instead of 'simpa'

Note: This linter can be disabled with `set_option linter.unnecessarySimpa false`
ℹ [19/29] Replayed StETHMintShares
info: audit/trio/account-address/StETHMintShares.lean:330:0: 'AccountAddress.StETHMintShares.committed_mint_effect' depends on axioms: [propext, Classical.choice, Quot.sound]
ℹ [20/29] Replayed ReportFeeMint
info: audit/trio/account-address/ReportFeeMint.lean:417:0: 'AccountAddress.ReportFeeMint.checkedFeeResultOf_split' depends on axioms: [propext, Quot.sound]
info: audit/trio/account-address/ReportFeeMint.lean:418:0: 'AccountAddress.ReportFeeMint.checkedFeeProducts_split_origin' depends on axioms: [propext, Quot.sound]
info: audit/trio/account-address/ReportFeeMint.lean:419:0: 'AccountAddress.ReportFeeMint.committed_success' depends on axioms: [propext, Classical.choice, Quot.sound]
info: audit/trio/account-address/ReportFeeMint.lean:420:0: 'AccountAddress.ReportFeeMint.failure_restores' depends on axioms: [propext, Classical.choice, Quot.sound]
ℹ [23/29] Replayed LidoSRv3.Audit.Guarantees.PAccount1
info: LidoSRv3/Audit/Guarantees/PAccount1.lean:180:0: 'LidoSRv3.Audit.Guarantees.PAccount1.actual_report_fee_mint' depends on axioms: [propext, Classical.choice, Quot.sound]
info: LidoSRv3/Audit/Guarantees/PAccount1.lean:181:0: 'LidoSRv3.Audit.Guarantees.PAccount1.actual_report_fee_mint_failure_restores' depends on axioms: [propext,
 Classical.choice,
 Quot.sound]
ℹ [24/29] Replayed ReportFeeCastInvariant
info: audit/trio/account-address/ReportFeeCastInvariant.lean:116:0: 'AccountAddress.ReportFeeCastInvariant.rows_allocation_bound' depends on axioms: [propext, Classical.choice, Quot.sound]
info: audit/trio/account-address/ReportFeeCastInvariant.lean:117:0: 'AccountAddress.ReportFeeCastInvariant.report_allocation_le_total' depends on axioms: [propext,
 Classical.choice,
 Quot.sound]
info: audit/trio/account-address/ReportFeeCastInvariant.lean:118:0: 'AccountAddress.ReportFeeCastInvariant.report_exact_casts' depends on axioms: [propext, Classical.choice, Quot.sound]
info: audit/trio/account-address/ReportFeeCastInvariant.lean:119:0: 'AccountAddress.ReportFeeCastInvariant.composition_exact_casts' depends on axioms: [propext,
 Classical.choice,
 Quot.sound]
ℹ [25/29] Replayed LidoSRv3.Audit.Guarantees.PAccount1ActualFeeCasts
info: LidoSRv3/Audit/Guarantees/PAccount1ActualFeeCasts.lean:23:0: 'LidoSRv3.Audit.Guarantees.PAccount1.actual_report_fee_mint_casts' depends on axioms: [propext,
 Classical.choice,
 Quot.sound]
ℹ [26/29] Replayed ReportFeeCheckedSplit
info: audit/trio/account-address/ReportFeeCheckedSplit.lean:62:0: 'AccountAddress.ReportFeeCheckedSplit.checked_products_split' depends on axioms: [propext, Quot.sound]
info: audit/trio/account-address/ReportFeeCheckedSplit.lean:63:0: 'AccountAddress.ReportFeeCheckedSplit.committed_checked_split' depends on axioms: [propext,
 Classical.choice,
 Quot.sound]
ℹ [27/29] Replayed LidoSRv3.Audit.Guarantees.PAccount1CheckedFeeSplit
info: LidoSRv3/Audit/Guarantees/PAccount1CheckedFeeSplit.lean:20:0: 'LidoSRv3.Audit.Guarantees.PAccount1.actual_report_fee_mint_checked_split' depends on axioms: [propext,
 Classical.choice,
 Quot.sound]
ℹ [28/29] Replayed Tests.Verity.ReportFeeMintTest
info: audit/trio/account-address/Tests/Verity/ReportFeeMintTest.lean:66:0: 'AccountActualMintRegression.event_failure_restores_updates' depends on axioms: [propext, Classical.choice, Quot.sound]
info: audit/trio/account-address/Tests/Verity/ReportFeeMintTest.lean:67:0: 'AccountActualMintRegression.mapping_overflow_restores_packed_word' depends on axioms: [propext,
 Classical.choice,
 Quot.sound]
info: audit/trio/account-address/Tests/Verity/ReportFeeMintTest.lean:68:0: 'AccountActualMintRegression.same_world_mint_and_rate' depends on axioms: [propext, Classical.choice, Quot.sound]
info: audit/trio/account-address/Tests/Verity/ReportFeeMintTest.lean:69:0: 'AccountActualMintRegression.mismatched_accounting_rejects' depends on axioms: [propext, Classical.choice, Quot.sound]
info: audit/trio/account-address/Tests/Verity/ReportFeeMintTest.lean:70:0: 'AccountActualMintRegression.zero_fee_skips_mint_auth' depends on axioms: [propext, Classical.choice, Quot.sound]
info: audit/trio/account-address/Tests/Verity/ReportFeeMintTest.lean:71:0: 'AccountActualMintRegression.packed_overflow_restores_router' depends on axioms: [propext, Classical.choice, Quot.sound]
info: audit/trio/account-address/Tests/Verity/ReportFeeMintTest.lean:72:0: 'AccountActualMintRegression.fee_word_overflow_rejects' depends on axioms: [propext, Classical.choice, Quot.sound]
info: audit/trio/account-address/Tests/Verity/ReportFeeMintTest.lean:73:0: 'AccountActualMintRegression.distribution_product_checked' does not depend on any axioms
ℹ [29/29] Replayed Tests.Verity.ReportFeeCheckedSplitTest
info: audit/trio/account-address/Tests/Verity/ReportFeeCheckedSplitTest.lean:67:0: 'AccountCheckedSplitRegression.nontrivial_rounding' does not depend on any axioms
info: audit/trio/account-address/Tests/Verity/ReportFeeCheckedSplitTest.lean:68:0: 'AccountCheckedSplitRegression.zero_row_retains_position' does not depend on any axioms
info: audit/trio/account-address/Tests/Verity/ReportFeeCheckedSplitTest.lean:69:0: 'AccountCheckedSplitRegression.zero_mint_skips_distribution' does not depend on any axioms
info: audit/trio/account-address/Tests/Verity/ReportFeeCheckedSplitTest.lean:70:0: 'AccountCheckedSplitRegression.checked_product_rejects' does not depend on any axioms
info: audit/trio/account-address/Tests/Verity/ReportFeeCheckedSplitTest.lean:71:0: 'AccountCheckedSplitRegression.checked_sum_rejects' does not depend on any axioms
info: audit/trio/account-address/Tests/Verity/ReportFeeCheckedSplitTest.lean:72:0: 'AccountCheckedSplitRegression.checked_treasury_subtraction_rejects' does not depend on any axioms
info: audit/trio/account-address/Tests/Verity/ReportFeeCheckedSplitTest.lean:73:0: 'AccountCheckedSplitRegression.actual_multirow_mint_split' depends on axioms: [propext, Classical.choice, Quot.sound]
info: audit/trio/account-address/Tests/Verity/ReportFeeCheckedSplitTest.lean:74:0: 'AccountCheckedSplitRegression.actual_multirow_joint_consumer' depends on axioms: [propext,
 Classical.choice,
 Quot.sound]
info: audit/trio/account-address/Tests/Verity/ReportFeeCheckedSplitTest.lean:75:0: 'AccountCheckedSplitRegression.actual_zero_skip_retained' depends on axioms: [propext, Classical.choice, Quot.sound]
info: audit/trio/account-address/Tests/Verity/ReportFeeCheckedSplitTest.lean:76:0: 'AccountCheckedSplitRegression.actual_arithmetic_reject_restores' depends on axioms: [propext,
 Classical.choice,
 Quot.sound]
Build completed successfully (29 jobs).
CHECK audit/trio/account-address/FeeDistribution.lean
'AccountAddress.FeeDistribution.success_chain' depends on axioms: [propext]
'AccountAddress.FeeDistribution.success_paid' depends on axioms: [propext, Classical.choice, Quot.sound]
'AccountAddress.FeeDistribution.success_storage' depends on axioms: [propext]
'AccountAddress.FeeDistribution.transfer_success' depends on axioms: [propext, Quot.sound]
'AccountAddress.FeeDistribution.modules_success' depends on axioms: [propext, Quot.sound]
'AccountAddress.FeeDistribution.execute_success' depends on axioms: [propext, Quot.sound]
CHECK audit/trio/account-address/ReportFeeDistribution.lean
'AccountAddress.ReportFeeDistribution.execute_success_ledger' depends on axioms: [propext, Classical.choice, Quot.sound]
'AccountAddress.ReportFeeDistribution.minted_budget' depends on axioms: [propext, Classical.choice, Quot.sound]
'AccountAddress.ReportFeeDistribution.execute_success' depends on axioms: [propext, Classical.choice, Quot.sound]
'AccountAddress.ReportFeeDistribution.failure_restores' depends on axioms: [propext, Classical.choice, Quot.sound]
CHECK LidoSRv3/Audit/Guarantees/PAccount1FeeDistribution.lean
'LidoSRv3.Audit.Guarantees.PAccount1.actual_report_fee_mint_distribution' depends on axioms: [propext,
 Classical.choice,
 Quot.sound]
'LidoSRv3.Audit.Guarantees.PAccount1.actual_report_fee_distribution_failure_restores' depends on axioms: [propext,
 Classical.choice,
 Quot.sound]
CHECK audit/trio/account-address/Tests/Verity/ReportFeeDistributionTest.lean
'AccountFeeDistributionRegression.actual_distribution' depends on axioms: [propext, Classical.choice, Quot.sound]
'AccountFeeDistributionRegression.actual_public_consumer' depends on axioms: [propext, Classical.choice, Quot.sound]
'AccountFeeDistributionRegression.self_and_duplicate_recipients' depends on axioms: [propext,
 Classical.choice,
 Quot.sound]
'AccountFeeDistributionRegression.late_overflow_rolls_back_prior_mint_and_transfer' depends on axioms: [propext,
 Classical.choice,
 Quot.sound]
'AccountFeeDistributionRegression.zero_mint_skips_bad_treasury' depends on axioms: [propext,
 Classical.choice,
 Quot.sound]
'AccountFeeDistributionRegression.zero_treasury_skips_read' depends on axioms: [propext]
'AccountFeeDistributionRegression.guard_order_from_zero_before_stopped' depends on axioms: [propext]
'AccountFeeDistributionRegression.conversion_reject_restores_debit' depends on axioms: [propext]
'AccountFeeDistributionRegression.wrapped_share_rate_after_transfer' depends on axioms: [propext]
PASS: existing prerequisites and four new modules; no registration file edits.
