Compiling 7 files with Solc 0.8.25
Solc 0.8.25 finished in 1.79s
Compiler run successful!

Ran 1 test for audit/ssz-bls-composition/solidity/SszBlsComposition.t.sol:SszBlsCompositionTest
[FAIL: source rejection bytes/order] test_eachBlsCallRejectsBeforeEmptyProof() (gas: 198634)
Traces:
  [198634] SszBlsCompositionTest::test_eachBlsCallRejectsBeforeEmptyProof()
    ├─ [84] PRECOMPILES::sha256(0x069206f1707078bd66eb6931c7dfa8f772d733253b3ece644678fb028ea1b3c0da6923606c6e1c49cd954a874ef22bd000000000000000000000000000000000) [staticcall]
    │   └─ ← [Return] 0xe5e489c9f8ec188daab00b1bb9cc34b2b1ec46b9597fff36e572616b335737fa
    ├─ [84] PRECOMPILES::sha256(0xe5e489c9f8ec188daab00b1bb9cc34b2b1ec46b9597fff36e572616b335737fac70250eec1f7f156cee41473bba551794853f4c727e78773e96f795d0dbd8628) [staticcall]
    │   └─ ← [Return] 0x31154eafd5ab04880586ca5c84be621009419825df3cfbffdece8f731a245195
    ├─ [84] PRECOMPILES::sha256(0x00405973070000000000000000000000000000000000000000000000000000000100000000000000000000000000000000000000000000000000000000000000) [staticcall]
    │   └─ ← [Return] 0x7cae6c78f79f8257b96cf72c5f672d647bfc5dba1e0531e7d4e518f8f28a1567
    ├─ [84] PRECOMPILES::sha256(0x0b000000000000000000000000000000000000000000000000000000000000001600000000000000000000000000000000000000000000000000000000000000) [staticcall]
    │   └─ ← [Return] 0x1ddb6258dd3b29167056de66058d92db9b5f67f01a2fc873675ce418a8a241e1
    ├─ [84] PRECOMPILES::sha256(0x21000000000000000000000000000000000000000000000000000000000000002c00000000000000000000000000000000000000000000000000000000000000) [staticcall]
    │   └─ ← [Return] 0xb4284050481fb4e792096133ed794f9b59bdc28072b31d3c1df6af1b1a5cfc72
    ├─ [84] PRECOMPILES::sha256(0x31154eafd5ab04880586ca5c84be621009419825df3cfbffdece8f731a2451957cae6c78f79f8257b96cf72c5f672d647bfc5dba1e0531e7d4e518f8f28a1567) [staticcall]
    │   └─ ← [Return] 0x57cc069ceb5dfe3bf71a77ea6d5559df3bbff17dd512b47c7377c9e7cdc50c2d
    ├─ [84] PRECOMPILES::sha256(0x1ddb6258dd3b29167056de66058d92db9b5f67f01a2fc873675ce418a8a241e1b4284050481fb4e792096133ed794f9b59bdc28072b31d3c1df6af1b1a5cfc72) [staticcall]
    │   └─ ← [Return] 0xa22befadcd3d72ec7661ede30cb58d8708a19e26ac4e938497c8665e1a11a06c
    ├─ [84] PRECOMPILES::sha256(0x57cc069ceb5dfe3bf71a77ea6d5559df3bbff17dd512b47c7377c9e7cdc50c2da22befadcd3d72ec7661ede30cb58d8708a19e26ac4e938497c8665e1a11a06c) [staticcall]
    │   └─ ← [Return] 0xa3d7992e0583c761440f2fccc618912366087d221af1990ea878ff57a9f9a171
    ├─ [0] VM::mockCall(SHA-256: [0x0000000000000000000000000000000000000002], 0x069206f1707078bd66eb6931c7dfa8f772d733253b3ece644678fb028ea1b3c0da6923606c6e1c49cd954a874ef22bd000000000000000000000000000000000, 0x00000000000000000000000000000000000000000000000000000000000000)
    │   └─ ← [Return]
    ├─ [724] BlsCompositionHarness::verify(ValidatorWitness({ proofValidator: [], pubkey: 0x069206f1707078bd66eb6931c7dfa8f772d733253b3ece644678fb028ea1b3c0da6923606c6e1c49cd954a874ef22bd0, effectiveBalance: 32000000000 [3.2e10], activationEligibilityEpoch: 11, activationEpoch: 22, exitEpoch: 33, withdrawableEpoch: 44, slashed: true }), 0xc70250eec1f7f156cee41473bba551794853f4c727e78773e96f795d0dbd8628, 0x0000000000000000000000000000000000000000000000000000000000000000, 0x0000000000000000000000000000000000000000000000000000000000000201) [staticcall]
    │   ├─ [0] PRECOMPILES::sha256(0x069206f1707078bd66eb6931c7dfa8f772d733253b3ece644678fb028ea1b3c0da6923606c6e1c49cd954a874ef22bd000000000000000000000000000000000) [staticcall]
    │   │   └─ ← [Return] 0x00000000000000000000000000000000000000000000000000000000000000
    │   └─ ← [Revert] Sha256PrecompileFailed()
    ├─ [0] VM::clearMockedCalls()
    │   └─ ← [Return]
    ├─ [0] VM::mockCall(SHA-256: [0x0000000000000000000000000000000000000002], 0x069206f1707078bd66eb6931c7dfa8f772d733253b3ece644678fb028ea1b3c0da6923606c6e1c49cd954a874ef22bd000000000000000000000000000000000, 0x000000000000000000000000000000000000000000000000000000000000000000)
    │   └─ ← [Return]
    ├─ [724] BlsCompositionHarness::verify(ValidatorWitness({ proofValidator: [], pubkey: 0x069206f1707078bd66eb6931c7dfa8f772d733253b3ece644678fb028ea1b3c0da6923606c6e1c49cd954a874ef22bd0, effectiveBalance: 32000000000 [3.2e10], activationEligibilityEpoch: 11, activationEpoch: 22, exitEpoch: 33, withdrawableEpoch: 44, slashed: true }), 0xc70250eec1f7f156cee41473bba551794853f4c727e78773e96f795d0dbd8628, 0x0000000000000000000000000000000000000000000000000000000000000000, 0x0000000000000000000000000000000000000000000000000000000000000201) [staticcall]
    │   ├─ [0] PRECOMPILES::sha256(0x069206f1707078bd66eb6931c7dfa8f772d733253b3ece644678fb028ea1b3c0da6923606c6e1c49cd954a874ef22bd000000000000000000000000000000000) [staticcall]
    │   │   └─ ← [Return] 0x0000000000000000000000000000000000000000000000000000000000000000
    │   └─ ← [Revert] Sha256PrecompileFailed()
    ├─ [0] VM::clearMockedCalls()
    │   └─ ← [Return]
    ├─ [0] VM::mockCallRevert(SHA-256: [0x0000000000000000000000000000000000000002], 0x069206f1707078bd66eb6931c7dfa8f772d733253b3ece644678fb028ea1b3c0da6923606c6e1c49cd954a874ef22bd000000000000000000000000000000000, 0xabcd)
    │   └─ ← [Return]
    ├─ [724] BlsCompositionHarness::verify(ValidatorWitness({ proofValidator: [], pubkey: 0x069206f1707078bd66eb6931c7dfa8f772d733253b3ece644678fb028ea1b3c0da6923606c6e1c49cd954a874ef22bd0, effectiveBalance: 32000000000 [3.2e10], activationEligibilityEpoch: 11, activationEpoch: 22, exitEpoch: 33, withdrawableEpoch: 44, slashed: true }), 0xc70250eec1f7f156cee41473bba551794853f4c727e78773e96f795d0dbd8628, 0x0000000000000000000000000000000000000000000000000000000000000000, 0x0000000000000000000000000000000000000000000000000000000000000201) [staticcall]
    │   ├─ [0] PRECOMPILES::sha256(0x069206f1707078bd66eb6931c7dfa8f772d733253b3ece644678fb028ea1b3c0da6923606c6e1c49cd954a874ef22bd000000000000000000000000000000000) [staticcall]
    │   │   └─ ← [Revert] 0xabcd
    │   └─ ← [Revert] Sha256PrecompileFailed()
    ├─ [0] VM::clearMockedCalls()
    │   └─ ← [Return]
    ├─ [0] VM::mockCall(SHA-256: [0x0000000000000000000000000000000000000002], 0xe5e489c9f8ec188daab00b1bb9cc34b2b1ec46b9597fff36e572616b335737fac70250eec1f7f156cee41473bba551794853f4c727e78773e96f795d0dbd8628, 0x00000000000000000000000000000000000000000000000000000000000000)
    │   └─ ← [Return]
    ├─ [2810] BlsCompositionHarness::verify(ValidatorWitness({ proofValidator: [], pubkey: 0x069206f1707078bd66eb6931c7dfa8f772d733253b3ece644678fb028ea1b3c0da6923606c6e1c49cd954a874ef22bd0, effectiveBalance: 32000000000 [3.2e10], activationEligibilityEpoch: 11, activationEpoch: 22, exitEpoch: 33, withdrawableEpoch: 44, slashed: true }), 0xc70250eec1f7f156cee41473bba551794853f4c727e78773e96f795d0dbd8628, 0x0000000000000000000000000000000000000000000000000000000000000000, 0x0000000000000000000000000000000000000000000000000000000000000201) [staticcall]
    │   ├─ [84] PRECOMPILES::sha256(0x069206f1707078bd66eb6931c7dfa8f772d733253b3ece644678fb028ea1b3c0da6923606c6e1c49cd954a874ef22bd000000000000000000000000000000000) [staticcall]
    │   │   └─ ← [Return] 0xe5e489c9f8ec188daab00b1bb9cc34b2b1ec46b9597fff36e572616b335737fa
    │   ├─ [0] PRECOMPILES::sha256(0xe5e489c9f8ec188daab00b1bb9cc34b2b1ec46b9597fff36e572616b335737fac70250eec1f7f156cee41473bba551794853f4c727e78773e96f795d0dbd8628) [staticcall]
    │   │   └─ ← [Return] 0x00000000000000000000000000000000000000000000000000000000000000
    │   └─ ← [Revert] Sha256PrecompileFailed()
    ├─ [0] VM::clearMockedCalls()
    │   └─ ← [Return]
    ├─ [0] VM::mockCall(SHA-256: [0x0000000000000000000000000000000000000002], 0xe5e489c9f8ec188daab00b1bb9cc34b2b1ec46b9597fff36e572616b335737fac70250eec1f7f156cee41473bba551794853f4c727e78773e96f795d0dbd8628, 0x000000000000000000000000000000000000000000000000000000000000000000)
    │   └─ ← [Return]
    ├─ [2810] BlsCompositionHarness::verify(ValidatorWitness({ proofValidator: [], pubkey: 0x069206f1707078bd66eb6931c7dfa8f772d733253b3ece644678fb028ea1b3c0da6923606c6e1c49cd954a874ef22bd0, effectiveBalance: 32000000000 [3.2e10], activationEligibilityEpoch: 11, activationEpoch: 22, exitEpoch: 33, withdrawableEpoch: 44, slashed: true }), 0xc70250eec1f7f156cee41473bba551794853f4c727e78773e96f795d0dbd8628, 0x0000000000000000000000000000000000000000000000000000000000000000, 0x0000000000000000000000000000000000000000000000000000000000000201) [staticcall]
    │   ├─ [84] PRECOMPILES::sha256(0x069206f1707078bd66eb6931c7dfa8f772d733253b3ece644678fb028ea1b3c0da6923606c6e1c49cd954a874ef22bd000000000000000000000000000000000) [staticcall]
    │   │   └─ ← [Return] 0xe5e489c9f8ec188daab00b1bb9cc34b2b1ec46b9597fff36e572616b335737fa
    │   ├─ [0] PRECOMPILES::sha256(0xe5e489c9f8ec188daab00b1bb9cc34b2b1ec46b9597fff36e572616b335737fac70250eec1f7f156cee41473bba551794853f4c727e78773e96f795d0dbd8628) [staticcall]
    │   │   └─ ← [Return] 0x0000000000000000000000000000000000000000000000000000000000000000
    │   └─ ← [Revert] Sha256PrecompileFailed()
    ├─ [0] VM::clearMockedCalls()
    │   └─ ← [Return]
    ├─ [0] VM::mockCallRevert(SHA-256: [0x0000000000000000000000000000000000000002], 0xe5e489c9f8ec188daab00b1bb9cc34b2b1ec46b9597fff36e572616b335737fac70250eec1f7f156cee41473bba551794853f4c727e78773e96f795d0dbd8628, 0xabcd)
    │   └─ ← [Return]
    ├─ [2810] BlsCompositionHarness::verify(ValidatorWitness({ proofValidator: [], pubkey: 0x069206f1707078bd66eb6931c7dfa8f772d733253b3ece644678fb028ea1b3c0da6923606c6e1c49cd954a874ef22bd0, effectiveBalance: 32000000000 [3.2e10], activationEligibilityEpoch: 11, activationEpoch: 22, exitEpoch: 33, withdrawableEpoch: 44, slashed: true }), 0xc70250eec1f7f156cee41473bba551794853f4c727e78773e96f795d0dbd8628, 0x0000000000000000000000000000000000000000000000000000000000000000, 0x0000000000000000000000000000000000000000000000000000000000000201) [staticcall]
    │   ├─ [84] PRECOMPILES::sha256(0x069206f1707078bd66eb6931c7dfa8f772d733253b3ece644678fb028ea1b3c0da6923606c6e1c49cd954a874ef22bd000000000000000000000000000000000) [staticcall]
    │   │   └─ ← [Return] 0xe5e489c9f8ec188daab00b1bb9cc34b2b1ec46b9597fff36e572616b335737fa
    │   ├─ [0] PRECOMPILES::sha256(0xe5e489c9f8ec188daab00b1bb9cc34b2b1ec46b9597fff36e572616b335737fac70250eec1f7f156cee41473bba551794853f4c727e78773e96f795d0dbd8628) [staticcall]
    │   │   └─ ← [Revert] 0xabcd
    │   └─ ← [Revert] Sha256PrecompileFailed()
    ├─ [0] VM::clearMockedCalls()
    │   └─ ← [Return]
    ├─ [0] VM::mockCall(SHA-256: [0x0000000000000000000000000000000000000002], 0x00405973070000000000000000000000000000000000000000000000000000000100000000000000000000000000000000000000000000000000000000000000, 0x00000000000000000000000000000000000000000000000000000000000000)
    │   └─ ← [Return]
    ├─ [3095] BlsCompositionHarness::verify(ValidatorWitness({ proofValidator: [], pubkey: 0x069206f1707078bd66eb6931c7dfa8f772d733253b3ece644678fb028ea1b3c0da6923606c6e1c49cd954a874ef22bd0, effectiveBalance: 32000000000 [3.2e10], activationEligibilityEpoch: 11, activationEpoch: 22, exitEpoch: 33, withdrawableEpoch: 44, slashed: true }), 0xc70250eec1f7f156cee41473bba551794853f4c727e78773e96f795d0dbd8628, 0x0000000000000000000000000000000000000000000000000000000000000000, 0x0000000000000000000000000000000000000000000000000000000000000201) [staticcall]
    │   ├─ [84] PRECOMPILES::sha256(0x069206f1707078bd66eb6931c7dfa8f772d733253b3ece644678fb028ea1b3c0da6923606c6e1c49cd954a874ef22bd000000000000000000000000000000000) [staticcall]
    │   │   └─ ← [Return] 0xe5e489c9f8ec188daab00b1bb9cc34b2b1ec46b9597fff36e572616b335737fa
    │   ├─ [84] PRECOMPILES::sha256(0xe5e489c9f8ec188daab00b1bb9cc34b2b1ec46b9597fff36e572616b335737fac70250eec1f7f156cee41473bba551794853f4c727e78773e96f795d0dbd8628) [staticcall]
    │   │   └─ ← [Return] 0x31154eafd5ab04880586ca5c84be621009419825df3cfbffdece8f731a245195
    │   ├─ [0] PRECOMPILES::sha256(0x00405973070000000000000000000000000000000000000000000000000000000100000000000000000000000000000000000000000000000000000000000000) [staticcall]
    │   │   └─ ← [Return] 0x00000000000000000000000000000000000000000000000000000000000000
    │   └─ ← [Revert] Sha256PrecompileFailed()
    ├─ [0] VM::clearMockedCalls()
    │   └─ ← [Return]
    ├─ [0] VM::mockCall(SHA-256: [0x0000000000000000000000000000000000000002], 0x00405973070000000000000000000000000000000000000000000000000000000100000000000000000000000000000000000000000000000000000000000000, 0x000000000000000000000000000000000000000000000000000000000000000000)
    │   └─ ← [Return]
    ├─ [3095] BlsCompositionHarness::verify(ValidatorWitness({ proofValidator: [], pubkey: 0x069206f1707078bd66eb6931c7dfa8f772d733253b3ece644678fb028ea1b3c0da6923606c6e1c49cd954a874ef22bd0, effectiveBalance: 32000000000 [3.2e10], activationEligibilityEpoch: 11, activationEpoch: 22, exitEpoch: 33, withdrawableEpoch: 44, slashed: true }), 0xc70250eec1f7f156cee41473bba551794853f4c727e78773e96f795d0dbd8628, 0x0000000000000000000000000000000000000000000000000000000000000000, 0x0000000000000000000000000000000000000000000000000000000000000201) [staticcall]
    │   ├─ [84] PRECOMPILES::sha256(0x069206f1707078bd66eb6931c7dfa8f772d733253b3ece644678fb028ea1b3c0da6923606c6e1c49cd954a874ef22bd000000000000000000000000000000000) [staticcall]
    │   │   └─ ← [Return] 0xe5e489c9f8ec188daab00b1bb9cc34b2b1ec46b9597fff36e572616b335737fa
    │   ├─ [84] PRECOMPILES::sha256(0xe5e489c9f8ec188daab00b1bb9cc34b2b1ec46b9597fff36e572616b335737fac70250eec1f7f156cee41473bba551794853f4c727e78773e96f795d0dbd8628) [staticcall]
    │   │   └─ ← [Return] 0x31154eafd5ab04880586ca5c84be621009419825df3cfbffdece8f731a245195
    │   ├─ [0] PRECOMPILES::sha256(0x00405973070000000000000000000000000000000000000000000000000000000100000000000000000000000000000000000000000000000000000000000000) [staticcall]
    │   │   └─ ← [Return] 0x0000000000000000000000000000000000000000000000000000000000000000
    │   └─ ← [Revert] Sha256PrecompileFailed()
    ├─ [0] VM::clearMockedCalls()
    │   └─ ← [Return]
    ├─ [0] VM::mockCallRevert(SHA-256: [0x0000000000000000000000000000000000000002], 0x00405973070000000000000000000000000000000000000000000000000000000100000000000000000000000000000000000000000000000000000000000000, 0xabcd)
    │   └─ ← [Return]
    ├─ [3095] BlsCompositionHarness::verify(ValidatorWitness({ proofValidator: [], pubkey: 0x069206f1707078bd66eb6931c7dfa8f772d733253b3ece644678fb028ea1b3c0da6923606c6e1c49cd954a874ef22bd0, effectiveBalance: 32000000000 [3.2e10], activationEligibilityEpoch: 11, activationEpoch: 22, exitEpoch: 33, withdrawableEpoch: 44, slashed: true }), 0xc70250eec1f7f156cee41473bba551794853f4c727e78773e96f795d0dbd8628, 0x0000000000000000000000000000000000000000000000000000000000000000, 0x0000000000000000000000000000000000000000000000000000000000000201) [staticcall]
    │   ├─ [84] PRECOMPILES::sha256(0x069206f1707078bd66eb6931c7dfa8f772d733253b3ece644678fb028ea1b3c0da6923606c6e1c49cd954a874ef22bd000000000000000000000000000000000) [staticcall]
    │   │   └─ ← [Return] 0xe5e489c9f8ec188daab00b1bb9cc34b2b1ec46b9597fff36e572616b335737fa
    │   ├─ [84] PRECOMPILES::sha256(0xe5e489c9f8ec188daab00b1bb9cc34b2b1ec46b9597fff36e572616b335737fac70250eec1f7f156cee41473bba551794853f4c727e78773e96f795d0dbd8628) [staticcall]
    │   │   └─ ← [Return] 0x31154eafd5ab04880586ca5c84be621009419825df3cfbffdece8f731a245195
    │   ├─ [0] PRECOMPILES::sha256(0x00405973070000000000000000000000000000000000000000000000000000000100000000000000000000000000000000000000000000000000000000000000) [staticcall]
    │   │   └─ ← [Revert] 0xabcd
    │   └─ ← [Revert] Sha256PrecompileFailed()
    ├─ [0] VM::clearMockedCalls()
    │   └─ ← [Return]
    ├─ [0] VM::mockCall(SHA-256: [0x0000000000000000000000000000000000000002], 0x0b000000000000000000000000000000000000000000000000000000000000001600000000000000000000000000000000000000000000000000000000000000, 0x00000000000000000000000000000000000000000000000000000000000000)
    │   └─ ← [Return]
    ├─ [3395] BlsCompositionHarness::verify(ValidatorWitness({ proofValidator: [], pubkey: 0x069206f1707078bd66eb6931c7dfa8f772d733253b3ece644678fb028ea1b3c0da6923606c6e1c49cd954a874ef22bd0, effectiveBalance: 32000000000 [3.2e10], activationEligibilityEpoch: 11, activationEpoch: 22, exitEpoch: 33, withdrawableEpoch: 44, slashed: true }), 0xc70250eec1f7f156cee41473bba551794853f4c727e78773e96f795d0dbd8628, 0x0000000000000000000000000000000000000000000000000000000000000000, 0x0000000000000000000000000000000000000000000000000000000000000201) [staticcall]
    │   ├─ [84] PRECOMPILES::sha256(0x069206f1707078bd66eb6931c7dfa8f772d733253b3ece644678fb028ea1b3c0da6923606c6e1c49cd954a874ef22bd000000000000000000000000000000000) [staticcall]
    │   │   └─ ← [Return] 0xe5e489c9f8ec188daab00b1bb9cc34b2b1ec46b9597fff36e572616b335737fa
    │   ├─ [84] PRECOMPILES::sha256(0xe5e489c9f8ec188daab00b1bb9cc34b2b1ec46b9597fff36e572616b335737fac70250eec1f7f156cee41473bba551794853f4c727e78773e96f795d0dbd8628) [staticcall]
    │   │   └─ ← [Return] 0x31154eafd5ab04880586ca5c84be621009419825df3cfbffdece8f731a245195
    │   ├─ [84] PRECOMPILES::sha256(0x00405973070000000000000000000000000000000000000000000000000000000100000000000000000000000000000000000000000000000000000000000000) [staticcall]
    │   │   └─ ← [Return] 0x7cae6c78f79f8257b96cf72c5f672d647bfc5dba1e0531e7d4e518f8f28a1567
    │   ├─ [0] PRECOMPILES::sha256(0x0b000000000000000000000000000000000000000000000000000000000000001600000000000000000000000000000000000000000000000000000000000000) [staticcall]
    │   │   └─ ← [Return] 0x00000000000000000000000000000000000000000000000000000000000000
    │   └─ ← [Revert] Sha256PrecompileFailed()
    ├─ [0] VM::clearMockedCalls()
    │   └─ ← [Return]
    ├─ [0] VM::mockCall(SHA-256: [0x0000000000000000000000000000000000000002], 0x0b000000000000000000000000000000000000000000000000000000000000001600000000000000000000000000000000000000000000000000000000000000, 0x000000000000000000000000000000000000000000000000000000000000000000)
    │   └─ ← [Return]
    ├─ [3395] BlsCompositionHarness::verify(ValidatorWitness({ proofValidator: [], pubkey: 0x069206f1707078bd66eb6931c7dfa8f772d733253b3ece644678fb028ea1b3c0da6923606c6e1c49cd954a874ef22bd0, effectiveBalance: 32000000000 [3.2e10], activationEligibilityEpoch: 11, activationEpoch: 22, exitEpoch: 33, withdrawableEpoch: 44, slashed: true }), 0xc70250eec1f7f156cee41473bba551794853f4c727e78773e96f795d0dbd8628, 0x0000000000000000000000000000000000000000000000000000000000000000, 0x0000000000000000000000000000000000000000000000000000000000000201) [staticcall]
    │   ├─ [84] PRECOMPILES::sha256(0x069206f1707078bd66eb6931c7dfa8f772d733253b3ece644678fb028ea1b3c0da6923606c6e1c49cd954a874ef22bd000000000000000000000000000000000) [staticcall]
    │   │   └─ ← [Return] 0xe5e489c9f8ec188daab00b1bb9cc34b2b1ec46b9597fff36e572616b335737fa
    │   ├─ [84] PRECOMPILES::sha256(0xe5e489c9f8ec188daab00b1bb9cc34b2b1ec46b9597fff36e572616b335737fac70250eec1f7f156cee41473bba551794853f4c727e78773e96f795d0dbd8628) [staticcall]
    │   │   └─ ← [Return] 0x31154eafd5ab04880586ca5c84be621009419825df3cfbffdece8f731a245195
    │   ├─ [84] PRECOMPILES::sha256(0x00405973070000000000000000000000000000000000000000000000000000000100000000000000000000000000000000000000000000000000000000000000) [staticcall]
    │   │   └─ ← [Return] 0x7cae6c78f79f8257b96cf72c5f672d647bfc5dba1e0531e7d4e518f8f28a1567
    │   ├─ [0] PRECOMPILES::sha256(0x0b000000000000000000000000000000000000000000000000000000000000001600000000000000000000000000000000000000000000000000000000000000) [staticcall]
    │   │   └─ ← [Return] 0x0000000000000000000000000000000000000000000000000000000000000000
    │   └─ ← [Revert] Sha256PrecompileFailed()
    ├─ [0] VM::clearMockedCalls()
    │   └─ ← [Return]
    ├─ [0] VM::mockCallRevert(SHA-256: [0x0000000000000000000000000000000000000002], 0x0b000000000000000000000000000000000000000000000000000000000000001600000000000000000000000000000000000000000000000000000000000000, 0xabcd)
    │   └─ ← [Return]
    ├─ [3395] BlsCompositionHarness::verify(ValidatorWitness({ proofValidator: [], pubkey: 0x069206f1707078bd66eb6931c7dfa8f772d733253b3ece644678fb028ea1b3c0da6923606c6e1c49cd954a874ef22bd0, effectiveBalance: 32000000000 [3.2e10], activationEligibilityEpoch: 11, activationEpoch: 22, exitEpoch: 33, withdrawableEpoch: 44, slashed: true }), 0xc70250eec1f7f156cee41473bba551794853f4c727e78773e96f795d0dbd8628, 0x0000000000000000000000000000000000000000000000000000000000000000, 0x0000000000000000000000000000000000000000000000000000000000000201) [staticcall]
    │   ├─ [84] PRECOMPILES::sha256(0x069206f1707078bd66eb6931c7dfa8f772d733253b3ece644678fb028ea1b3c0da6923606c6e1c49cd954a874ef22bd000000000000000000000000000000000) [staticcall]
    │   │   └─ ← [Return] 0xe5e489c9f8ec188daab00b1bb9cc34b2b1ec46b9597fff36e572616b335737fa
    │   ├─ [84] PRECOMPILES::sha256(0xe5e489c9f8ec188daab00b1bb9cc34b2b1ec46b9597fff36e572616b335737fac70250eec1f7f156cee41473bba551794853f4c727e78773e96f795d0dbd8628) [staticcall]
    │   │   └─ ← [Return] 0x31154eafd5ab04880586ca5c84be621009419825df3cfbffdece8f731a245195
    │   ├─ [84] PRECOMPILES::sha256(0x00405973070000000000000000000000000000000000000000000000000000000100000000000000000000000000000000000000000000000000000000000000) [staticcall]
    │   │   └─ ← [Return] 0x7cae6c78f79f8257b96cf72c5f672d647bfc5dba1e0531e7d4e518f8f28a1567
    │   ├─ [0] PRECOMPILES::sha256(0x0b000000000000000000000000000000000000000000000000000000000000001600000000000000000000000000000000000000000000000000000000000000) [staticcall]
    │   │   └─ ← [Revert] 0xabcd
    │   └─ ← [Revert] Sha256PrecompileFailed()
    ├─ [0] VM::clearMockedCalls()
    │   └─ ← [Return]
    ├─ [0] VM::mockCall(SHA-256: [0x0000000000000000000000000000000000000002], 0x21000000000000000000000000000000000000000000000000000000000000002c00000000000000000000000000000000000000000000000000000000000000, 0x00000000000000000000000000000000000000000000000000000000000000)
    │   └─ ← [Return]
    ├─ [3695] BlsCompositionHarness::verify(ValidatorWitness({ proofValidator: [], pubkey: 0x069206f1707078bd66eb6931c7dfa8f772d733253b3ece644678fb028ea1b3c0da6923606c6e1c49cd954a874ef22bd0, effectiveBalance: 32000000000 [3.2e10], activationEligibilityEpoch: 11, activationEpoch: 22, exitEpoch: 33, withdrawableEpoch: 44, slashed: true }), 0xc70250eec1f7f156cee41473bba551794853f4c727e78773e96f795d0dbd8628, 0x0000000000000000000000000000000000000000000000000000000000000000, 0x0000000000000000000000000000000000000000000000000000000000000201) [staticcall]
    │   ├─ [84] PRECOMPILES::sha256(0x069206f1707078bd66eb6931c7dfa8f772d733253b3ece644678fb028ea1b3c0da6923606c6e1c49cd954a874ef22bd000000000000000000000000000000000) [staticcall]
    │   │   └─ ← [Return] 0xe5e489c9f8ec188daab00b1bb9cc34b2b1ec46b9597fff36e572616b335737fa
    │   ├─ [84] PRECOMPILES::sha256(0xe5e489c9f8ec188daab00b1bb9cc34b2b1ec46b9597fff36e572616b335737fac70250eec1f7f156cee41473bba551794853f4c727e78773e96f795d0dbd8628) [staticcall]
    │   │   └─ ← [Return] 0x31154eafd5ab04880586ca5c84be621009419825df3cfbffdece8f731a245195
    │   ├─ [84] PRECOMPILES::sha256(0x00405973070000000000000000000000000000000000000000000000000000000100000000000000000000000000000000000000000000000000000000000000) [staticcall]
    │   │   └─ ← [Return] 0x7cae6c78f79f8257b96cf72c5f672d647bfc5dba1e0531e7d4e518f8f28a1567
    │   ├─ [84] PRECOMPILES::sha256(0x0b000000000000000000000000000000000000000000000000000000000000001600000000000000000000000000000000000000000000000000000000000000) [staticcall]
    │   │   └─ ← [Return] 0x1ddb6258dd3b29167056de66058d92db9b5f67f01a2fc873675ce418a8a241e1
    │   ├─ [0] PRECOMPILES::sha256(0x21000000000000000000000000000000000000000000000000000000000000002c00000000000000000000000000000000000000000000000000000000000000) [staticcall]
    │   │   └─ ← [Return] 0x00000000000000000000000000000000000000000000000000000000000000
    │   └─ ← [Revert] Sha256PrecompileFailed()
    ├─ [0] VM::clearMockedCalls()
    │   └─ ← [Return]
    ├─ [0] VM::mockCall(SHA-256: [0x0000000000000000000000000000000000000002], 0x21000000000000000000000000000000000000000000000000000000000000002c00000000000000000000000000000000000000000000000000000000000000, 0x000000000000000000000000000000000000000000000000000000000000000000)
    │   └─ ← [Return]
    ├─ [3695] BlsCompositionHarness::verify(ValidatorWitness({ proofValidator: [], pubkey: 0x069206f1707078bd66eb6931c7dfa8f772d733253b3ece644678fb028ea1b3c0da6923606c6e1c49cd954a874ef22bd0, effectiveBalance: 32000000000 [3.2e10], activationEligibilityEpoch: 11, activationEpoch: 22, exitEpoch: 33, withdrawableEpoch: 44, slashed: true }), 0xc70250eec1f7f156cee41473bba551794853f4c727e78773e96f795d0dbd8628, 0x0000000000000000000000000000000000000000000000000000000000000000, 0x0000000000000000000000000000000000000000000000000000000000000201) [staticcall]
    │   ├─ [84] PRECOMPILES::sha256(0x069206f1707078bd66eb6931c7dfa8f772d733253b3ece644678fb028ea1b3c0da6923606c6e1c49cd954a874ef22bd000000000000000000000000000000000) [staticcall]
    │   │   └─ ← [Return] 0xe5e489c9f8ec188daab00b1bb9cc34b2b1ec46b9597fff36e572616b335737fa
    │   ├─ [84] PRECOMPILES::sha256(0xe5e489c9f8ec188daab00b1bb9cc34b2b1ec46b9597fff36e572616b335737fac70250eec1f7f156cee41473bba551794853f4c727e78773e96f795d0dbd8628) [staticcall]
    │   │   └─ ← [Return] 0x31154eafd5ab04880586ca5c84be621009419825df3cfbffdece8f731a245195
    │   ├─ [84] PRECOMPILES::sha256(0x00405973070000000000000000000000000000000000000000000000000000000100000000000000000000000000000000000000000000000000000000000000) [staticcall]
    │   │   └─ ← [Return] 0x7cae6c78f79f8257b96cf72c5f672d647bfc5dba1e0531e7d4e518f8f28a1567
    │   ├─ [84] PRECOMPILES::sha256(0x0b000000000000000000000000000000000000000000000000000000000000001600000000000000000000000000000000000000000000000000000000000000) [staticcall]
    │   │   └─ ← [Return] 0x1ddb6258dd3b29167056de66058d92db9b5f67f01a2fc873675ce418a8a241e1
    │   ├─ [0] PRECOMPILES::sha256(0x21000000000000000000000000000000000000000000000000000000000000002c00000000000000000000000000000000000000000000000000000000000000) [staticcall]
    │   │   └─ ← [Return] 0x0000000000000000000000000000000000000000000000000000000000000000
    │   └─ ← [Revert] Sha256PrecompileFailed()
    ├─ [0] VM::clearMockedCalls()
    │   └─ ← [Return]
    ├─ [0] VM::mockCallRevert(SHA-256: [0x0000000000000000000000000000000000000002], 0x21000000000000000000000000000000000000000000000000000000000000002c00000000000000000000000000000000000000000000000000000000000000, 0xabcd)
    │   └─ ← [Return]
    ├─ [3695] BlsCompositionHarness::verify(ValidatorWitness({ proofValidator: [], pubkey: 0x069206f1707078bd66eb6931c7dfa8f772d733253b3ece644678fb028ea1b3c0da6923606c6e1c49cd954a874ef22bd0, effectiveBalance: 32000000000 [3.2e10], activationEligibilityEpoch: 11, activationEpoch: 22, exitEpoch: 33, withdrawableEpoch: 44, slashed: true }), 0xc70250eec1f7f156cee41473bba551794853f4c727e78773e96f795d0dbd8628, 0x0000000000000000000000000000000000000000000000000000000000000000, 0x0000000000000000000000000000000000000000000000000000000000000201) [staticcall]
    │   ├─ [84] PRECOMPILES::sha256(0x069206f1707078bd66eb6931c7dfa8f772d733253b3ece644678fb028ea1b3c0da6923606c6e1c49cd954a874ef22bd000000000000000000000000000000000) [staticcall]
    │   │   └─ ← [Return] 0xe5e489c9f8ec188daab00b1bb9cc34b2b1ec46b9597fff36e572616b335737fa
    │   ├─ [84] PRECOMPILES::sha256(0xe5e489c9f8ec188daab00b1bb9cc34b2b1ec46b9597fff36e572616b335737fac70250eec1f7f156cee41473bba551794853f4c727e78773e96f795d0dbd8628) [staticcall]
    │   │   └─ ← [Return] 0x31154eafd5ab04880586ca5c84be621009419825df3cfbffdece8f731a245195
    │   ├─ [84] PRECOMPILES::sha256(0x00405973070000000000000000000000000000000000000000000000000000000100000000000000000000000000000000000000000000000000000000000000) [staticcall]
    │   │   └─ ← [Return] 0x7cae6c78f79f8257b96cf72c5f672d647bfc5dba1e0531e7d4e518f8f28a1567
    │   ├─ [84] PRECOMPILES::sha256(0x0b000000000000000000000000000000000000000000000000000000000000001600000000000000000000000000000000000000000000000000000000000000) [staticcall]
    │   │   └─ ← [Return] 0x1ddb6258dd3b29167056de66058d92db9b5f67f01a2fc873675ce418a8a241e1
    │   ├─ [0] PRECOMPILES::sha256(0x21000000000000000000000000000000000000000000000000000000000000002c00000000000000000000000000000000000000000000000000000000000000) [staticcall]
    │   │   └─ ← [Revert] 0xabcd
    │   └─ ← [Revert] Sha256PrecompileFailed()
    ├─ [0] VM::clearMockedCalls()
    │   └─ ← [Return]
    ├─ [0] VM::mockCall(SHA-256: [0x0000000000000000000000000000000000000002], 0x31154eafd5ab04880586ca5c84be621009419825df3cfbffdece8f731a2451957cae6c78f79f8257b96cf72c5f672d647bfc5dba1e0531e7d4e518f8f28a1567, 0x00000000000000000000000000000000000000000000000000000000000000)
    │   └─ ← [Return]
    ├─ [4103] BlsCompositionHarness::verify(ValidatorWitness({ proofValidator: [], pubkey: 0x069206f1707078bd66eb6931c7dfa8f772d733253b3ece644678fb028ea1b3c0da6923606c6e1c49cd954a874ef22bd0, effectiveBalance: 32000000000 [3.2e10], activationEligibilityEpoch: 11, activationEpoch: 22, exitEpoch: 33, withdrawableEpoch: 44, slashed: true }), 0xc70250eec1f7f156cee41473bba551794853f4c727e78773e96f795d0dbd8628, 0x0000000000000000000000000000000000000000000000000000000000000000, 0x0000000000000000000000000000000000000000000000000000000000000201) [staticcall]
    │   ├─ [84] PRECOMPILES::sha256(0x069206f1707078bd66eb6931c7dfa8f772d733253b3ece644678fb028ea1b3c0da6923606c6e1c49cd954a874ef22bd000000000000000000000000000000000) [staticcall]
    │   │   └─ ← [Return] 0xe5e489c9f8ec188daab00b1bb9cc34b2b1ec46b9597fff36e572616b335737fa
    │   ├─ [84] PRECOMPILES::sha256(0xe5e489c9f8ec188daab00b1bb9cc34b2b1ec46b9597fff36e572616b335737fac70250eec1f7f156cee41473bba551794853f4c727e78773e96f795d0dbd8628) [staticcall]
    │   │   └─ ← [Return] 0x31154eafd5ab04880586ca5c84be621009419825df3cfbffdece8f731a245195
    │   ├─ [84] PRECOMPILES::sha256(0x00405973070000000000000000000000000000000000000000000000000000000100000000000000000000000000000000000000000000000000000000000000) [staticcall]
    │   │   └─ ← [Return] 0x7cae6c78f79f8257b96cf72c5f672d647bfc5dba1e0531e7d4e518f8f28a1567
    │   ├─ [84] PRECOMPILES::sha256(0x0b000000000000000000000000000000000000000000000000000000000000001600000000000000000000000000000000000000000000000000000000000000) [staticcall]
    │   │   └─ ← [Return] 0x1ddb6258dd3b29167056de66058d92db9b5f67f01a2fc873675ce418a8a241e1
    │   ├─ [84] PRECOMPILES::sha256(0x21000000000000000000000000000000000000000000000000000000000000002c00000000000000000000000000000000000000000000000000000000000000) [staticcall]
    │   │   └─ ← [Return] 0xb4284050481fb4e792096133ed794f9b59bdc28072b31d3c1df6af1b1a5cfc72
    │   ├─ [0] PRECOMPILES::sha256(0x31154eafd5ab04880586ca5c84be621009419825df3cfbffdece8f731a2451957cae6c78f79f8257b96cf72c5f672d647bfc5dba1e0531e7d4e518f8f28a1567) [staticcall]
    │   │   └─ ← [Return] 0x00000000000000000000000000000000000000000000000000000000000000
    │   └─ ← [Revert] Sha256PrecompileFailed()
    ├─ [0] VM::clearMockedCalls()
    │   └─ ← [Return]
    ├─ [0] VM::mockCall(SHA-256: [0x0000000000000000000000000000000000000002], 0x31154eafd5ab04880586ca5c84be621009419825df3cfbffdece8f731a2451957cae6c78f79f8257b96cf72c5f672d647bfc5dba1e0531e7d4e518f8f28a1567, 0x000000000000000000000000000000000000000000000000000000000000000000)
    │   └─ ← [Return]
    ├─ [4103] BlsCompositionHarness::verify(ValidatorWitness({ proofValidator: [], pubkey: 0x069206f1707078bd66eb6931c7dfa8f772d733253b3ece644678fb028ea1b3c0da6923606c6e1c49cd954a874ef22bd0, effectiveBalance: 32000000000 [3.2e10], activationEligibilityEpoch: 11, activationEpoch: 22, exitEpoch: 33, withdrawableEpoch: 44, slashed: true }), 0xc70250eec1f7f156cee41473bba551794853f4c727e78773e96f795d0dbd8628, 0x0000000000000000000000000000000000000000000000000000000000000000, 0x0000000000000000000000000000000000000000000000000000000000000201) [staticcall]
    │   ├─ [84] PRECOMPILES::sha256(0x069206f1707078bd66eb6931c7dfa8f772d733253b3ece644678fb028ea1b3c0da6923606c6e1c49cd954a874ef22bd000000000000000000000000000000000) [staticcall]
    │   │   └─ ← [Return] 0xe5e489c9f8ec188daab00b1bb9cc34b2b1ec46b9597fff36e572616b335737fa
    │   ├─ [84] PRECOMPILES::sha256(0xe5e489c9f8ec188daab00b1bb9cc34b2b1ec46b9597fff36e572616b335737fac70250eec1f7f156cee41473bba551794853f4c727e78773e96f795d0dbd8628) [staticcall]
    │   │   └─ ← [Return] 0x31154eafd5ab04880586ca5c84be621009419825df3cfbffdece8f731a245195
    │   ├─ [84] PRECOMPILES::sha256(0x00405973070000000000000000000000000000000000000000000000000000000100000000000000000000000000000000000000000000000000000000000000) [staticcall]
    │   │   └─ ← [Return] 0x7cae6c78f79f8257b96cf72c5f672d647bfc5dba1e0531e7d4e518f8f28a1567
    │   ├─ [84] PRECOMPILES::sha256(0x0b000000000000000000000000000000000000000000000000000000000000001600000000000000000000000000000000000000000000000000000000000000) [staticcall]
    │   │   └─ ← [Return] 0x1ddb6258dd3b29167056de66058d92db9b5f67f01a2fc873675ce418a8a241e1
    │   ├─ [84] PRECOMPILES::sha256(0x21000000000000000000000000000000000000000000000000000000000000002c00000000000000000000000000000000000000000000000000000000000000) [staticcall]
    │   │   └─ ← [Return] 0xb4284050481fb4e792096133ed794f9b59bdc28072b31d3c1df6af1b1a5cfc72
    │   ├─ [0] PRECOMPILES::sha256(0x31154eafd5ab04880586ca5c84be621009419825df3cfbffdece8f731a2451957cae6c78f79f8257b96cf72c5f672d647bfc5dba1e0531e7d4e518f8f28a1567) [staticcall]
    │   │   └─ ← [Return] 0x0000000000000000000000000000000000000000000000000000000000000000
    │   └─ ← [Revert] Sha256PrecompileFailed()
    ├─ [0] VM::clearMockedCalls()
    │   └─ ← [Return]
    ├─ [0] VM::mockCallRevert(SHA-256: [0x0000000000000000000000000000000000000002], 0x31154eafd5ab04880586ca5c84be621009419825df3cfbffdece8f731a2451957cae6c78f79f8257b96cf72c5f672d647bfc5dba1e0531e7d4e518f8f28a1567, 0xabcd)
    │   └─ ← [Return]
    ├─ [4103] BlsCompositionHarness::verify(ValidatorWitness({ proofValidator: [], pubkey: 0x069206f1707078bd66eb6931c7dfa8f772d733253b3ece644678fb028ea1b3c0da6923606c6e1c49cd954a874ef22bd0, effectiveBalance: 32000000000 [3.2e10], activationEligibilityEpoch: 11, activationEpoch: 22, exitEpoch: 33, withdrawableEpoch: 44, slashed: true }), 0xc70250eec1f7f156cee41473bba551794853f4c727e78773e96f795d0dbd8628, 0x0000000000000000000000000000000000000000000000000000000000000000, 0x0000000000000000000000000000000000000000000000000000000000000201) [staticcall]
    │   ├─ [84] PRECOMPILES::sha256(0x069206f1707078bd66eb6931c7dfa8f772d733253b3ece644678fb028ea1b3c0da6923606c6e1c49cd954a874ef22bd000000000000000000000000000000000) [staticcall]
    │   │   └─ ← [Return] 0xe5e489c9f8ec188daab00b1bb9cc34b2b1ec46b9597fff36e572616b335737fa
    │   ├─ [84] PRECOMPILES::sha256(0xe5e489c9f8ec188daab00b1bb9cc34b2b1ec46b9597fff36e572616b335737fac70250eec1f7f156cee41473bba551794853f4c727e78773e96f795d0dbd8628) [staticcall]
    │   │   └─ ← [Return] 0x31154eafd5ab04880586ca5c84be621009419825df3cfbffdece8f731a245195
    │   ├─ [84] PRECOMPILES::sha256(0x00405973070000000000000000000000000000000000000000000000000000000100000000000000000000000000000000000000000000000000000000000000) [staticcall]
    │   │   └─ ← [Return] 0x7cae6c78f79f8257b96cf72c5f672d647bfc5dba1e0531e7d4e518f8f28a1567
    │   ├─ [84] PRECOMPILES::sha256(0x0b000000000000000000000000000000000000000000000000000000000000001600000000000000000000000000000000000000000000000000000000000000) [staticcall]
    │   │   └─ ← [Return] 0x1ddb6258dd3b29167056de66058d92db9b5f67f01a2fc873675ce418a8a241e1
    │   ├─ [84] PRECOMPILES::sha256(0x21000000000000000000000000000000000000000000000000000000000000002c00000000000000000000000000000000000000000000000000000000000000) [staticcall]
    │   │   └─ ← [Return] 0xb4284050481fb4e792096133ed794f9b59bdc28072b31d3c1df6af1b1a5cfc72
    │   ├─ [0] PRECOMPILES::sha256(0x31154eafd5ab04880586ca5c84be621009419825df3cfbffdece8f731a2451957cae6c78f79f8257b96cf72c5f672d647bfc5dba1e0531e7d4e518f8f28a1567) [staticcall]
    │   │   └─ ← [Revert] 0xabcd
    │   └─ ← [Revert] Sha256PrecompileFailed()
    ├─ [0] VM::clearMockedCalls()
    │   └─ ← [Return]
    ├─ [0] VM::mockCall(SHA-256: [0x0000000000000000000000000000000000000002], 0x1ddb6258dd3b29167056de66058d92db9b5f67f01a2fc873675ce418a8a241e1b4284050481fb4e792096133ed794f9b59bdc28072b31d3c1df6af1b1a5cfc72, 0x00000000000000000000000000000000000000000000000000000000000000)
    │   └─ ← [Return]
    ├─ [4388] BlsCompositionHarness::verify(ValidatorWitness({ proofValidator: [], pubkey: 0x069206f1707078bd66eb6931c7dfa8f772d733253b3ece644678fb028ea1b3c0da6923606c6e1c49cd954a874ef22bd0, effectiveBalance: 32000000000 [3.2e10], activationEligibilityEpoch: 11, activationEpoch: 22, exitEpoch: 33, withdrawableEpoch: 44, slashed: true }), 0xc70250eec1f7f156cee41473bba551794853f4c727e78773e96f795d0dbd8628, 0x0000000000000000000000000000000000000000000000000000000000000000, 0x0000000000000000000000000000000000000000000000000000000000000201) [staticcall]
    │   ├─ [84] PRECOMPILES::sha256(0x069206f1707078bd66eb6931c7dfa8f772d733253b3ece644678fb028ea1b3c0da6923606c6e1c49cd954a874ef22bd000000000000000000000000000000000) [staticcall]
    │   │   └─ ← [Return] 0xe5e489c9f8ec188daab00b1bb9cc34b2b1ec46b9597fff36e572616b335737fa
    │   ├─ [84] PRECOMPILES::sha256(0xe5e489c9f8ec188daab00b1bb9cc34b2b1ec46b9597fff36e572616b335737fac70250eec1f7f156cee41473bba551794853f4c727e78773e96f795d0dbd8628) [staticcall]
    │   │   └─ ← [Return] 0x31154eafd5ab04880586ca5c84be621009419825df3cfbffdece8f731a245195
    │   ├─ [84] PRECOMPILES::sha256(0x00405973070000000000000000000000000000000000000000000000000000000100000000000000000000000000000000000000000000000000000000000000) [staticcall]
    │   │   └─ ← [Return] 0x7cae6c78f79f8257b96cf72c5f672d647bfc5dba1e0531e7d4e518f8f28a1567
    │   ├─ [84] PRECOMPILES::sha256(0x0b000000000000000000000000000000000000000000000000000000000000001600000000000000000000000000000000000000000000000000000000000000) [staticcall]
    │   │   └─ ← [Return] 0x1ddb6258dd3b29167056de66058d92db9b5f67f01a2fc873675ce418a8a241e1
    │   ├─ [84] PRECOMPILES::sha256(0x21000000000000000000000000000000000000000000000000000000000000002c00000000000000000000000000000000000000000000000000000000000000) [staticcall]
    │   │   └─ ← [Return] 0xb4284050481fb4e792096133ed794f9b59bdc28072b31d3c1df6af1b1a5cfc72
    │   ├─ [84] PRECOMPILES::sha256(0x31154eafd5ab04880586ca5c84be621009419825df3cfbffdece8f731a2451957cae6c78f79f8257b96cf72c5f672d647bfc5dba1e0531e7d4e518f8f28a1567) [staticcall]
    │   │   └─ ← [Return] 0x57cc069ceb5dfe3bf71a77ea6d5559df3bbff17dd512b47c7377c9e7cdc50c2d
    │   ├─ [0] PRECOMPILES::sha256(0x1ddb6258dd3b29167056de66058d92db9b5f67f01a2fc873675ce418a8a241e1b4284050481fb4e792096133ed794f9b59bdc28072b31d3c1df6af1b1a5cfc72) [staticcall]
    │   │   └─ ← [Return] 0x00000000000000000000000000000000000000000000000000000000000000
    │   └─ ← [Revert] Sha256PrecompileFailed()
    ├─ [0] VM::clearMockedCalls()
    │   └─ ← [Return]
    ├─ [0] VM::mockCall(SHA-256: [0x0000000000000000000000000000000000000002], 0x1ddb6258dd3b29167056de66058d92db9b5f67f01a2fc873675ce418a8a241e1b4284050481fb4e792096133ed794f9b59bdc28072b31d3c1df6af1b1a5cfc72, 0x000000000000000000000000000000000000000000000000000000000000000000)
    │   └─ ← [Return]
    ├─ [4388] BlsCompositionHarness::verify(ValidatorWitness({ proofValidator: [], pubkey: 0x069206f1707078bd66eb6931c7dfa8f772d733253b3ece644678fb028ea1b3c0da6923606c6e1c49cd954a874ef22bd0, effectiveBalance: 32000000000 [3.2e10], activationEligibilityEpoch: 11, activationEpoch: 22, exitEpoch: 33, withdrawableEpoch: 44, slashed: true }), 0xc70250eec1f7f156cee41473bba551794853f4c727e78773e96f795d0dbd8628, 0x0000000000000000000000000000000000000000000000000000000000000000, 0x0000000000000000000000000000000000000000000000000000000000000201) [staticcall]
    │   ├─ [84] PRECOMPILES::sha256(0x069206f1707078bd66eb6931c7dfa8f772d733253b3ece644678fb028ea1b3c0da6923606c6e1c49cd954a874ef22bd000000000000000000000000000000000) [staticcall]
    │   │   └─ ← [Return] 0xe5e489c9f8ec188daab00b1bb9cc34b2b1ec46b9597fff36e572616b335737fa
    │   ├─ [84] PRECOMPILES::sha256(0xe5e489c9f8ec188daab00b1bb9cc34b2b1ec46b9597fff36e572616b335737fac70250eec1f7f156cee41473bba551794853f4c727e78773e96f795d0dbd8628) [staticcall]
    │   │   └─ ← [Return] 0x31154eafd5ab04880586ca5c84be621009419825df3cfbffdece8f731a245195
    │   ├─ [84] PRECOMPILES::sha256(0x00405973070000000000000000000000000000000000000000000000000000000100000000000000000000000000000000000000000000000000000000000000) [staticcall]
    │   │   └─ ← [Return] 0x7cae6c78f79f8257b96cf72c5f672d647bfc5dba1e0531e7d4e518f8f28a1567
    │   ├─ [84] PRECOMPILES::sha256(0x0b000000000000000000000000000000000000000000000000000000000000001600000000000000000000000000000000000000000000000000000000000000) [staticcall]
    │   │   └─ ← [Return] 0x1ddb6258dd3b29167056de66058d92db9b5f67f01a2fc873675ce418a8a241e1
    │   ├─ [84] PRECOMPILES::sha256(0x21000000000000000000000000000000000000000000000000000000000000002c00000000000000000000000000000000000000000000000000000000000000) [staticcall]
    │   │   └─ ← [Return] 0xb4284050481fb4e792096133ed794f9b59bdc28072b31d3c1df6af1b1a5cfc72
    │   ├─ [84] PRECOMPILES::sha256(0x31154eafd5ab04880586ca5c84be621009419825df3cfbffdece8f731a2451957cae6c78f79f8257b96cf72c5f672d647bfc5dba1e0531e7d4e518f8f28a1567) [staticcall]
    │   │   └─ ← [Return] 0x57cc069ceb5dfe3bf71a77ea6d5559df3bbff17dd512b47c7377c9e7cdc50c2d
    │   ├─ [0] PRECOMPILES::sha256(0x1ddb6258dd3b29167056de66058d92db9b5f67f01a2fc873675ce418a8a241e1b4284050481fb4e792096133ed794f9b59bdc28072b31d3c1df6af1b1a5cfc72) [staticcall]
    │   │   └─ ← [Return] 0x0000000000000000000000000000000000000000000000000000000000000000
    │   └─ ← [Revert] Sha256PrecompileFailed()
    ├─ [0] VM::clearMockedCalls()
    │   └─ ← [Return]
    ├─ [0] VM::mockCallRevert(SHA-256: [0x0000000000000000000000000000000000000002], 0x1ddb6258dd3b29167056de66058d92db9b5f67f01a2fc873675ce418a8a241e1b4284050481fb4e792096133ed794f9b59bdc28072b31d3c1df6af1b1a5cfc72, 0xabcd)
    │   └─ ← [Return]
    ├─ [4388] BlsCompositionHarness::verify(ValidatorWitness({ proofValidator: [], pubkey: 0x069206f1707078bd66eb6931c7dfa8f772d733253b3ece644678fb028ea1b3c0da6923606c6e1c49cd954a874ef22bd0, effectiveBalance: 32000000000 [3.2e10], activationEligibilityEpoch: 11, activationEpoch: 22, exitEpoch: 33, withdrawableEpoch: 44, slashed: true }), 0xc70250eec1f7f156cee41473bba551794853f4c727e78773e96f795d0dbd8628, 0x0000000000000000000000000000000000000000000000000000000000000000, 0x0000000000000000000000000000000000000000000000000000000000000201) [staticcall]
    │   ├─ [84] PRECOMPILES::sha256(0x069206f1707078bd66eb6931c7dfa8f772d733253b3ece644678fb028ea1b3c0da6923606c6e1c49cd954a874ef22bd000000000000000000000000000000000) [staticcall]
    │   │   └─ ← [Return] 0xe5e489c9f8ec188daab00b1bb9cc34b2b1ec46b9597fff36e572616b335737fa
    │   ├─ [84] PRECOMPILES::sha256(0xe5e489c9f8ec188daab00b1bb9cc34b2b1ec46b9597fff36e572616b335737fac70250eec1f7f156cee41473bba551794853f4c727e78773e96f795d0dbd8628) [staticcall]
    │   │   └─ ← [Return] 0x31154eafd5ab04880586ca5c84be621009419825df3cfbffdece8f731a245195
    │   ├─ [84] PRECOMPILES::sha256(0x00405973070000000000000000000000000000000000000000000000000000000100000000000000000000000000000000000000000000000000000000000000) [staticcall]
    │   │   └─ ← [Return] 0x7cae6c78f79f8257b96cf72c5f672d647bfc5dba1e0531e7d4e518f8f28a1567
    │   ├─ [84] PRECOMPILES::sha256(0x0b000000000000000000000000000000000000000000000000000000000000001600000000000000000000000000000000000000000000000000000000000000) [staticcall]
    │   │   └─ ← [Return] 0x1ddb6258dd3b29167056de66058d92db9b5f67f01a2fc873675ce418a8a241e1
    │   ├─ [84] PRECOMPILES::sha256(0x21000000000000000000000000000000000000000000000000000000000000002c00000000000000000000000000000000000000000000000000000000000000) [staticcall]
    │   │   └─ ← [Return] 0xb4284050481fb4e792096133ed794f9b59bdc28072b31d3c1df6af1b1a5cfc72
    │   ├─ [84] PRECOMPILES::sha256(0x31154eafd5ab04880586ca5c84be621009419825df3cfbffdece8f731a2451957cae6c78f79f8257b96cf72c5f672d647bfc5dba1e0531e7d4e518f8f28a1567) [staticcall]
    │   │   └─ ← [Return] 0x57cc069ceb5dfe3bf71a77ea6d5559df3bbff17dd512b47c7377c9e7cdc50c2d
    │   ├─ [0] PRECOMPILES::sha256(0x1ddb6258dd3b29167056de66058d92db9b5f67f01a2fc873675ce418a8a241e1b4284050481fb4e792096133ed794f9b59bdc28072b31d3c1df6af1b1a5cfc72) [staticcall]
    │   │   └─ ← [Revert] 0xabcd
    │   └─ ← [Revert] Sha256PrecompileFailed()
    ├─ [0] VM::clearMockedCalls()
    │   └─ ← [Return]
    ├─ [0] VM::mockCall(SHA-256: [0x0000000000000000000000000000000000000002], 0x57cc069ceb5dfe3bf71a77ea6d5559df3bbff17dd512b47c7377c9e7cdc50c2da22befadcd3d72ec7661ede30cb58d8708a19e26ac4e938497c8665e1a11a06c, 0x00000000000000000000000000000000000000000000000000000000000000)
    │   └─ ← [Return]
    ├─ [4676] BlsCompositionHarness::verify(ValidatorWitness({ proofValidator: [], pubkey: 0x069206f1707078bd66eb6931c7dfa8f772d733253b3ece644678fb028ea1b3c0da6923606c6e1c49cd954a874ef22bd0, effectiveBalance: 32000000000 [3.2e10], activationEligibilityEpoch: 11, activationEpoch: 22, exitEpoch: 33, withdrawableEpoch: 44, slashed: true }), 0xc70250eec1f7f156cee41473bba551794853f4c727e78773e96f795d0dbd8628, 0x0000000000000000000000000000000000000000000000000000000000000000, 0x0000000000000000000000000000000000000000000000000000000000000201) [staticcall]
    │   ├─ [84] PRECOMPILES::sha256(0x069206f1707078bd66eb6931c7dfa8f772d733253b3ece644678fb028ea1b3c0da6923606c6e1c49cd954a874ef22bd000000000000000000000000000000000) [staticcall]
    │   │   └─ ← [Return] 0xe5e489c9f8ec188daab00b1bb9cc34b2b1ec46b9597fff36e572616b335737fa
    │   ├─ [84] PRECOMPILES::sha256(0xe5e489c9f8ec188daab00b1bb9cc34b2b1ec46b9597fff36e572616b335737fac70250eec1f7f156cee41473bba551794853f4c727e78773e96f795d0dbd8628) [staticcall]
    │   │   └─ ← [Return] 0x31154eafd5ab04880586ca5c84be621009419825df3cfbffdece8f731a245195
    │   ├─ [84] PRECOMPILES::sha256(0x00405973070000000000000000000000000000000000000000000000000000000100000000000000000000000000000000000000000000000000000000000000) [staticcall]
    │   │   └─ ← [Return] 0x7cae6c78f79f8257b96cf72c5f672d647bfc5dba1e0531e7d4e518f8f28a1567
    │   ├─ [84] PRECOMPILES::sha256(0x0b000000000000000000000000000000000000000000000000000000000000001600000000000000000000000000000000000000000000000000000000000000) [staticcall]
    │   │   └─ ← [Return] 0x1ddb6258dd3b29167056de66058d92db9b5f67f01a2fc873675ce418a8a241e1
    │   ├─ [84] PRECOMPILES::sha256(0x21000000000000000000000000000000000000000000000000000000000000002c00000000000000000000000000000000000000000000000000000000000000) [staticcall]
    │   │   └─ ← [Return] 0xb4284050481fb4e792096133ed794f9b59bdc28072b31d3c1df6af1b1a5cfc72
    │   ├─ [84] PRECOMPILES::sha256(0x31154eafd5ab04880586ca5c84be621009419825df3cfbffdece8f731a2451957cae6c78f79f8257b96cf72c5f672d647bfc5dba1e0531e7d4e518f8f28a1567) [staticcall]
    │   │   └─ ← [Return] 0x57cc069ceb5dfe3bf71a77ea6d5559df3bbff17dd512b47c7377c9e7cdc50c2d
    │   ├─ [84] PRECOMPILES::sha256(0x1ddb6258dd3b29167056de66058d92db9b5f67f01a2fc873675ce418a8a241e1b4284050481fb4e792096133ed794f9b59bdc28072b31d3c1df6af1b1a5cfc72) [staticcall]
    │   │   └─ ← [Return] 0xa22befadcd3d72ec7661ede30cb58d8708a19e26ac4e938497c8665e1a11a06c
    │   ├─ [0] PRECOMPILES::sha256(0x57cc069ceb5dfe3bf71a77ea6d5559df3bbff17dd512b47c7377c9e7cdc50c2da22befadcd3d72ec7661ede30cb58d8708a19e26ac4e938497c8665e1a11a06c) [staticcall]
    │   │   └─ ← [Return] 0x00000000000000000000000000000000000000000000000000000000000000
    │   └─ ← [Revert] Sha256PrecompileFailed()
    ├─ [0] VM::clearMockedCalls()
    │   └─ ← [Return]
    ├─ [0] VM::mockCall(SHA-256: [0x0000000000000000000000000000000000000002], 0x57cc069ceb5dfe3bf71a77ea6d5559df3bbff17dd512b47c7377c9e7cdc50c2da22befadcd3d72ec7661ede30cb58d8708a19e26ac4e938497c8665e1a11a06c, 0x000000000000000000000000000000000000000000000000000000000000000000)
    │   └─ ← [Return]
    ├─ [4676] BlsCompositionHarness::verify(ValidatorWitness({ proofValidator: [], pubkey: 0x069206f1707078bd66eb6931c7dfa8f772d733253b3ece644678fb028ea1b3c0da6923606c6e1c49cd954a874ef22bd0, effectiveBalance: 32000000000 [3.2e10], activationEligibilityEpoch: 11, activationEpoch: 22, exitEpoch: 33, withdrawableEpoch: 44, slashed: true }), 0xc70250eec1f7f156cee41473bba551794853f4c727e78773e96f795d0dbd8628, 0x0000000000000000000000000000000000000000000000000000000000000000, 0x0000000000000000000000000000000000000000000000000000000000000201) [staticcall]
    │   ├─ [84] PRECOMPILES::sha256(0x069206f1707078bd66eb6931c7dfa8f772d733253b3ece644678fb028ea1b3c0da6923606c6e1c49cd954a874ef22bd000000000000000000000000000000000) [staticcall]
    │   │   └─ ← [Return] 0xe5e489c9f8ec188daab00b1bb9cc34b2b1ec46b9597fff36e572616b335737fa
    │   ├─ [84] PRECOMPILES::sha256(0xe5e489c9f8ec188daab00b1bb9cc34b2b1ec46b9597fff36e572616b335737fac70250eec1f7f156cee41473bba551794853f4c727e78773e96f795d0dbd8628) [staticcall]
    │   │   └─ ← [Return] 0x31154eafd5ab04880586ca5c84be621009419825df3cfbffdece8f731a245195
    │   ├─ [84] PRECOMPILES::sha256(0x00405973070000000000000000000000000000000000000000000000000000000100000000000000000000000000000000000000000000000000000000000000) [staticcall]
    │   │   └─ ← [Return] 0x7cae6c78f79f8257b96cf72c5f672d647bfc5dba1e0531e7d4e518f8f28a1567
    │   ├─ [84] PRECOMPILES::sha256(0x0b000000000000000000000000000000000000000000000000000000000000001600000000000000000000000000000000000000000000000000000000000000) [staticcall]
    │   │   └─ ← [Return] 0x1ddb6258dd3b29167056de66058d92db9b5f67f01a2fc873675ce418a8a241e1
    │   ├─ [84] PRECOMPILES::sha256(0x21000000000000000000000000000000000000000000000000000000000000002c00000000000000000000000000000000000000000000000000000000000000) [staticcall]
    │   │   └─ ← [Return] 0xb4284050481fb4e792096133ed794f9b59bdc28072b31d3c1df6af1b1a5cfc72
    │   ├─ [84] PRECOMPILES::sha256(0x31154eafd5ab04880586ca5c84be621009419825df3cfbffdece8f731a2451957cae6c78f79f8257b96cf72c5f672d647bfc5dba1e0531e7d4e518f8f28a1567) [staticcall]
    │   │   └─ ← [Return] 0x57cc069ceb5dfe3bf71a77ea6d5559df3bbff17dd512b47c7377c9e7cdc50c2d
    │   ├─ [84] PRECOMPILES::sha256(0x1ddb6258dd3b29167056de66058d92db9b5f67f01a2fc873675ce418a8a241e1b4284050481fb4e792096133ed794f9b59bdc28072b31d3c1df6af1b1a5cfc72) [staticcall]
    │   │   └─ ← [Return] 0xa22befadcd3d72ec7661ede30cb58d8708a19e26ac4e938497c8665e1a11a06c
    │   ├─ [0] PRECOMPILES::sha256(0x57cc069ceb5dfe3bf71a77ea6d5559df3bbff17dd512b47c7377c9e7cdc50c2da22befadcd3d72ec7661ede30cb58d8708a19e26ac4e938497c8665e1a11a06c) [staticcall]
    │   │   └─ ← [Return] 0x0000000000000000000000000000000000000000000000000000000000000000
    │   └─ ← [Revert] Sha256PrecompileFailed()
    ├─ [0] VM::clearMockedCalls()
    │   └─ ← [Return]
    ├─ [0] VM::mockCallRevert(SHA-256: [0x0000000000000000000000000000000000000002], 0x57cc069ceb5dfe3bf71a77ea6d5559df3bbff17dd512b47c7377c9e7cdc50c2da22befadcd3d72ec7661ede30cb58d8708a19e26ac4e938497c8665e1a11a06c, 0xabcd)
    │   └─ ← [Return]
    ├─ [4676] BlsCompositionHarness::verify(ValidatorWitness({ proofValidator: [], pubkey: 0x069206f1707078bd66eb6931c7dfa8f772d733253b3ece644678fb028ea1b3c0da6923606c6e1c49cd954a874ef22bd0, effectiveBalance: 32000000000 [3.2e10], activationEligibilityEpoch: 11, activationEpoch: 22, exitEpoch: 33, withdrawableEpoch: 44, slashed: true }), 0xc70250eec1f7f156cee41473bba551794853f4c727e78773e96f795d0dbd8628, 0x0000000000000000000000000000000000000000000000000000000000000000, 0x0000000000000000000000000000000000000000000000000000000000000201) [staticcall]
    │   ├─ [84] PRECOMPILES::sha256(0x069206f1707078bd66eb6931c7dfa8f772d733253b3ece644678fb028ea1b3c0da6923606c6e1c49cd954a874ef22bd000000000000000000000000000000000) [staticcall]
    │   │   └─ ← [Return] 0xe5e489c9f8ec188daab00b1bb9cc34b2b1ec46b9597fff36e572616b335737fa
    │   ├─ [84] PRECOMPILES::sha256(0xe5e489c9f8ec188daab00b1bb9cc34b2b1ec46b9597fff36e572616b335737fac70250eec1f7f156cee41473bba551794853f4c727e78773e96f795d0dbd8628) [staticcall]
    │   │   └─ ← [Return] 0x31154eafd5ab04880586ca5c84be621009419825df3cfbffdece8f731a245195
    │   ├─ [84] PRECOMPILES::sha256(0x00405973070000000000000000000000000000000000000000000000000000000100000000000000000000000000000000000000000000000000000000000000) [staticcall]
    │   │   └─ ← [Return] 0x7cae6c78f79f8257b96cf72c5f672d647bfc5dba1e0531e7d4e518f8f28a1567
    │   ├─ [84] PRECOMPILES::sha256(0x0b000000000000000000000000000000000000000000000000000000000000001600000000000000000000000000000000000000000000000000000000000000) [staticcall]
    │   │   └─ ← [Return] 0x1ddb6258dd3b29167056de66058d92db9b5f67f01a2fc873675ce418a8a241e1
    │   ├─ [84] PRECOMPILES::sha256(0x21000000000000000000000000000000000000000000000000000000000000002c00000000000000000000000000000000000000000000000000000000000000) [staticcall]
    │   │   └─ ← [Return] 0xb4284050481fb4e792096133ed794f9b59bdc28072b31d3c1df6af1b1a5cfc72
    │   ├─ [84] PRECOMPILES::sha256(0x31154eafd5ab04880586ca5c84be621009419825df3cfbffdece8f731a2451957cae6c78f79f8257b96cf72c5f672d647bfc5dba1e0531e7d4e518f8f28a1567) [staticcall]
    │   │   └─ ← [Return] 0x57cc069ceb5dfe3bf71a77ea6d5559df3bbff17dd512b47c7377c9e7cdc50c2d
    │   ├─ [84] PRECOMPILES::sha256(0x1ddb6258dd3b29167056de66058d92db9b5f67f01a2fc873675ce418a8a241e1b4284050481fb4e792096133ed794f9b59bdc28072b31d3c1df6af1b1a5cfc72) [staticcall]
    │   │   └─ ← [Return] 0xa22befadcd3d72ec7661ede30cb58d8708a19e26ac4e938497c8665e1a11a06c
    │   ├─ [0] PRECOMPILES::sha256(0x57cc069ceb5dfe3bf71a77ea6d5559df3bbff17dd512b47c7377c9e7cdc50c2da22befadcd3d72ec7661ede30cb58d8708a19e26ac4e938497c8665e1a11a06c) [staticcall]
    │   │   └─ ← [Revert] 0xabcd
    │   └─ ← [Revert] Sha256PrecompileFailed()
    ├─ [0] VM::clearMockedCalls()
    │   └─ ← [Return]
    ├─ [4948] BlsCompositionHarness::verify(ValidatorWitness({ proofValidator: [], pubkey: 0x069206f1707078bd66eb6931c7dfa8f772d733253b3ece644678fb028ea1b3c0da6923606c6e1c49cd954a874ef22bd0, effectiveBalance: 32000000000 [3.2e10], activationEligibilityEpoch: 11, activationEpoch: 22, exitEpoch: 33, withdrawableEpoch: 44, slashed: true }), 0xc70250eec1f7f156cee41473bba551794853f4c727e78773e96f795d0dbd8628, 0x0000000000000000000000000000000000000000000000000000000000000000, 0x0000000000000000000000000000000000000000000000000000000000000201) [staticcall]
    │   ├─ [84] PRECOMPILES::sha256(0x069206f1707078bd66eb6931c7dfa8f772d733253b3ece644678fb028ea1b3c0da6923606c6e1c49cd954a874ef22bd000000000000000000000000000000000) [staticcall]
    │   │   └─ ← [Return] 0xe5e489c9f8ec188daab00b1bb9cc34b2b1ec46b9597fff36e572616b335737fa
    │   ├─ [84] PRECOMPILES::sha256(0xe5e489c9f8ec188daab00b1bb9cc34b2b1ec46b9597fff36e572616b335737fac70250eec1f7f156cee41473bba551794853f4c727e78773e96f795d0dbd8628) [staticcall]
    │   │   └─ ← [Return] 0x31154eafd5ab04880586ca5c84be621009419825df3cfbffdece8f731a245195
    │   ├─ [84] PRECOMPILES::sha256(0x00405973070000000000000000000000000000000000000000000000000000000100000000000000000000000000000000000000000000000000000000000000) [staticcall]
    │   │   └─ ← [Return] 0x7cae6c78f79f8257b96cf72c5f672d647bfc5dba1e0531e7d4e518f8f28a1567
    │   ├─ [84] PRECOMPILES::sha256(0x0b000000000000000000000000000000000000000000000000000000000000001600000000000000000000000000000000000000000000000000000000000000) [staticcall]
    │   │   └─ ← [Return] 0x1ddb6258dd3b29167056de66058d92db9b5f67f01a2fc873675ce418a8a241e1
    │   ├─ [84] PRECOMPILES::sha256(0x21000000000000000000000000000000000000000000000000000000000000002c00000000000000000000000000000000000000000000000000000000000000) [staticcall]
    │   │   └─ ← [Return] 0xb4284050481fb4e792096133ed794f9b59bdc28072b31d3c1df6af1b1a5cfc72
    │   ├─ [84] PRECOMPILES::sha256(0x31154eafd5ab04880586ca5c84be621009419825df3cfbffdece8f731a2451957cae6c78f79f8257b96cf72c5f672d647bfc5dba1e0531e7d4e518f8f28a1567) [staticcall]
    │   │   └─ ← [Return] 0x57cc069ceb5dfe3bf71a77ea6d5559df3bbff17dd512b47c7377c9e7cdc50c2d
    │   ├─ [84] PRECOMPILES::sha256(0x1ddb6258dd3b29167056de66058d92db9b5f67f01a2fc873675ce418a8a241e1b4284050481fb4e792096133ed794f9b59bdc28072b31d3c1df6af1b1a5cfc72) [staticcall]
    │   │   └─ ← [Return] 0xa22befadcd3d72ec7661ede30cb58d8708a19e26ac4e938497c8665e1a11a06c
    │   ├─ [84] PRECOMPILES::sha256(0x57cc069ceb5dfe3bf71a77ea6d5559df3bbff17dd512b47c7377c9e7cdc50c2da22befadcd3d72ec7661ede30cb58d8708a19e26ac4e938497c8665e1a11a06c) [staticcall]
    │   │   └─ ← [Return] 0xa3d7992e0583c761440f2fccc618912366087d221af1990ea878ff57a9f9a171
    │   └─ ← [Revert] InvalidProof()
    └─ ← [Revert] source rejection bytes/order

Backtrace:
  at PRECOMPILES.sha256
  at BlsCompositionHarness.verify
  at SszBlsCompositionTest.test_eachBlsCallRejectsBeforeEmptyProof

Suite result: FAILED. 0 passed; 1 failed; 0 skipped; finished in 1.17ms (954.38µs CPU time)

Ran 1 test suite in 132.63ms (1.17ms CPU time): 0 tests passed, 1 failed, 0 skipped (1 total tests)

Failing tests:
Encountered 1 failing test in audit/ssz-bls-composition/solidity/SszBlsComposition.t.sol:SszBlsCompositionTest
[FAIL: source rejection bytes/order] test_eachBlsCallRejectsBeforeEmptyProof() (gas: 198634)

Encountered a total of 1 failing tests, 0 tests succeeded

Tip: Run `forge test --rerun` to retry only the 1 failed test
