⚠ [11/630] Replayed Verity.Core
warning: Verity/Core.lean:606:2: try 'simp' instead of 'simpa'

Note: This linter can be disabled with `set_option linter.unnecessarySimpa false`
warning: Verity/Core.lean:1041:2: try 'simp' instead of 'simpa'

Note: This linter can be disabled with `set_option linter.unnecessarySimpa false`
warning: Verity/Core.lean:1273:2: try 'simp' instead of 'simpa'

Note: This linter can be disabled with `set_option linter.unnecessarySimpa false`
⚠ [1079/1198] Replayed Conform.Wheels
warning: Conform/Wheels.lean:106:47: `IsAntisymm` has been deprecated: Use `Std.Antisymm` instead

Note: The updated constant has a different type:
  {α : Sort u} → (α → α → Prop) → Prop
instead of
  (α : Sort u_1) → (α → α → Prop) → Prop
warning: Conform/Wheels.lean:106:70: `IsTotal` has been deprecated: Use `Std.Total` instead

Note: The updated constant has a different type:
  {α : Sort u} → (α → α → Prop) → Prop
instead of
  (α : Sort u_1) → (α → α → Prop) → Prop
⚠ [1080/1198] Replayed EvmYul.Pretty
warning: EvmYul/Pretty.lean:35:32: `IsAntisymm` has been deprecated: Use `Std.Antisymm` instead

Note: The updated constant has a different type:
  {α : Sort u} → (α → α → Prop) → Prop
instead of
  (α : Sort u_1) → (α → α → Prop) → Prop
warning: EvmYul/Pretty.lean:36:32: `IsTotal` has been deprecated: Use `Std.Total` instead

Note: The updated constant has a different type:
  {α : Sort u} → (α → α → Prop) → Prop
instead of
  (α : Sort u_1) → (α → α → Prop) → Prop
⚠ [1127/1198] Replayed EvmYul.Semantics
warning: EvmYul/Semantics.lean:1:0: 'Mathlib.Data.Array.Defs' has been deprecated: please replace this import by

import Mathlib.Init
⚠ [1128/1198] Replayed EvmYul.EVM.Semantics
warning: EvmYul/EVM/Semantics.lean:1:0: 'Mathlib.Data.Array.Defs' has been deprecated: please replace this import by

import Mathlib.Init
⚠ [1259/1270] Replayed LidoSRv3.Audit.Verity.AddressRecipientCallBridge
warning: LidoSRv3/Audit/Verity/AddressRecipientCallBridge.lean:671:56: This simp argument is unused:
  pureExec

Hint: Omit it from the simp argument list.
  simp [claimTo, Bind.bind, bindExec, hs, hc, LidoSRv3.Audit.Source.TrioReserve1.Live.emit,
  ̲  ̲ ̲ ̲ ̲ ̲ ̲ ̲ ̲ ̲p̵u̵r̵e̵E̵x̵e̵c̵,̵ ̵hsa]

Note: This linter can be disabled with `set_option linter.unusedSimpArgs false`
warning: LidoSRv3/Audit/Verity/AddressRecipientCallBridge.lean:674:94: This simp argument is unused:
  pureExec

Hint: Omit it from the simp argument list.
  simp [claimTo, Bind.bind, bindExec, hs, hc, LidoSRv3.Audit.Source.TrioReserve1.Live.emit,
  ̲ p̵u̵r̵e̵E̵x̵e̵c̵,̵  ̲ ̲claimEvents, List.append_assoc]

Note: This linter can be disabled with `set_option linter.unusedSimpArgs false`
warning: LidoSRv3/Audit/Verity/AddressRecipientCallBridge.lean:732:30: This simp argument is unused:
  hn

Hint: Omit it from the simp argument list.
  simp [claimWithdrawalsTo, hn,̵ ̵h̵n̵0, hl, zeroAddress, Pure.pure,
  ̲  ̲ ̲ ̲ ̲ ̲LidoSRv3.Audit.Source.TrioReserve1.Live.require, Bind.bind, bindExec, fail, pureExec] at hs

Note: This linter can be disabled with `set_option linter.unusedSimpArgs false`
warning: LidoSRv3/Audit/Verity/AddressRecipientCallBridge.lean:735:30: This simp argument is unused:
  hn

Hint: Omit it from the simp argument list.
  simp [claimWithdrawalsTo, hn,̵ ̵h̵n̵0, hl, zeroAddress, Pure.pure,
  ̲  ̲ ̲ ̲ ̲ ̲LidoSRv3.Audit.Source.TrioReserve1.Live.require, Bind.bind, bindExec, pureExec]

Note: This linter can be disabled with `set_option linter.unusedSimpArgs false`
info: LidoSRv3/Audit/Verity/AddressRecipientCallBridge.lean:739:0: 'LidoSRv3.Audit.Verity.AddressRecipientCallBridge.claimTo_success' depends on axioms: [propext,
 Classical.choice,
 Quot.sound]
info: LidoSRv3/Audit/Verity/AddressRecipientCallBridge.lean:740:0: 'LidoSRv3.Audit.Verity.AddressRecipientCallBridge.runClaimWithdrawalsTo_success' depends on axioms: [propext,
 Classical.choice,
 Quot.sound]
✖ [1270/1270] Building LidoSRv3.Audit.Source.AddressRequestBatches (1.5s)
trace: .> LEAN_PATH=/Users/thomas/work/lido/local-lido-proofs/.lake/packages/Cli/.lake/build/lib/lean:/Users/thomas/work/lido/local-lido-proofs/.lake/packages/batteries/.lake/build/lib/lean:/Users/thomas/work/lido/local-lido-proofs/.lake/packages/Qq/.lake/build/lib/lean:/Users/thomas/work/lido/local-lido-proofs/.lake/packages/aesop/.lake/build/lib/lean:/Users/thomas/work/lido/local-lido-proofs/.lake/packages/proofwidgets/.lake/build/lib/lean:/Users/thomas/work/lido/local-lido-proofs/.lake/packages/importGraph/.lake/build/lib/lean:/Users/thomas/work/lido/local-lido-proofs/.lake/packages/LeanSearchClient/.lake/build/lib/lean:/Users/thomas/work/lido/local-lido-proofs/.lake/packages/plausible/.lake/build/lib/lean:/Users/thomas/work/lido/local-lido-proofs/.lake/packages/mathlib/.lake/build/lib/lean:/Users/thomas/work/lido/local-lido-proofs/.lake/packages/evmyul/.lake/build/lib/lean:/Users/thomas/work/lido/local-lido-proofs/.lake/packages/verity/.lake/build/lib/lean:/private/tmp/lido-address-request-batches/.lake/build/lib/lean /Users/thomas/.elan/toolchains/leanprover--lean4---v4.31.0/bin/lean /private/tmp/lido-address-request-batches/LidoSRv3/Audit/Source/AddressRequestBatches.lean -o /private/tmp/lido-address-request-batches/.lake/build/lib/lean/LidoSRv3/Audit/Source/AddressRequestBatches.olean -i /private/tmp/lido-address-request-batches/.lake/build/lib/lean/LidoSRv3/Audit/Source/AddressRequestBatches.ilean -c /private/tmp/lido-address-request-batches/.lake/build/ir/LidoSRv3/Audit/Source/AddressRequestBatches.c --setup /private/tmp/lido-address-request-batches/.lake/build/ir/LidoSRv3/Audit/Source/AddressRequestBatches.setup.json --json
error: LidoSRv3/Audit/Source/AddressRequestBatches.lean:69:5: unexpected token 'error'; expected '_' or identifier
error: LidoSRv3/Audit/Source/AddressRequestBatches.lean:69:4: Missing alternative name: Expected `error` or `ok`
error: LidoSRv3/Audit/Source/AddressRequestBatches.lean:68:4: Alternative `error` has not been provided
error: LidoSRv3/Audit/Source/AddressRequestBatches.lean:68:4: Alternative `ok` has not been provided
error: LidoSRv3/Audit/Source/AddressRequestBatches.lean:106:4: Type mismatch: After simplification, term
  loop_success (step (resolvedOwner ctx owner)) (effect (resolvedOwner ctx owner)) (item (resolvedOwner ctx owner))
    amounts ids before hl
 has type
  Transcript (effect (resolvedOwner ctx owner)) amounts ids before
    (loop (step (resolvedOwner ctx owner)) amounts before).world
    (loop (step (resolvedOwner ctx owner)) amounts before).attempts
but is expected to have type
  Transcript (effect (resolvedOwner ctx owner)) amounts ids before
    (match (loop (step (resolvedOwner ctx owner)) amounts before).outcome with
      | Except.ok a => loop (step (resolvedOwner ctx owner)) amounts before
      | Except.error e =>
        { outcome := Except.error e, world := before,
          attempts := (loop (step (resolvedOwner ctx owner)) amounts before).attempts }).world
    (match (loop (step (resolvedOwner ctx owner)) amounts before).outcome with
      | Except.ok a => loop (step (resolvedOwner ctx owner)) amounts before
      | Except.error e =>
        { outcome := Except.error e, world := before,
          attempts := (loop (step (resolvedOwner ctx owner)) amounts before).attempts }).attempts
error: LidoSRv3/Audit/Source/AddressRequestBatches.lean:119:12: Tactic `split` failed: Could not split an `if` or `match` expression in the goal

Hint: Use `set_option trace.split.failure true` to display additional diagnostic information

case isFalse
ctx : Context
owner : Address
h✝ : ¬owner = Verity.zeroAddress
⊢ owner = owner
error: LidoSRv3/Audit/Source/AddressRequestBatches.lean:116:8: (kernel) declaration has metavariables 'LidoSRv3.Audit.Source.AddressRequestBatches.owner_idempotent'
error: Lean exited with code 1
Some required targets logged failures:
- LidoSRv3.Audit.Source.AddressRequestBatches
error: build failed
