⚠ [11/568] Replayed Verity.Core
warning: Verity/Core.lean:606:2: try 'simp' instead of 'simpa'

Note: This linter can be disabled with `set_option linter.unnecessarySimpa false`
warning: Verity/Core.lean:1041:2: try 'simp' instead of 'simpa'

Note: This linter can be disabled with `set_option linter.unnecessarySimpa false`
warning: Verity/Core.lean:1273:2: try 'simp' instead of 'simpa'

Note: This linter can be disabled with `set_option linter.unnecessarySimpa false`
⚠ [1079/1161] Replayed Conform.Wheels
warning: Conform/Wheels.lean:106:47: `IsAntisymm` has been deprecated: Use `Std.Antisymm` instead

Note: The updated constant has a different type:
  {α : Sort u} → (α → α → Prop) → Prop
instead of
  (α : Sort u_1) → (α → α → Prop) → Prop
warning: Conform/Wheels.lean:106:70: `IsTotal` has been deprecated: Use `Std.Total` instead

Note: The updated constant has a different type:
  {α : Sort u} → (α → α → Prop) → Prop
instead of
  (α : Sort u_1) → (α → α → Prop) → Prop
⚠ [1080/1161] Replayed EvmYul.Pretty
warning: EvmYul/Pretty.lean:35:32: `IsAntisymm` has been deprecated: Use `Std.Antisymm` instead

Note: The updated constant has a different type:
  {α : Sort u} → (α → α → Prop) → Prop
instead of
  (α : Sort u_1) → (α → α → Prop) → Prop
warning: EvmYul/Pretty.lean:36:32: `IsTotal` has been deprecated: Use `Std.Total` instead

Note: The updated constant has a different type:
  {α : Sort u} → (α → α → Prop) → Prop
instead of
  (α : Sort u_1) → (α → α → Prop) → Prop
⚠ [1127/1161] Replayed EvmYul.Semantics
warning: EvmYul/Semantics.lean:1:0: 'Mathlib.Data.Array.Defs' has been deprecated: please replace this import by

import Mathlib.Init
⚠ [1128/1161] Replayed EvmYul.EVM.Semantics
warning: EvmYul/EVM/Semantics.lean:1:0: 'Mathlib.Data.Array.Defs' has been deprecated: please replace this import by

import Mathlib.Init
⚠ [1259/1262] Replayed LidoSRv3.Audit.Verity.AddressRecipientCallBridge
warning: LidoSRv3/Audit/Verity/AddressRecipientCallBridge.lean:671:56: This simp argument is unused:
  pureExec

Hint: Omit it from the simp argument list.
  simp [claimTo, Bind.bind, bindExec, hs, hc, LidoSRv3.Audit.Source.TrioReserve1.Live.emit,
  ̲  ̲ ̲ ̲ ̲ ̲ ̲ ̲ ̲ ̲p̵u̵r̵e̵E̵x̵e̵c̵,̵ ̵hsa]

Note: This linter can be disabled with `set_option linter.unusedSimpArgs false`
warning: LidoSRv3/Audit/Verity/AddressRecipientCallBridge.lean:674:94: This simp argument is unused:
  pureExec

Hint: Omit it from the simp argument list.
  simp [claimTo, Bind.bind, bindExec, hs, hc, LidoSRv3.Audit.Source.TrioReserve1.Live.emit,
  ̲ p̵u̵r̵e̵E̵x̵e̵c̵,̵  ̲ ̲claimEvents, List.append_assoc]

Note: This linter can be disabled with `set_option linter.unusedSimpArgs false`
warning: LidoSRv3/Audit/Verity/AddressRecipientCallBridge.lean:732:30: This simp argument is unused:
  hn

Hint: Omit it from the simp argument list.
  simp [claimWithdrawalsTo, hn,̵ ̵h̵n̵0, hl, zeroAddress, Pure.pure,
  ̲  ̲ ̲ ̲ ̲ ̲LidoSRv3.Audit.Source.TrioReserve1.Live.require, Bind.bind, bindExec, fail, pureExec] at hs

Note: This linter can be disabled with `set_option linter.unusedSimpArgs false`
warning: LidoSRv3/Audit/Verity/AddressRecipientCallBridge.lean:735:30: This simp argument is unused:
  hn

Hint: Omit it from the simp argument list.
  simp [claimWithdrawalsTo, hn,̵ ̵h̵n̵0, hl, zeroAddress, Pure.pure,
  ̲  ̲ ̲ ̲ ̲ ̲LidoSRv3.Audit.Source.TrioReserve1.Live.require, Bind.bind, bindExec, pureExec]

Note: This linter can be disabled with `set_option linter.unusedSimpArgs false`
info: LidoSRv3/Audit/Verity/AddressRecipientCallBridge.lean:739:0: 'LidoSRv3.Audit.Verity.AddressRecipientCallBridge.claimTo_success' depends on axioms: [propext,
 Classical.choice,
 Quot.sound]
info: LidoSRv3/Audit/Verity/AddressRecipientCallBridge.lean:740:0: 'LidoSRv3.Audit.Verity.AddressRecipientCallBridge.runClaimWithdrawalsTo_success' depends on axioms: [propext,
 Classical.choice,
 Quot.sound]
ℹ [1262/1262] Built LidoSRv3.Tests.AddressRequestCalls (1.7s)
info: LidoSRv3/Tests/AddressRequestCalls.lean:70:0: 'LidoSRv3.Audit.Source.AddressRequestCalls.insert_success' depends on axioms: [propext, Classical.choice, Quot.sound]
info: LidoSRv3/Tests/AddressRequestCalls.lean:71:0: 'LidoSRv3.Audit.Source.AddressRequestCalls.enqueue_success' depends on axioms: [propext, Classical.choice, Quot.sound]
info: LidoSRv3/Tests/AddressRequestCalls.lean:72:0: 'LidoSRv3.Audit.Source.AddressRequestCalls.transfer_success' depends on axioms: [propext, Quot.sound]
info: LidoSRv3/Tests/AddressRequestCalls.lean:73:0: 'LidoSRv3.Audit.Source.AddressRequestCalls.quote_success' depends on axioms: [propext]
info: LidoSRv3/Tests/AddressRequestCalls.lean:74:0: 'LidoSRv3.Audit.Guarantees.PAddress1.actual_request_withdrawal_enqueue' depends on axioms: [propext,
 Classical.choice,
 Quot.sound]
info: LidoSRv3/Tests/AddressRequestCalls.lean:75:0: 'LidoSRv3.Audit.Guarantees.PAddress1.actual_request_withdrawal_failure_restores' depends on axioms: [propext,
 Classical.choice,
 Quot.sound]
info: LidoSRv3/Tests/AddressRequestCalls.lean:76:0: 'LidoSRv3.Tests.AddressRequestCalls.public_late_rollback_instance' depends on axioms: [propext,
 Classical.choice,
 Quot.sound]
Build completed successfully (1262 jobs).
