⚠ [11/622] Replayed Verity.Core
warning: Verity/Core.lean:606:2: try 'simp' instead of 'simpa'

Note: This linter can be disabled with `set_option linter.unnecessarySimpa false`
warning: Verity/Core.lean:1041:2: try 'simp' instead of 'simpa'

Note: This linter can be disabled with `set_option linter.unnecessarySimpa false`
warning: Verity/Core.lean:1273:2: try 'simp' instead of 'simpa'

Note: This linter can be disabled with `set_option linter.unnecessarySimpa false`
⚠ [1079/1181] Replayed Conform.Wheels
warning: Conform/Wheels.lean:106:47: `IsAntisymm` has been deprecated: Use `Std.Antisymm` instead

Note: The updated constant has a different type:
  {α : Sort u} → (α → α → Prop) → Prop
instead of
  (α : Sort u_1) → (α → α → Prop) → Prop
warning: Conform/Wheels.lean:106:70: `IsTotal` has been deprecated: Use `Std.Total` instead

Note: The updated constant has a different type:
  {α : Sort u} → (α → α → Prop) → Prop
instead of
  (α : Sort u_1) → (α → α → Prop) → Prop
⚠ [1080/1181] Replayed EvmYul.Pretty
warning: EvmYul/Pretty.lean:35:32: `IsAntisymm` has been deprecated: Use `Std.Antisymm` instead

Note: The updated constant has a different type:
  {α : Sort u} → (α → α → Prop) → Prop
instead of
  (α : Sort u_1) → (α → α → Prop) → Prop
warning: EvmYul/Pretty.lean:36:32: `IsTotal` has been deprecated: Use `Std.Total` instead

Note: The updated constant has a different type:
  {α : Sort u} → (α → α → Prop) → Prop
instead of
  (α : Sort u_1) → (α → α → Prop) → Prop
⚠ [1127/1181] Replayed EvmYul.Semantics
warning: EvmYul/Semantics.lean:1:0: 'Mathlib.Data.Array.Defs' has been deprecated: please replace this import by

import Mathlib.Init
⚠ [1128/1181] Replayed EvmYul.EVM.Semantics
warning: EvmYul/EVM/Semantics.lean:1:0: 'Mathlib.Data.Array.Defs' has been deprecated: please replace this import by

import Mathlib.Init
⚠ [1259/1272] Replayed LidoSRv3.Audit.Verity.AddressRecipientCallBridge
warning: LidoSRv3/Audit/Verity/AddressRecipientCallBridge.lean:671:56: This simp argument is unused:
  pureExec

Hint: Omit it from the simp argument list.
  simp [claimTo, Bind.bind, bindExec, hs, hc, LidoSRv3.Audit.Source.TrioReserve1.Live.emit,
  ̲  ̲ ̲ ̲ ̲ ̲ ̲ ̲ ̲ ̲p̵u̵r̵e̵E̵x̵e̵c̵,̵ ̵hsa]

Note: This linter can be disabled with `set_option linter.unusedSimpArgs false`
warning: LidoSRv3/Audit/Verity/AddressRecipientCallBridge.lean:674:94: This simp argument is unused:
  pureExec

Hint: Omit it from the simp argument list.
  simp [claimTo, Bind.bind, bindExec, hs, hc, LidoSRv3.Audit.Source.TrioReserve1.Live.emit,
  ̲ p̵u̵r̵e̵E̵x̵e̵c̵,̵  ̲ ̲claimEvents, List.append_assoc]

Note: This linter can be disabled with `set_option linter.unusedSimpArgs false`
warning: LidoSRv3/Audit/Verity/AddressRecipientCallBridge.lean:732:30: This simp argument is unused:
  hn

Hint: Omit it from the simp argument list.
  simp [claimWithdrawalsTo, hn,̵ ̵h̵n̵0, hl, zeroAddress, Pure.pure,
  ̲  ̲ ̲ ̲ ̲ ̲LidoSRv3.Audit.Source.TrioReserve1.Live.require, Bind.bind, bindExec, fail, pureExec] at hs

Note: This linter can be disabled with `set_option linter.unusedSimpArgs false`
warning: LidoSRv3/Audit/Verity/AddressRecipientCallBridge.lean:735:30: This simp argument is unused:
  hn

Hint: Omit it from the simp argument list.
  simp [claimWithdrawalsTo, hn,̵ ̵h̵n̵0, hl, zeroAddress, Pure.pure,
  ̲  ̲ ̲ ̲ ̲ ̲LidoSRv3.Audit.Source.TrioReserve1.Live.require, Bind.bind, bindExec, pureExec]

Note: This linter can be disabled with `set_option linter.unusedSimpArgs false`
info: LidoSRv3/Audit/Verity/AddressRecipientCallBridge.lean:739:0: 'LidoSRv3.Audit.Verity.AddressRecipientCallBridge.claimTo_success' depends on axioms: [propext,
 Classical.choice,
 Quot.sound]
info: LidoSRv3/Audit/Verity/AddressRecipientCallBridge.lean:740:0: 'LidoSRv3.Audit.Verity.AddressRecipientCallBridge.runClaimWithdrawalsTo_success' depends on axioms: [propext,
 Classical.choice,
 Quot.sound]
✖ [1272/1272] Building LidoSRv3.Audit.Source.AddressPermitRequestCalls (1.5s)
trace: .> LEAN_PATH=/Users/thomas/work/lido/local-lido-proofs/.lake/packages/Cli/.lake/build/lib/lean:/Users/thomas/work/lido/local-lido-proofs/.lake/packages/batteries/.lake/build/lib/lean:/Users/thomas/work/lido/local-lido-proofs/.lake/packages/Qq/.lake/build/lib/lean:/Users/thomas/work/lido/local-lido-proofs/.lake/packages/aesop/.lake/build/lib/lean:/Users/thomas/work/lido/local-lido-proofs/.lake/packages/proofwidgets/.lake/build/lib/lean:/Users/thomas/work/lido/local-lido-proofs/.lake/packages/importGraph/.lake/build/lib/lean:/Users/thomas/work/lido/local-lido-proofs/.lake/packages/LeanSearchClient/.lake/build/lib/lean:/Users/thomas/work/lido/local-lido-proofs/.lake/packages/plausible/.lake/build/lib/lean:/Users/thomas/work/lido/local-lido-proofs/.lake/packages/mathlib/.lake/build/lib/lean:/Users/thomas/work/lido/local-lido-proofs/.lake/packages/evmyul/.lake/build/lib/lean:/Users/thomas/work/lido/local-lido-proofs/.lake/packages/verity/.lake/build/lib/lean:/private/tmp/lido-address-permit-batches/.lake/build/lib/lean /Users/thomas/.elan/toolchains/leanprover--lean4---v4.31.0/bin/lean /private/tmp/lido-address-permit-batches/LidoSRv3/Audit/Source/AddressPermitRequestCalls.lean -o /private/tmp/lido-address-permit-batches/.lake/build/lib/lean/LidoSRv3/Audit/Source/AddressPermitRequestCalls.olean -i /private/tmp/lido-address-permit-batches/.lake/build/lib/lean/LidoSRv3/Audit/Source/AddressPermitRequestCalls.ilean -c /private/tmp/lido-address-permit-batches/.lake/build/ir/LidoSRv3/Audit/Source/AddressPermitRequestCalls.c --setup /private/tmp/lido-address-permit-batches/.lake/build/ir/LidoSRv3/Audit/Source/AddressPermitRequestCalls.setup.json --json
error: LidoSRv3/Audit/Source/AddressPermitRequestCalls.lean:28:43: Unknown identifier `ABI.encode_length`
error: LidoSRv3/Audit/Source/AddressPermitRequestCalls.lean:27:93: unsolved goals
ctx : Context
p : PermitInput
⊢ List.length (encode 4 3573918927) + List.length (encode 32 ctx.sender.val) + List.length (encode 32 ctx.self.val) +
              List.length (encode 32 p.value.val) +
            List.length (encode 32 p.deadline.val) +
          List.length (encode 32 p.v.toNat) +
        List.length (encode 32 p.r.val) +
      List.length (encode 32 p.s.val) =
    228
error: LidoSRv3/Audit/Source/AddressPermitRequestCalls.lean:97:11: don't know how to synthesize implicit argument `b`
  @And.intro
    (PermitEffect permit ctx target p before (permitCall permit ctx target p before).world
      (permitCall permit ctx target p before).attempts)
    (effect ids (permitCall permit ctx target p before).world (runPermit permit ctx target p batch before).world
        ?m.144 ∧
      (runPermit permit ctx target p batch before).attempts =
        (permitCall permit ctx target p before).attempts ++ ?m.144)
    (call_success permit ctx target p before data hc) ⟨?m.155, ?m.156⟩
context:
permit : External
ctx : Context
target : Address
p : PermitInput
batch : Exec (List ℕ)
effect : List ℕ → World → World → List Attempt → Prop
batch_success :
  ∀ (w : World) (ids : List ℕ), (batch w).outcome = Except.ok ids → effect ids w (batch w).world (batch w).attempts
before : World
ids : List ℕ
h : (runPermit permit ctx target p batch before).outcome = Except.ok ids
hp : (program permit ctx target p batch before).outcome = Except.ok ids
data : Bytes
hc : (permitCall permit ctx target p before).outcome = Except.ok data
hb : (batch (permitCall permit ctx target p before).world).outcome = Except.ok ids
⊢ Prop
error: LidoSRv3/Audit/Source/AddressPermitRequestCalls.lean:97:11: don't know how to synthesize implicit argument `b`
  @And.intro
    (effect ids (permitCall permit ctx target p before).world (runPermit permit ctx target p batch before).world ?m.144)
    ((runPermit permit ctx target p batch before).attempts = (permitCall permit ctx target p before).attempts ++ ?m.144)
    ?m.155 ?m.156
context:
permit : External
ctx : Context
target : Address
p : PermitInput
batch : Exec (List ℕ)
effect : List ℕ → World → World → List Attempt → Prop
batch_success :
  ∀ (w : World) (ids : List ℕ), (batch w).outcome = Except.ok ids → effect ids w (batch w).world (batch w).attempts
before : World
ids : List ℕ
h : (runPermit permit ctx target p batch before).outcome = Except.ok ids
hp : (program permit ctx target p batch before).outcome = Except.ok ids
data : Bytes
hc : (permitCall permit ctx target p before).outcome = Except.ok data
hb : (batch (permitCall permit ctx target p before).world).outcome = Except.ok ids
⊢ Prop
error: LidoSRv3/Audit/Source/AddressPermitRequestCalls.lean:97:11: don't know how to synthesize implicit argument `a`
  @And.intro
    (effect ids (permitCall permit ctx target p before).world (runPermit permit ctx target p batch before).world ?m.144)
    ((runPermit permit ctx target p batch before).attempts = (permitCall permit ctx target p before).attempts ++ ?m.144)
    ?m.155 ?m.156
context:
permit : External
ctx : Context
target : Address
p : PermitInput
batch : Exec (List ℕ)
effect : List ℕ → World → World → List Attempt → Prop
batch_success :
  ∀ (w : World) (ids : List ℕ), (batch w).outcome = Except.ok ids → effect ids w (batch w).world (batch w).attempts
before : World
ids : List ℕ
h : (runPermit permit ctx target p batch before).outcome = Except.ok ids
hp : (program permit ctx target p batch before).outcome = Except.ok ids
data : Bytes
hc : (permitCall permit ctx target p before).outcome = Except.ok data
hb : (batch (permitCall permit ctx target p before).world).outcome = Except.ok ids
⊢ Prop
error: LidoSRv3/Audit/Source/AddressPermitRequestCalls.lean:97:16: don't know how to synthesize placeholder for argument `w`
context:
permit : External
ctx : Context
target : Address
p : PermitInput
batch : Exec (List ℕ)
effect : List ℕ → World → World → List Attempt → Prop
batch_success :
  ∀ (w : World) (ids : List ℕ), (batch w).outcome = Except.ok ids → effect ids w (batch w).world (batch w).attempts
before : World
ids : List ℕ
h : (runPermit permit ctx target p batch before).outcome = Except.ok ids
hp : (program permit ctx target p batch before).outcome = Except.ok ids
data : Bytes
hc : (permitCall permit ctx target p before).outcome = Except.ok data
hb : (batch (permitCall permit ctx target p before).world).outcome = Except.ok ids
⊢ List Attempt
error: Lean exited with code 1
Some required targets logged failures:
- LidoSRv3.Audit.Source.AddressPermitRequestCalls
error: build failed
