⚠ [11/309] Replayed Verity.Core
warning: Verity/Core.lean:606:2: try 'simp' instead of 'simpa'

Note: This linter can be disabled with `set_option linter.unnecessarySimpa false`
warning: Verity/Core.lean:1041:2: try 'simp' instead of 'simpa'

Note: This linter can be disabled with `set_option linter.unnecessarySimpa false`
warning: Verity/Core.lean:1273:2: try 'simp' instead of 'simpa'

Note: This linter can be disabled with `set_option linter.unnecessarySimpa false`
⚠ [1130/1266] Replayed Conform.Wheels
warning: Conform/Wheels.lean:106:47: `IsAntisymm` has been deprecated: Use `Std.Antisymm` instead

Note: The updated constant has a different type:
  {α : Sort u} → (α → α → Prop) → Prop
instead of
  (α : Sort u_1) → (α → α → Prop) → Prop
warning: Conform/Wheels.lean:106:70: `IsTotal` has been deprecated: Use `Std.Total` instead

Note: The updated constant has a different type:
  {α : Sort u} → (α → α → Prop) → Prop
instead of
  (α : Sort u_1) → (α → α → Prop) → Prop
⚠ [1131/1266] Replayed EvmYul.Pretty
warning: EvmYul/Pretty.lean:35:32: `IsAntisymm` has been deprecated: Use `Std.Antisymm` instead

Note: The updated constant has a different type:
  {α : Sort u} → (α → α → Prop) → Prop
instead of
  (α : Sort u_1) → (α → α → Prop) → Prop
warning: EvmYul/Pretty.lean:36:32: `IsTotal` has been deprecated: Use `Std.Total` instead

Note: The updated constant has a different type:
  {α : Sort u} → (α → α → Prop) → Prop
instead of
  (α : Sort u_1) → (α → α → Prop) → Prop
⚠ [1178/1266] Replayed EvmYul.Semantics
warning: EvmYul/Semantics.lean:1:0: 'Mathlib.Data.Array.Defs' has been deprecated: please replace this import by

import Mathlib.Init
⚠ [1179/1266] Replayed EvmYul.EVM.Semantics
warning: EvmYul/EVM/Semantics.lean:1:0: 'Mathlib.Data.Array.Defs' has been deprecated: please replace this import by

import Mathlib.Init
⚠ [1217/1266] Replayed LidoSRv3.Audit.Verity.TopupTx
warning: LidoSRv3/Audit/Verity/TopupTx.lean:293:8: try 'simp' instead of 'simpa'

Note: This linter can be disabled with `set_option linter.unnecessarySimpa false`
warning: LidoSRv3/Audit/Verity/TopupTx.lean:872:13: This simp argument is unused:
  uint256Modulus

Hint: Omit it from the simp argument list.
  simp [pushEntry, scheduledDeposit, linkedCallEntryTo, linkedCallEntry, e̵v̵m̵W̵o̵r̵d̵,̵ ̵u̵i̵n̵t̵2̵5̵6̵M̵o̵d̵u̵l̵u̵s̵]̵e̲v̲m̲W̲o̲r̲d̲]̲

Note: This linter can be disabled with `set_option linter.unusedSimpArgs false`
warning: LidoSRv3/Audit/Verity/TopupTx.lean:965:19: This simp argument is unused:
  Nat.mod_eq_of_lt hNoWrap

Hint: Omit it from the simp argument list.
  simp [evmWord,̵ ̵N̵a̵t̵.̵m̵o̵d̵_̵e̵q̵_̵o̵f̵_̵l̵t̵ ̵h̵N̵o̵W̵r̵a̵p̵]

Note: This linter can be disabled with `set_option linter.unusedSimpArgs false`
warning: LidoSRv3/Audit/Verity/TopupTx.lean:1279:5: Variable name `hwcLen` is not explicitly referenced.

The binding can be removed (if unused) or named `_` (if used implicitly).

Note: This linter can be disabled with `set_option linter.unusedVariables false`
⚠ [1260/1266] Replayed audit.trio.consolidation.GatewayCall
warning: audit/trio/consolidation/GatewayCall.lean:187:79: This simp argument is unused:
  pureExec

Hint: Omit it from the simp argument list.
  simp only [addConsolidationRequestsLoop, validatePublicKey, pubkeyLength, ̲h̲s̲'̲,̲
                      hs̵'̵,̵ ̵h̵t', decide_true, Live.require, bind, bindExec, pure, ̵p̵u̵r̵e̵E̵x̵e̵c̵,̵
                      callAddConsolidationRequest, hc, List.nil_append]

Note: This linter can be disabled with `set_option linter.unusedSimpArgs false`
warning: audit/trio/consolidation/GatewayCall.lean:188:49: This simp argument is unused:
  hc

Hint: Omit it from the simp argument list.
  simp only [addConsolidationRequestsLoop, validatePublicKey, pubkeyLength,
  ̵  ̵ ̵ ̵ ̵ ̵ ̵ ̵ ̵ ̵ ̵ ̵ ̵ ̵ ̵ ̵ ̵ ̵ ̵ ̵hs',
  ̲  ̲ ̲ ̲ ̲ ̲ ̲ ̲ ̲ ̲ ̲ ̲ ̲ ̲ ̲ ̲ ̲ ̲ ̲ ̲ht', decide_true, Live.require, bind, bindExec, pure, pureExec,
                      callAddConsolidationRequest, h̵c̵,̵ ̵List.nil_append]

Note: This linter can be disabled with `set_option linter.unusedSimpArgs false`
warning: audit/trio/consolidation/GatewayCall.lean:188:53: This simp argument is unused:
  List.nil_append

Hint: Omit it from the simp argument list.
  simp only [addConsolidationRequestsLoop, validatePublicKey, pubkeyLength, hs',
  ̲  ̲ ̲ ̲ ̲ ̲ ̲ ̲ ̲ ̲ ̲ ̲ ̲ ̲ ̲ ̲ ̲ ̲ ̲ ̲ht', decide_true, Live.require, bind, bindExec, pure, pureExec,
                      callAddConsolidationRequest, h̵c̵,̵ ̵L̵i̵s̵t̵.̵n̵i̵l̵_̵a̵p̵p̵e̵n̵d̵]̵h̲c̲]̲

Note: This linter can be disabled with `set_option linter.unusedSimpArgs false`
warning: audit/trio/consolidation/GatewayCall.lean:259:54: Used `tac1 <;> tac2` where `(tac1; tac2)` would suffice

Note: This linter can be disabled with `set_option linter.unnecessarySeqFocus false`
info: audit/trio/consolidation/GatewayCall.lean:366:0: 'audit.trio.consolidation.GatewayCall.execute_success_requests' depends on axioms: [propext,
 Classical.choice,
 Quot.sound]
info: audit/trio/consolidation/GatewayCall.lean:367:0: 'audit.trio.consolidation.GatewayCall.invoke_failure_restores' depends on axioms: [propext]
ℹ [1261/1266] Replayed audit.trio.consolidation.GatewaySettlement
info: audit/trio/consolidation/GatewaySettlement.lean:399:0: 'audit.trio.consolidation.GatewaySettlement.countGroups_success' depends on axioms: [propext, Quot.sound]
info: audit/trio/consolidation/GatewaySettlement.lean:400:0: 'audit.trio.consolidation.GatewaySettlement.quote_success' depends on axioms: [propext, Quot.sound]
info: audit/trio/consolidation/GatewaySettlement.lean:401:0: 'audit.trio.consolidation.GatewaySettlement.settle_success' depends on axioms: [propext]
info: audit/trio/consolidation/GatewaySettlement.lean:402:0: 'audit.trio.consolidation.GatewaySettlement.afterQuote_success' depends on axioms: [propext, Quot.sound]
info: audit/trio/consolidation/GatewaySettlement.lean:403:0: 'audit.trio.consolidation.GatewaySettlement.body_success' depends on axioms: [propext, Quot.sound]
info: audit/trio/consolidation/GatewaySettlement.lean:404:0: 'audit.trio.consolidation.GatewaySettlement.execute_success' depends on axioms: [propext, Quot.sound]
info: audit/trio/consolidation/GatewaySettlement.lean:405:0: 'audit.trio.consolidation.GatewaySettlement.failure_restores' depends on axioms: [propext]
ℹ [1262/1266] Replayed LidoSRv3.Audit.Guarantees.PConsolidationEth1ActualSettlement
info: LidoSRv3/Audit/Guarantees/PConsolidationEth1ActualSettlement.lean:40:0: 'LidoSRv3.Audit.Guarantees.PConsolidationEth1.actual_settlement_success' depends on axioms: [propext, Quot.sound]
info: LidoSRv3/Audit/Guarantees/PConsolidationEth1ActualSettlement.lean:41:0: 'LidoSRv3.Audit.Guarantees.PConsolidationEth1.actual_settlement_failure_restores' depends on axioms: [propext]
ℹ [1263/1266] Replayed audit.trio.consolidation.SettlementRequests
info: audit/trio/consolidation/SettlementRequests.lean:87:0: 'audit.trio.consolidation.SettlementRequests.execute_success' depends on axioms: [propext, Classical.choice, Quot.sound]
ℹ [1264/1266] Replayed LidoSRv3.Audit.Guarantees.PConsolidationEth1Requests
info: LidoSRv3/Audit/Guarantees/PConsolidationEth1Requests.lean:22:0: 'LidoSRv3.Audit.Guarantees.PConsolidationEth1.actual_settlement_requests' depends on axioms: [propext,
 Classical.choice,
 Quot.sound]
ℹ [1265/1266] Replayed LidoSRv3.Tests.ConsolidationSettlementRegression
info: LidoSRv3/Tests/ConsolidationSettlementRegression.lean:120:0: 'LidoSRv3.Tests.ConsolidationSettlementRegression.accepted_refund_balance_change_rejected' depends on axioms: [propext]
info: LidoSRv3/Tests/ConsolidationSettlementRegression.lean:121:0: 'LidoSRv3.Tests.ConsolidationSettlementRegression.code_less_vault_typed_decode_failure' depends on axioms: [propext]
info: LidoSRv3/Tests/ConsolidationSettlementRegression.lean:122:0: 'LidoSRv3.Tests.ConsolidationSettlementRegression.same_world_success' depends on axioms: [propext]
info: LidoSRv3/Tests/ConsolidationSettlementRegression.lean:123:0: 'LidoSRv3.Tests.ConsolidationSettlementRegression.nested_quote_vault_refund_order' depends on axioms: [propext]
info: LidoSRv3/Tests/ConsolidationSettlementRegression.lean:124:0: 'LidoSRv3.Tests.ConsolidationSettlementRegression.refund_reject_rolls_back_prior_vault_storage_and_value' depends on axioms: [propext]
info: LidoSRv3/Tests/ConsolidationSettlementRegression.lean:125:0: 'LidoSRv3.Tests.ConsolidationSettlementRegression.zero_refund_skips_rejecting_recipient' depends on axioms: [propext]
info: LidoSRv3/Tests/ConsolidationSettlementRegression.lean:126:0: 'LidoSRv3.Tests.ConsolidationSettlementRegression.zero_recipient_uses_code_less_sender' depends on axioms: [propext]
info: LidoSRv3/Tests/ConsolidationSettlementRegression.lean:127:0: 'LidoSRv3.Tests.ConsolidationSettlementRegression.fee_requoted_in_vault_world' depends on axioms: [propext]
info: LidoSRv3/Tests/ConsolidationSettlementRegression.lean:128:0: 'LidoSRv3.Tests.ConsolidationSettlementRegression.fee_product_overflow_before_vault' depends on axioms: [propext]
info: LidoSRv3/Tests/ConsolidationSettlementRegression.lean:129:0: 'LidoSRv3.Tests.ConsolidationSettlementRegression.short_inner_fee_reply_rejected' depends on axioms: [propext]
info: LidoSRv3/Tests/ConsolidationSettlementRegression.lean:130:0: 'LidoSRv3.Tests.ConsolidationSettlementRegression.checked_count_overflow' depends on axioms: [propext]
ℹ [1266/1266] Built LidoSRv3.Tests.ConsolidationSettlementRequestsRegression (2.3s)
info: LidoSRv3/Tests/ConsolidationSettlementRequestsRegression.lean:70:0: 'LidoSRv3.Tests.ConsolidationSettlementRequestsRegression.actual_two_requests_joint_consumer' depends on axioms: [propext,
 Classical.choice,
 Quot.sound]
info: LidoSRv3/Tests/ConsolidationSettlementRequestsRegression.lean:71:0: 'LidoSRv3.Tests.ConsolidationSettlementRequestsRegression.actual_bytes_decode' depends on axioms: [propext]
info: LidoSRv3/Tests/ConsolidationSettlementRequestsRegression.lean:72:0: 'LidoSRv3.Tests.ConsolidationSettlementRequestsRegression.decoded_loop_and_refund_effects' depends on axioms: [propext]
info: LidoSRv3/Tests/ConsolidationSettlementRequestsRegression.lean:73:0: 'LidoSRv3.Tests.ConsolidationSettlementRequestsRegression.zero_refund_joint_consumer' depends on axioms: [propext,
 Classical.choice,
 Quot.sound]
info: LidoSRv3/Tests/ConsolidationSettlementRequestsRegression.lean:74:0: 'LidoSRv3.Tests.ConsolidationSettlementRequestsRegression.distinct_fee_read_worlds' depends on axioms: [propext]
info: LidoSRv3/Tests/ConsolidationSettlementRequestsRegression.lean:75:0: 'LidoSRv3.Tests.ConsolidationSettlementRequestsRegression.changed_inner_fee_rejects_and_restores' depends on axioms: [propext]
info: LidoSRv3/Tests/ConsolidationSettlementRequestsRegression.lean:76:0: 'LidoSRv3.Tests.ConsolidationSettlementRequestsRegression.rejected_refund_restores_inbox_effects' depends on axioms: [propext]
Build completed successfully (1266 jobs).
