⚠ [11/654] Replayed Verity.Core
warning: Verity/Core.lean:606:2: try 'simp' instead of 'simpa'

Note: This linter can be disabled with `set_option linter.unnecessarySimpa false`
warning: Verity/Core.lean:1041:2: try 'simp' instead of 'simpa'

Note: This linter can be disabled with `set_option linter.unnecessarySimpa false`
warning: Verity/Core.lean:1273:2: try 'simp' instead of 'simpa'

Note: This linter can be disabled with `set_option linter.unnecessarySimpa false`
⚠ [1079/1208] Replayed Conform.Wheels
warning: Conform/Wheels.lean:106:47: `IsAntisymm` has been deprecated: Use `Std.Antisymm` instead

Note: The updated constant has a different type:
  {α : Sort u} → (α → α → Prop) → Prop
instead of
  (α : Sort u_1) → (α → α → Prop) → Prop
warning: Conform/Wheels.lean:106:70: `IsTotal` has been deprecated: Use `Std.Total` instead

Note: The updated constant has a different type:
  {α : Sort u} → (α → α → Prop) → Prop
instead of
  (α : Sort u_1) → (α → α → Prop) → Prop
⚠ [1080/1208] Replayed EvmYul.Pretty
warning: EvmYul/Pretty.lean:35:32: `IsAntisymm` has been deprecated: Use `Std.Antisymm` instead

Note: The updated constant has a different type:
  {α : Sort u} → (α → α → Prop) → Prop
instead of
  (α : Sort u_1) → (α → α → Prop) → Prop
warning: EvmYul/Pretty.lean:36:32: `IsTotal` has been deprecated: Use `Std.Total` instead

Note: The updated constant has a different type:
  {α : Sort u} → (α → α → Prop) → Prop
instead of
  (α : Sort u_1) → (α → α → Prop) → Prop
⚠ [1127/1208] Replayed EvmYul.Semantics
warning: EvmYul/Semantics.lean:1:0: 'Mathlib.Data.Array.Defs' has been deprecated: please replace this import by

import Mathlib.Init
⚠ [1128/1208] Replayed EvmYul.EVM.Semantics
warning: EvmYul/EVM/Semantics.lean:1:0: 'Mathlib.Data.Array.Defs' has been deprecated: please replace this import by

import Mathlib.Init
⚠ [1259/1275] Replayed LidoSRv3.Audit.Verity.AddressRecipientCallBridge
warning: LidoSRv3/Audit/Verity/AddressRecipientCallBridge.lean:671:56: This simp argument is unused:
  pureExec

Hint: Omit it from the simp argument list.
  simp [claimTo, Bind.bind, bindExec, hs, hc, LidoSRv3.Audit.Source.TrioReserve1.Live.emit,
  ̲  ̲ ̲ ̲ ̲ ̲ ̲ ̲ ̲ ̲p̵u̵r̵e̵E̵x̵e̵c̵,̵ ̵hsa]

Note: This linter can be disabled with `set_option linter.unusedSimpArgs false`
warning: LidoSRv3/Audit/Verity/AddressRecipientCallBridge.lean:674:94: This simp argument is unused:
  pureExec

Hint: Omit it from the simp argument list.
  simp [claimTo, Bind.bind, bindExec, hs, hc, LidoSRv3.Audit.Source.TrioReserve1.Live.emit,
  ̲ p̵u̵r̵e̵E̵x̵e̵c̵,̵  ̲ ̲claimEvents, List.append_assoc]

Note: This linter can be disabled with `set_option linter.unusedSimpArgs false`
warning: LidoSRv3/Audit/Verity/AddressRecipientCallBridge.lean:732:30: This simp argument is unused:
  hn

Hint: Omit it from the simp argument list.
  simp [claimWithdrawalsTo, hn,̵ ̵h̵n̵0, hl, zeroAddress, Pure.pure,
  ̲  ̲ ̲ ̲ ̲ ̲LidoSRv3.Audit.Source.TrioReserve1.Live.require, Bind.bind, bindExec, fail, pureExec] at hs

Note: This linter can be disabled with `set_option linter.unusedSimpArgs false`
warning: LidoSRv3/Audit/Verity/AddressRecipientCallBridge.lean:735:30: This simp argument is unused:
  hn

Hint: Omit it from the simp argument list.
  simp [claimWithdrawalsTo, hn,̵ ̵h̵n̵0, hl, zeroAddress, Pure.pure,
  ̲  ̲ ̲ ̲ ̲ ̲LidoSRv3.Audit.Source.TrioReserve1.Live.require, Bind.bind, bindExec, pureExec]

Note: This linter can be disabled with `set_option linter.unusedSimpArgs false`
info: LidoSRv3/Audit/Verity/AddressRecipientCallBridge.lean:739:0: 'LidoSRv3.Audit.Verity.AddressRecipientCallBridge.claimTo_success' depends on axioms: [propext,
 Classical.choice,
 Quot.sound]
info: LidoSRv3/Audit/Verity/AddressRecipientCallBridge.lean:740:0: 'LidoSRv3.Audit.Verity.AddressRecipientCallBridge.runClaimWithdrawalsTo_success' depends on axioms: [propext,
 Classical.choice,
 Quot.sound]
✖ [1274/1275] Building LidoSRv3.Audit.Source.AddressStETHQuoteCalls (1.5s)
trace: .> LEAN_PATH=/Users/thomas/work/lido/local-lido-proofs/.lake/packages/Cli/.lake/build/lib/lean:/Users/thomas/work/lido/local-lido-proofs/.lake/packages/batteries/.lake/build/lib/lean:/Users/thomas/work/lido/local-lido-proofs/.lake/packages/Qq/.lake/build/lib/lean:/Users/thomas/work/lido/local-lido-proofs/.lake/packages/aesop/.lake/build/lib/lean:/Users/thomas/work/lido/local-lido-proofs/.lake/packages/proofwidgets/.lake/build/lib/lean:/Users/thomas/work/lido/local-lido-proofs/.lake/packages/importGraph/.lake/build/lib/lean:/Users/thomas/work/lido/local-lido-proofs/.lake/packages/LeanSearchClient/.lake/build/lib/lean:/Users/thomas/work/lido/local-lido-proofs/.lake/packages/plausible/.lake/build/lib/lean:/Users/thomas/work/lido/local-lido-proofs/.lake/packages/mathlib/.lake/build/lib/lean:/Users/thomas/work/lido/local-lido-proofs/.lake/packages/evmyul/.lake/build/lib/lean:/Users/thomas/work/lido/local-lido-proofs/.lake/packages/verity/.lake/build/lib/lean:/private/tmp/lido-address-steth-quote/.lake/build/lib/lean /Users/thomas/.elan/toolchains/leanprover--lean4---v4.31.0/bin/lean /private/tmp/lido-address-steth-quote/LidoSRv3/Audit/Source/AddressStETHQuoteCalls.lean -o /private/tmp/lido-address-steth-quote/.lake/build/lib/lean/LidoSRv3/Audit/Source/AddressStETHQuoteCalls.olean -i /private/tmp/lido-address-steth-quote/.lake/build/lib/lean/LidoSRv3/Audit/Source/AddressStETHQuoteCalls.ilean -c /private/tmp/lido-address-steth-quote/.lake/build/ir/LidoSRv3/Audit/Source/AddressStETHQuoteCalls.c --setup /private/tmp/lido-address-steth-quote/.lake/build/ir/LidoSRv3/Audit/Source/AddressStETHQuoteCalls.setup.json --json
error: LidoSRv3/Audit/Source/AddressStETHQuoteCalls.lean:64:4: Tactic `split` failed: Could not split an `if` or `match` expression in the type
  (have numerator := internalEther target w;
    have denominator := internalShares target w;
    have product := amount.val * denominator % 2 ^ 256;
    if numerator = 0 then Except.error (Fault.bubbled []) else Except.ok (word (product / numerator))) =
    Except.ok shares
of `h`

Hint: Use `set_option trace.split.failure true` to display additional diagnostic information

case isFalse
target : Address
amount shares : Word
w : World
ha : ¬amount.val ≥ 2 ^ 128 - 1
h :
  (have numerator := internalEther target w;
    have denominator := internalShares target w;
    have product := amount.val * denominator % 2 ^ 256;
    if numerator = 0 then Except.error (Fault.bubbled []) else Except.ok (word (product / numerator))) =
    Except.ok shares
⊢ QuoteFormula target amount.val shares w
error: Lean exited with code 1
Some required targets logged failures:
- LidoSRv3.Audit.Source.AddressStETHQuoteCalls
error: build failed
