⚠ [438/541] Replayed LidoSRv3.Audit.SszDepositEquivalence
warning: LidoSRv3/Audit/SszDepositEquivalence.lean:93:4: This simp argument is unused:
  Ssz.traverseBranch

Hint: Omit it from the simp argument list.
  simp [structuralEncoding, structuralWitness, structuralCombine, Ssz.validatorRoot,̵
  ̵ ̵ ̵ ̵ ̵S̵s̵z̵.̵t̵r̵a̵v̵e̵r̵s̵e̵B̵r̵a̵n̵c̵h̵]

Note: This linter can be disabled with `set_option linter.unusedSimpArgs false`
warning: LidoSRv3/Audit/SszDepositEquivalence.lean:213:12: This simp argument is unused:
  sourceWitness

Hint: Omit it from the simp argument list.
  simp [̵s̵o̵u̵r̵c̵e̵W̵i̵t̵n̵e̵s̵s̵,̵ ̵s̵t̵r̵u̵c̵t̵u̵r̵a̵l̵W̵i̵t̵n̵e̵s̵s̵]̵[̲s̲t̲r̲u̲c̲t̲u̲r̲a̲l̲W̲i̲t̲n̲e̲s̲s̲]̲

Note: This linter can be disabled with `set_option linter.unusedSimpArgs false`
warning: LidoSRv3/Audit/SszDepositEquivalence.lean:213:27: This simp argument is unused:
  structuralWitness

Hint: Omit it from the simp argument list.
  simp [sourceWitness,̵ ̵s̵t̵r̵u̵c̵t̵u̵r̵a̵l̵W̵i̵t̵n̵e̵s̵s̵]

Note: This linter can be disabled with `set_option linter.unusedSimpArgs false`
⚠ [500/541] Replayed Verity.Core
warning: Verity/Core.lean:606:2: try 'simp' instead of 'simpa'

Note: This linter can be disabled with `set_option linter.unnecessarySimpa false`
warning: Verity/Core.lean:1041:2: try 'simp' instead of 'simpa'

Note: This linter can be disabled with `set_option linter.unnecessarySimpa false`
warning: Verity/Core.lean:1273:2: try 'simp' instead of 'simpa'

Note: This linter can be disabled with `set_option linter.unnecessarySimpa false`
⚠ [511/541] Replayed LidoSRv3.Audit.Verity.SszTxSimulation
warning: LidoSRv3/Audit/Verity/SszTxSimulation.lean:317:8: try 'simp' instead of 'simpa'

Note: This linter can be disabled with `set_option linter.unnecessarySimpa false`
info: LidoSRv3/Audit/Verity/SszTxSimulation.lean:346:0: LidoSRv3.Audit.Verity.SszTxSimulation.ssz_tx_simulation_correct {State : Type} (input : TxInputs) (before after : State)
  (attempts : List CallAttempt) (trace : CommitTrace) (hwidths : exactTxWidths input) :
  exactTxWidths input ∧
    (digestPreimages input.toInputs).length = 7 ∧
      (runVerification input = VerificationOutcome.accept ↔ computedRoot input = input.expectedDepositDataRoot) ∧
        (runVerification input = VerificationOutcome.revertRootMismatch →
          (transactionObservation input before after attempts trace).committedState = before)
info: LidoSRv3/Audit/Verity/SszTxSimulation.lean:347:0: LidoSRv3.Audit.Verity.SszTxSimulation.sha256_call_world_rollback (input : Inputs) (adversary : AdversaryModel)
  (state : CallState) : (DenoteExternalCalls.denote (sha256Calls input) adversary state).snd.world = state.world
info: LidoSRv3/Audit/Verity/SszTxSimulation.lean:348:0: Compiler.CompilationModel.Denote.Sha256.denote_success_compose (oracle : StaticCallOracle)
  (fipsSha256 : ByteArray → ByteArray) (world : Verity.ContractState) (inputOffset inputSize outputOffset : Nat)
  (digest : Digest) (sha256_correct : sha256_correct oracle fipsSha256)
  (hcall : oracle (request world.memory inputOffset inputSize outputOffset) = StaticCallResult.success digest) :
  Denote.Sha256.denote oracle world inputOffset inputSize outputOffset =
    Outcome.success (digestWord (fipsSha256 (memorySlice world.memory inputOffset inputSize)))
      (writeDigest world outputOffset (fipsSha256 (memorySlice world.memory inputOffset inputSize)))
⚠ [1152/1154] Replayed Conform.Wheels
warning: Conform/Wheels.lean:106:47: `IsAntisymm` has been deprecated: Use `Std.Antisymm` instead

Note: The updated constant has a different type:
  {α : Sort u} → (α → α → Prop) → Prop
instead of
  (α : Sort u_1) → (α → α → Prop) → Prop
warning: Conform/Wheels.lean:106:70: `IsTotal` has been deprecated: Use `Std.Total` instead

Note: The updated constant has a different type:
  {α : Sort u} → (α → α → Prop) → Prop
instead of
  (α : Sort u_1) → (α → α → Prop) → Prop
⚠ [1155/1222] Replayed EvmYul.Pretty
warning: EvmYul/Pretty.lean:35:32: `IsAntisymm` has been deprecated: Use `Std.Antisymm` instead

Note: The updated constant has a different type:
  {α : Sort u} → (α → α → Prop) → Prop
instead of
  (α : Sort u_1) → (α → α → Prop) → Prop
warning: EvmYul/Pretty.lean:36:32: `IsTotal` has been deprecated: Use `Std.Total` instead

Note: The updated constant has a different type:
  {α : Sort u} → (α → α → Prop) → Prop
instead of
  (α : Sort u_1) → (α → α → Prop) → Prop
⚠ [1196/1222] Replayed EvmYul.Semantics
warning: EvmYul/Semantics.lean:1:0: 'Mathlib.Data.Array.Defs' has been deprecated: please replace this import by

import Mathlib.Init
⚠ [1197/1222] Replayed EvmYul.EVM.Semantics
warning: EvmYul/EVM/Semantics.lean:1:0: 'Mathlib.Data.Array.Defs' has been deprecated: please replace this import by

import Mathlib.Init
ℹ [1215/1222] Replayed LidoSRv3.Audit.Source.SszWitnessAbi
info: LidoSRv3/Audit/Source/SszWitnessAbi.lean:326:0: 'LidoSRv3.Audit.Source.SszWitnessAbi.run_success_input_binding' depends on axioms: [propext,
 Classical.choice,
 Quot.sound]
info: LidoSRv3/Audit/Source/SszWitnessAbi.lean:327:0: 'LidoSRv3.Audit.Source.SszWitnessAbi.pubkey_environment' depends on axioms: [propext, Classical.choice, Quot.sound]
info: LidoSRv3/Audit/Source/SszWitnessAbi.lean:328:0: 'LidoSRv3.Audit.Source.SszWitnessAbi.pair_environment' depends on axioms: [propext, Classical.choice, Quot.sound]
info: LidoSRv3/Audit/Source/SszWitnessAbi.lean:329:0: 'LidoSRv3.Audit.Source.SszWitnessAbi.merkle_environment' depends on axioms: [propext, Classical.choice, Quot.sound]
info: LidoSRv3/Audit/Source/SszWitnessAbi.lean:330:0: 'LidoSRv3.Audit.Source.SszWitnessAbi.call_environment' depends on axioms: [propext, Classical.choice, Quot.sound]
info: LidoSRv3/Audit/Source/SszWitnessAbi.lean:331:0: 'LidoSRv3.Audit.Source.SszWitnessAbi.fields_success' depends on axioms: [propext, Classical.choice, Quot.sound]
info: LidoSRv3/Audit/Source/SszWitnessAbi.lean:332:0: 'LidoSRv3.Audit.Source.SszWitnessAbi.run_success_origin' depends on axioms: [propext, Classical.choice, Quot.sound]
info: LidoSRv3/Audit/Source/SszWitnessAbi.lean:334:0: 'LidoSRv3.Audit.Source.SszWitnessAbi.read64_success' depends on axioms: [propext, Classical.choice, Quot.sound]
info: LidoSRv3/Audit/Source/SszWitnessAbi.lean:335:0: 'LidoSRv3.Audit.Source.SszWitnessAbi.readBool_success' depends on axioms: [propext, Classical.choice, Quot.sound]
info: LidoSRv3/Audit/Source/SszWitnessAbi.lean:336:0: 'LidoSRv3.Audit.Source.SszWitnessAbi.tail_success_length' depends on axioms: [propext, Classical.choice, Quot.sound]
ℹ [1216/1222] Replayed LidoSRv3.Audit.Source.SszShaCommitted
info: LidoSRv3/Audit/Source/SszShaCommitted.lean:337:0: 'LidoSRv3.Audit.Source.SszShaCommitted.run_success_computed_merkle' depends on axioms: [propext,
 Classical.choice,
 Quot.sound]
info: LidoSRv3/Audit/Source/SszShaCommitted.lean:338:0: 'LidoSRv3.Audit.Source.SszShaCommitted.pubkey_success_words' depends on axioms: [propext, Classical.choice, Quot.sound]
info: LidoSRv3/Audit/Source/SszShaCommitted.lean:339:0: 'LidoSRv3.Audit.Source.SszShaCommitted.merkle_success_digest' depends on axioms: [propext, Classical.choice, Quot.sound]
info: LidoSRv3/Audit/Source/SszShaCommitted.lean:340:0: 'LidoSRv3.Audit.Source.SszShaCommitted.call_words' depends on axioms: [propext, Classical.choice, Quot.sound]
info: LidoSRv3/Audit/Source/SszShaCommitted.lean:341:0: 'LidoSRv3.Audit.Source.SszShaCommitted.pair_success_words' depends on axioms: [propext, Classical.choice, Quot.sound]
info: LidoSRv3/Audit/Source/SszShaCommitted.lean:342:0: 'LidoSRv3.Audit.Source.SszShaCommitted.pair_success_digest' depends on axioms: [propext, Classical.choice, Quot.sound]
info: LidoSRv3/Audit/Source/SszShaCommitted.lean:343:0: 'LidoSRv3.Audit.Source.SszShaCommitted.call_success_output' depends on axioms: [propext, Classical.choice, Quot.sound]
info: LidoSRv3/Audit/Source/SszShaCommitted.lean:344:0: 'LidoSRv3.Audit.Source.SszShaCommitted.pair_success_output' depends on axioms: [propext, Classical.choice, Quot.sound]
info: LidoSRv3/Audit/Source/SszShaCommitted.lean:345:0: 'LidoSRv3.Audit.Source.SszShaCommitted.call_success_gas' depends on axioms: [propext, Classical.choice, Quot.sound]
info: LidoSRv3/Audit/Source/SszShaCommitted.lean:346:0: 'LidoSRv3.Audit.Source.SszShaCommitted.call_success_depth' depends on axioms: [propext, Classical.choice, Quot.sound]
⚠ [1217/1222] Replayed LidoSRv3.Audit.Source.SszPubkeyBytes
warning: LidoSRv3/Audit/Source/SszPubkeyBytes.lean:32:91: This simp argument is unused:
  Nat.zero_add

Hint: Omit it from the simp argument list.
  simp only [ByteArray.size, ̲Array.size_append, ̲Array.size_replicate, ̲hlower, ̲Nat.sub_zero,̵N̵a̵t̵.̵z̵e̵r̵o̵_̵a̵d̵d̵]

Note: This linter can be disabled with `set_option linter.unusedSimpArgs false`
warning: LidoSRv3/Audit/Source/SszPubkeyBytes.lean:44:78: This simp argument is unused:
  Nat.sub_zero

Hint: Omit it from the simp argument list.
  simp only [ByteArray.size, ̲Array.size_append, ̲Array.size_replicate, ̲hlower, ̲Nat.s̵u̵b̵_̵zero,̵N̵a̵t̵.̵z̵e̵r̵o̵_add]

Note: This linter can be disabled with `set_option linter.unusedSimpArgs false`
info: LidoSRv3/Audit/Source/SszPubkeyBytes.lean:232:0: 'LidoSRv3.Audit.Source.SszPubkeyBytes.key_size' depends on axioms: [propext, Quot.sound]
info: LidoSRv3/Audit/Source/SszPubkeyBytes.lean:233:0: 'LidoSRv3.Audit.Source.SszPubkeyBytes.block_size' depends on axioms: [propext, Quot.sound]
info: LidoSRv3/Audit/Source/SszPubkeyBytes.lean:234:0: 'LidoSRv3.Audit.Source.SszPubkeyBytes.block_eq_raw' depends on axioms: [propext, Quot.sound]
info: LidoSRv3/Audit/Source/SszPubkeyBytes.lean:235:0: 'LidoSRv3.Audit.Source.SszPubkeyBytes.pubkey_digest_typed' depends on axioms: [propext, Classical.choice, Quot.sound]
info: LidoSRv3/Audit/Source/SszPubkeyBytes.lean:236:0: 'LidoSRv3.Audit.Source.SszPubkeyBytes.computed_leaf_typed' depends on axioms: [propext, Classical.choice, Quot.sound]
info: LidoSRv3/Audit/Source/SszPubkeyBytes.lean:237:0: 'LidoSRv3.Audit.Source.SszPubkeyBytes.witness_key_length' depends on axioms: [propext, Classical.choice, Quot.sound]
info: LidoSRv3/Audit/Source/SszPubkeyBytes.lean:238:0: 'LidoSRv3.Audit.Source.SszPubkeyBytes.run_success_computed_leaf' depends on axioms: [propext,
 Classical.choice,
 Quot.sound]
info: LidoSRv3/Audit/Source/SszPubkeyBytes.lean:239:0: 'LidoSRv3.Audit.Source.SszPubkeyBytes.pubkey_success_digest' depends on axioms: [propext, Classical.choice, Quot.sound]
info: LidoSRv3/Audit/Source/SszPubkeyBytes.lean:240:0: 'LidoSRv3.Audit.Source.SszPubkeyBytes.memory_exact' depends on axioms: [propext, Classical.choice, Quot.sound]
info: LidoSRv3/Audit/Source/SszPubkeyBytes.lean:241:0: 'LidoSRv3.Audit.Source.SszPubkeyBytes.read_exact' depends on axioms: [propext, Classical.choice, Quot.sound]
info: LidoSRv3/Audit/Source/SszPubkeyBytes.lean:242:0: 'LidoSRv3.Audit.Source.SszPubkeyBytes.copy_padded' depends on axioms: [propext, Classical.choice, Quot.sound]
ℹ [1218/1222] Replayed LidoSRv3.Audit.Source.SszProofCommitted
info: LidoSRv3/Audit/Source/SszProofCommitted.lean:300:0: 'LidoSRv3.Audit.Source.SszProofCommitted.proofWords_length_le' depends on axioms: [propext]
info: LidoSRv3/Audit/Source/SszProofCommitted.lean:301:0: 'LidoSRv3.Audit.Source.SszProofCommitted.verify_success_depth' depends on axioms: [propext,
 Classical.choice,
 Quot.sound]
info: LidoSRv3/Audit/Source/SszProofCommitted.lean:302:0: 'LidoSRv3.Audit.Source.SszProofCommitted.run_success_branch' depends on axioms: [propext, Classical.choice, Quot.sound]
info: LidoSRv3/Audit/Source/SszProofCommitted.lean:303:0: 'LidoSRv3.Audit.Source.SszProofCommitted.verify_success_branch' depends on axioms: [propext,
 Classical.choice,
 Quot.sound]
info: LidoSRv3/Audit/Source/SszProofCommitted.lean:304:0: 'LidoSRv3.Audit.Source.SszProofCommitted.loop_success_fold' depends on axioms: [propext, Classical.choice, Quot.sound]
info: LidoSRv3/Audit/Source/SszProofCommitted.lean:305:0: 'LidoSRv3.Audit.Source.SszProofCommitted.step_success_effects' depends on axioms: [propext,
 Classical.choice,
 Quot.sound]
info: LidoSRv3/Audit/Source/SszProofCommitted.lean:306:0: 'LidoSRv3.Audit.Source.SszProofCommitted.step_call_digest' depends on axioms: [propext, Classical.choice, Quot.sound]
info: LidoSRv3/Audit/Source/SszProofCommitted.lean:307:0: 'LidoSRv3.Audit.Source.SszProofCommitted.step_success_shape' depends on axioms: [propext, Classical.choice, Quot.sound]
info: LidoSRv3/Audit/Source/SszProofCommitted.lean:308:0: 'LidoSRv3.Audit.Source.SszProofCommitted.prepared_memory' depends on axioms: [propext, Classical.choice, Quot.sound]
info: LidoSRv3/Audit/Source/SszProofCommitted.lean:309:0: 'LidoSRv3.Audit.Source.SszProofCommitted.prepared_read' depends on axioms: [propext, Classical.choice, Quot.sound]
ℹ [1219/1222] Replayed LidoSRv3.Audit.Source.SszCompiledMemory
info: LidoSRv3/Audit/Source/SszCompiledMemory.lean:575:0: 'LidoSRv3.Audit.Source.SszCompiledMemory.write_word_read' depends on axioms: [propext, Classical.choice, Quot.sound]
info: LidoSRv3/Audit/Source/SszCompiledMemory.lean:576:0: 'LidoSRv3.Audit.Source.SszCompiledMemory.store_load' depends on axioms: [propext, Classical.choice, Quot.sound]
info: LidoSRv3/Audit/Source/SszCompiledMemory.lean:577:0: 'LidoSRv3.Audit.Source.SszCompiledMemory.xi_uses_fresh' depends on axioms: [propext, Classical.choice, Quot.sound]
info: LidoSRv3/Audit/Source/SszCompiledMemory.lean:578:0: 'LidoSRv3.Audit.Source.SszCompiledMemory.prologue_free_pointer' depends on axioms: [propext,
 Classical.choice,
 Quot.sound]
info: LidoSRv3/Audit/Source/SszCompiledMemory.lean:579:0: 'LidoSRv3.Audit.Source.SszCompiledMemory.allocate_success_bound' depends on axioms: [propext,
 Classical.choice,
 Quot.sound]
info: LidoSRv3/Audit/Source/SszCompiledMemory.lean:580:0: 'LidoSRv3.Audit.Source.SszCompiledMemory.allocate_effects' depends on axioms: [propext, Classical.choice, Quot.sound]
info: LidoSRv3/Audit/Source/SszCompiledMemory.lean:581:0: 'LidoSRv3.Audit.Source.SszCompiledMemory.pair_memory' depends on axioms: [propext, Classical.choice, Quot.sound]
info: LidoSRv3/Audit/Source/SszCompiledMemory.lean:582:0: 'LidoSRv3.Audit.Source.SszCompiledMemory.pubkey_memory' depends on axioms: [propext, Classical.choice, Quot.sound]
ℹ [1220/1222] Replayed LidoSRv3.Audit.Source.SszCompiledConsumer
info: LidoSRv3/Audit/Source/SszCompiledConsumer.lean:129:0: 'LidoSRv3.Audit.Source.SszCompiledConsumer.begin_success' depends on axioms: [propext, Classical.choice, Quot.sound]
ℹ [1221/1222] Built LidoSRv3.Audit.Source.SszCompiledMerkle (5.3s)
info: LidoSRv3/Audit/Source/SszCompiledMerkle.lean:583:0: 'LidoSRv3.Audit.Source.SszCompiledMerkle.run_success_branch' depends on axioms: [propext, Classical.choice, Quot.sound]
info: LidoSRv3/Audit/Source/SszCompiledMerkle.lean:584:0: 'LidoSRv3.Audit.Source.SszCompiledMerkle.run_computed_leaf' depends on axioms: [propext, Classical.choice, Quot.sound]
info: LidoSRv3/Audit/Source/SszCompiledMerkle.lean:585:0: 'LidoSRv3.Audit.Source.SszCompiledMerkle.begin_values' depends on axioms: [propext, Classical.choice, Quot.sound]
info: LidoSRv3/Audit/Source/SszCompiledMerkle.lean:586:0: 'LidoSRv3.Audit.Source.SszCompiledMerkle.fields_effects' depends on axioms: [propext, Classical.choice, Quot.sound]
info: LidoSRv3/Audit/Source/SszCompiledMerkle.lean:587:0: 'LidoSRv3.Audit.Source.SszCompiledMerkle.merkle_effects' depends on axioms: [propext, Classical.choice, Quot.sound]
info: LidoSRv3/Audit/Source/SszCompiledMerkle.lean:588:0: 'LidoSRv3.Audit.Source.SszCompiledMerkle.allocate_frame' depends on axioms: [propext, Classical.choice, Quot.sound]
info: LidoSRv3/Audit/Source/SszCompiledMerkle.lean:589:0: 'LidoSRv3.Audit.Source.SszCompiledMerkle.pairStore_effects' depends on axioms: [propext, Classical.choice, Quot.sound]
ℹ [1222/1222] Built LidoSRv3.Audit.Guarantees.PSsz1ActualMemory (3.0s)
info: LidoSRv3/Audit/Guarantees/PSsz1ActualMemory.lean:30:0: 'LidoSRv3.Audit.Guarantees.PSsz1.actual_memory_validator_branch' depends on axioms: [propext,
 Classical.choice,
 Quot.sound]
Build completed successfully (1222 jobs).
