⚠ [1071/1135] Replayed Conform.Wheels
warning: Conform/Wheels.lean:106:47: `IsAntisymm` has been deprecated: Use `Std.Antisymm` instead

Note: The updated constant has a different type:
  {α : Sort u} → (α → α → Prop) → Prop
instead of
  (α : Sort u_1) → (α → α → Prop) → Prop
warning: Conform/Wheels.lean:106:70: `IsTotal` has been deprecated: Use `Std.Total` instead

Note: The updated constant has a different type:
  {α : Sort u} → (α → α → Prop) → Prop
instead of
  (α : Sort u_1) → (α → α → Prop) → Prop
⚠ [1073/1135] Replayed EvmYul.Pretty
warning: EvmYul/Pretty.lean:35:32: `IsAntisymm` has been deprecated: Use `Std.Antisymm` instead

Note: The updated constant has a different type:
  {α : Sort u} → (α → α → Prop) → Prop
instead of
  (α : Sort u_1) → (α → α → Prop) → Prop
warning: EvmYul/Pretty.lean:36:32: `IsTotal` has been deprecated: Use `Std.Total` instead

Note: The updated constant has a different type:
  {α : Sort u} → (α → α → Prop) → Prop
instead of
  (α : Sort u_1) → (α → α → Prop) → Prop
⚠ [1114/1135] Replayed EvmYul.Semantics
warning: EvmYul/Semantics.lean:1:0: 'Mathlib.Data.Array.Defs' has been deprecated: please replace this import by

import Mathlib.Init
⚠ [1115/1135] Replayed EvmYul.EVM.Semantics
warning: EvmYul/EVM/Semantics.lean:1:0: 'Mathlib.Data.Array.Defs' has been deprecated: please replace this import by

import Mathlib.Init
ℹ [1133/1135] Replayed LidoSRv3.Audit.Source.SszWitnessAbi
info: LidoSRv3/Audit/Source/SszWitnessAbi.lean:326:0: 'LidoSRv3.Audit.Source.SszWitnessAbi.run_success_input_binding' depends on axioms: [propext,
 Classical.choice,
 Quot.sound]
info: LidoSRv3/Audit/Source/SszWitnessAbi.lean:327:0: 'LidoSRv3.Audit.Source.SszWitnessAbi.pubkey_environment' depends on axioms: [propext, Classical.choice, Quot.sound]
info: LidoSRv3/Audit/Source/SszWitnessAbi.lean:328:0: 'LidoSRv3.Audit.Source.SszWitnessAbi.pair_environment' depends on axioms: [propext, Classical.choice, Quot.sound]
info: LidoSRv3/Audit/Source/SszWitnessAbi.lean:329:0: 'LidoSRv3.Audit.Source.SszWitnessAbi.merkle_environment' depends on axioms: [propext, Classical.choice, Quot.sound]
info: LidoSRv3/Audit/Source/SszWitnessAbi.lean:330:0: 'LidoSRv3.Audit.Source.SszWitnessAbi.call_environment' depends on axioms: [propext, Classical.choice, Quot.sound]
info: LidoSRv3/Audit/Source/SszWitnessAbi.lean:331:0: 'LidoSRv3.Audit.Source.SszWitnessAbi.fields_success' depends on axioms: [propext, Classical.choice, Quot.sound]
info: LidoSRv3/Audit/Source/SszWitnessAbi.lean:332:0: 'LidoSRv3.Audit.Source.SszWitnessAbi.run_success_origin' depends on axioms: [propext, Classical.choice, Quot.sound]
info: LidoSRv3/Audit/Source/SszWitnessAbi.lean:334:0: 'LidoSRv3.Audit.Source.SszWitnessAbi.read64_success' depends on axioms: [propext, Classical.choice, Quot.sound]
info: LidoSRv3/Audit/Source/SszWitnessAbi.lean:335:0: 'LidoSRv3.Audit.Source.SszWitnessAbi.readBool_success' depends on axioms: [propext, Classical.choice, Quot.sound]
info: LidoSRv3/Audit/Source/SszWitnessAbi.lean:336:0: 'LidoSRv3.Audit.Source.SszWitnessAbi.tail_success_length' depends on axioms: [propext, Classical.choice, Quot.sound]
ℹ [1134/1135] Replayed LidoSRv3.Audit.Source.SszShaCommitted
info: LidoSRv3/Audit/Source/SszShaCommitted.lean:337:0: 'LidoSRv3.Audit.Source.SszShaCommitted.run_success_computed_merkle' depends on axioms: [propext,
 Classical.choice,
 Quot.sound]
info: LidoSRv3/Audit/Source/SszShaCommitted.lean:338:0: 'LidoSRv3.Audit.Source.SszShaCommitted.pubkey_success_words' depends on axioms: [propext, Classical.choice, Quot.sound]
info: LidoSRv3/Audit/Source/SszShaCommitted.lean:339:0: 'LidoSRv3.Audit.Source.SszShaCommitted.merkle_success_digest' depends on axioms: [propext, Classical.choice, Quot.sound]
info: LidoSRv3/Audit/Source/SszShaCommitted.lean:340:0: 'LidoSRv3.Audit.Source.SszShaCommitted.call_words' depends on axioms: [propext, Classical.choice, Quot.sound]
info: LidoSRv3/Audit/Source/SszShaCommitted.lean:341:0: 'LidoSRv3.Audit.Source.SszShaCommitted.pair_success_words' depends on axioms: [propext, Classical.choice, Quot.sound]
info: LidoSRv3/Audit/Source/SszShaCommitted.lean:342:0: 'LidoSRv3.Audit.Source.SszShaCommitted.pair_success_digest' depends on axioms: [propext, Classical.choice, Quot.sound]
info: LidoSRv3/Audit/Source/SszShaCommitted.lean:343:0: 'LidoSRv3.Audit.Source.SszShaCommitted.call_success_output' depends on axioms: [propext, Classical.choice, Quot.sound]
info: LidoSRv3/Audit/Source/SszShaCommitted.lean:344:0: 'LidoSRv3.Audit.Source.SszShaCommitted.pair_success_output' depends on axioms: [propext, Classical.choice, Quot.sound]
info: LidoSRv3/Audit/Source/SszShaCommitted.lean:345:0: 'LidoSRv3.Audit.Source.SszShaCommitted.call_success_gas' depends on axioms: [propext, Classical.choice, Quot.sound]
info: LidoSRv3/Audit/Source/SszShaCommitted.lean:346:0: 'LidoSRv3.Audit.Source.SszShaCommitted.call_success_depth' depends on axioms: [propext, Classical.choice, Quot.sound]
✖ [1135/1135] Building LidoSRv3.Audit.Source.SszPubkeyBytes (4.8s)
trace: .> LEAN_PATH=/Users/thomas/work/lido/local-lido-proofs/.lake/packages/Cli/.lake/build/lib/lean:/Users/thomas/work/lido/local-lido-proofs/.lake/packages/batteries/.lake/build/lib/lean:/Users/thomas/work/lido/local-lido-proofs/.lake/packages/Qq/.lake/build/lib/lean:/Users/thomas/work/lido/local-lido-proofs/.lake/packages/aesop/.lake/build/lib/lean:/Users/thomas/work/lido/local-lido-proofs/.lake/packages/proofwidgets/.lake/build/lib/lean:/Users/thomas/work/lido/local-lido-proofs/.lake/packages/importGraph/.lake/build/lib/lean:/Users/thomas/work/lido/local-lido-proofs/.lake/packages/LeanSearchClient/.lake/build/lib/lean:/Users/thomas/work/lido/local-lido-proofs/.lake/packages/plausible/.lake/build/lib/lean:/Users/thomas/work/lido/local-lido-proofs/.lake/packages/mathlib/.lake/build/lib/lean:/Users/thomas/work/lido/local-lido-proofs/.lake/packages/evmyul/.lake/build/lib/lean:/Users/thomas/work/lido/local-lido-proofs/.lake/packages/verity/.lake/build/lib/lean:/private/tmp/lido-ssz-pubkey-bytes/.lake/build/lib/lean /Users/thomas/.elan/toolchains/leanprover--lean4---v4.31.0/bin/lean /private/tmp/lido-ssz-pubkey-bytes/LidoSRv3/Audit/Source/SszPubkeyBytes.lean -o /private/tmp/lido-ssz-pubkey-bytes/.lake/build/lib/lean/LidoSRv3/Audit/Source/SszPubkeyBytes.olean -i /private/tmp/lido-ssz-pubkey-bytes/.lake/build/lib/lean/LidoSRv3/Audit/Source/SszPubkeyBytes.ilean -c /private/tmp/lido-ssz-pubkey-bytes/.lake/build/ir/LidoSRv3/Audit/Source/SszPubkeyBytes.c --setup /private/tmp/lido-ssz-pubkey-bytes/.lake/build/ir/LidoSRv3/Audit/Source/SszPubkeyBytes.setup.json --json
error: LidoSRv3/Audit/Source/SszPubkeyBytes.lean:29:2: unsolved goals
case pos
raw : ByteArray
offset : ℕ
lower tail : Array UInt8
hlower : lower.size = 32
ho : offset ≥ raw.size
hlen : min 48 ({ data := lower ++ Array.replicate 32 0 ++ tail }.size - 0) = 48
⊢ Array.replicate 48 0 ++ lower.extract 48 (64 + tail.size) ++ Array.replicate (min (64 + tail.size - 32) 32 - 16) 0 ++
      tail =
    Array.replicate 64 0 ++ tail
error: LidoSRv3/Audit/Source/SszPubkeyBytes.lean:40:2: unsolved goals
case neg
raw : ByteArray
offset : ℕ
lower tail : Array UInt8
hlower : lower.size = 32
ho : ¬offset ≥ raw.size
he : min { data := lower ++ Array.replicate 32 0 ++ tail }.size (0 + 48) = 48
hc : min 48 (raw.size + (48 - min 48 (raw.size - offset)) - offset) = 48
hp :
  min (offset + 48 - raw.size) (48 - min 48 (raw.size - offset)) - (offset - raw.size) = 48 - min 48 (raw.size - offset)
⊢ raw.data.extract offset (offset + 48) ++ Array.replicate (48 - min 48 (raw.size - offset)) 0 ++
          lower.extract 48 (64 + tail.size) ++
        Array.replicate (min (64 + tail.size - 32) 32 - 16) 0 ++
      tail =
    raw.data.extract offset (offset + 48) ++ Array.replicate (48 - min 48 (raw.size - offset)) 0 ++
        Array.replicate 16 0 ++
      tail
warning: LidoSRv3/Audit/Source/SszPubkeyBytes.lean:32:91: This simp argument is unused:
  Nat.zero_add

Hint: Omit it from the simp argument list.
  simp only [ByteArray.size, ̲Array.size_append, ̲Array.size_replicate, ̲hlower, ̲Nat.sub_zero,̵N̵a̵t̵.̵z̵e̵r̵o̵_̵a̵d̵d̵]

Note: This linter can be disabled with `set_option linter.unusedSimpArgs false`
warning: LidoSRv3/Audit/Source/SszPubkeyBytes.lean:39:6: This simp argument is unused:
  Array.extract_empty_of_stop_le_start (by omega : 32 ≤ 48)

Hint: Omit it from the simp argument list.
  simp [̵z̵e̵r̵o̵s̵,̵k̵e̵y̵B̵y̵t̵e̵s̵,̵h̵l̵o̵w̵e̵r̵,̵A̵r̵r̵a̵y̵.̵e̵x̵t̵r̵a̵c̵t̵_̵a̵p̵p̵e̵n̵d̵,̵A̵r̵r̵a̵y̵.̵e̵x̵t̵r̵a̵c̵t̵_̵r̵e̵p̵l̵i̵c̵a̵t̵e̵,̵[̲z̲e̲r̲o̲s̲,̲ ̲k̲e̲y̲B̲y̲t̲e̲s̲,̲ ̲h̲l̲o̲w̲e̲r̲,̲ ̲A̲r̲r̲a̲y̲.̲e̲x̲t̲r̲a̲c̲t̲_̲a̲p̲p̲e̲n̲d̲,̲ ̲A̲r̲r̲a̲y̲.̲e̲x̲t̲r̲a̲c̲t̲_̲r̲e̲p̲l̲i̲c̲a̲t̲e̲,̲
        show raw.size - offset = 0 by omega, Array.extract_empty_of_size_le_start ho,
        A̵r̵r̵a̵y̵.̵e̵x̵t̵r̵a̵c̵t̵_̵e̵m̵p̵t̵y̵_̵o̵f̵_̵s̵t̵o̵p̵_̵l̵e̵_̵s̵t̵a̵r̵t̵ ̵(̵b̵y̵ ̵o̵m̵e̵g̵a̵ ̵:̵ ̵3̵2̵ ̵≤̵ ̵4̵8̵)̵,̵ ̵← Array.append_assoc]

Note: This linter can be disabled with `set_option linter.unusedSimpArgs false`
warning: LidoSRv3/Audit/Source/SszPubkeyBytes.lean:43:78: This simp argument is unused:
  Nat.sub_zero

Hint: Omit it from the simp argument list.
  simp only [ByteArray.size, ̲Array.size_append, ̲Array.size_replicate, ̲hlower, ̲Nat.s̵u̵b̵_̵zero,̵N̵a̵t̵.̵z̵e̵r̵o̵_add]

Note: This linter can be disabled with `set_option linter.unusedSimpArgs false`
warning: LidoSRv3/Audit/Source/SszPubkeyBytes.lean:53:6: This simp argument is unused:
  Array.extract_empty_of_stop_le_start (by omega : 32 ≤ 48)

Hint: Omit it from the simp argument list.
  simp [̵z̵e̵r̵o̵s̵,̵k̵e̵y̵B̵y̵t̵e̵s̵,̵h̵l̵o̵w̵e̵r̵,̵A̵r̵r̵a̵y̵.̵e̵x̵t̵r̵a̵c̵t̵_̵a̵p̵p̵e̵n̵d̵,̵A̵r̵r̵a̵y̵.̵e̵x̵t̵r̵a̵c̵t̵_̵r̵e̵p̵l̵i̵c̵a̵t̵e̵,̵h̵c̵,̵h̵p̵,̵
  ̵ ̵ ̵ ̵ ̵ ̵ ̵A̵r̵r̵a̵y̵.̵e̵x̵t̵r̵a̵c̵t̵_̵e̵m̵p̵t̵y̵_̵o̵f̵_̵s̵t̵o̵p̵_̵l̵e̵_̵s̵t̵a̵r̵t̵ ̵(̵b̵y̵ ̵o̵m̵e̵g̵a̵ ̵:̵ ̵3̵2̵ ̵≤̵ ̵4̵8̵)̵,̵[̲z̲e̲r̲o̲s̲,̲ ̲k̲e̲y̲B̲y̲t̲e̲s̲,̲ ̲h̲l̲o̲w̲e̲r̲,̲ ̲A̲r̲r̲a̲y̲.̲e̲x̲t̲r̲a̲c̲t̲_̲a̲p̲p̲e̲n̲d̲,̲ ̲A̲r̲r̲a̲y̲.̲e̲x̲t̲r̲a̲c̲t̲_̲r̲e̲p̲l̲i̲c̲a̲t̲e̲,̲ ̲h̲c̲,̲ ̲h̲p̲,̲
  ̲  ̲ ̲ ̲ ̲ ̲← Array.append_assoc]

Note: This linter can be disabled with `set_option linter.unusedSimpArgs false`
info: LidoSRv3/Audit/Source/SszPubkeyBytes.lean:55:0: 'LidoSRv3.Audit.Source.SszPubkeyBytes.copy_padded' depends on axioms: [sorryAx]
error: Lean exited with code 1
Some required targets logged failures:
- LidoSRv3.Audit.Source.SszPubkeyBytes
error: build failed
