⚠ [1071/1136] Replayed Conform.Wheels
warning: Conform/Wheels.lean:106:47: `IsAntisymm` has been deprecated: Use `Std.Antisymm` instead

Note: The updated constant has a different type:
  {α : Sort u} → (α → α → Prop) → Prop
instead of
  (α : Sort u_1) → (α → α → Prop) → Prop
warning: Conform/Wheels.lean:106:70: `IsTotal` has been deprecated: Use `Std.Total` instead

Note: The updated constant has a different type:
  {α : Sort u} → (α → α → Prop) → Prop
instead of
  (α : Sort u_1) → (α → α → Prop) → Prop
⚠ [1073/1136] Replayed EvmYul.Pretty
warning: EvmYul/Pretty.lean:35:32: `IsAntisymm` has been deprecated: Use `Std.Antisymm` instead

Note: The updated constant has a different type:
  {α : Sort u} → (α → α → Prop) → Prop
instead of
  (α : Sort u_1) → (α → α → Prop) → Prop
warning: EvmYul/Pretty.lean:36:32: `IsTotal` has been deprecated: Use `Std.Total` instead

Note: The updated constant has a different type:
  {α : Sort u} → (α → α → Prop) → Prop
instead of
  (α : Sort u_1) → (α → α → Prop) → Prop
⚠ [1114/1136] Replayed EvmYul.Semantics
warning: EvmYul/Semantics.lean:1:0: 'Mathlib.Data.Array.Defs' has been deprecated: please replace this import by

import Mathlib.Init
⚠ [1115/1136] Replayed EvmYul.EVM.Semantics
warning: EvmYul/EVM/Semantics.lean:1:0: 'Mathlib.Data.Array.Defs' has been deprecated: please replace this import by

import Mathlib.Init
ℹ [1133/1136] Replayed LidoSRv3.Audit.Source.SszWitnessAbi
info: LidoSRv3/Audit/Source/SszWitnessAbi.lean:326:0: 'LidoSRv3.Audit.Source.SszWitnessAbi.run_success_input_binding' depends on axioms: [propext,
 Classical.choice,
 Quot.sound]
info: LidoSRv3/Audit/Source/SszWitnessAbi.lean:327:0: 'LidoSRv3.Audit.Source.SszWitnessAbi.pubkey_environment' depends on axioms: [propext, Classical.choice, Quot.sound]
info: LidoSRv3/Audit/Source/SszWitnessAbi.lean:328:0: 'LidoSRv3.Audit.Source.SszWitnessAbi.pair_environment' depends on axioms: [propext, Classical.choice, Quot.sound]
info: LidoSRv3/Audit/Source/SszWitnessAbi.lean:329:0: 'LidoSRv3.Audit.Source.SszWitnessAbi.merkle_environment' depends on axioms: [propext, Classical.choice, Quot.sound]
info: LidoSRv3/Audit/Source/SszWitnessAbi.lean:330:0: 'LidoSRv3.Audit.Source.SszWitnessAbi.call_environment' depends on axioms: [propext, Classical.choice, Quot.sound]
info: LidoSRv3/Audit/Source/SszWitnessAbi.lean:331:0: 'LidoSRv3.Audit.Source.SszWitnessAbi.fields_success' depends on axioms: [propext, Classical.choice, Quot.sound]
info: LidoSRv3/Audit/Source/SszWitnessAbi.lean:332:0: 'LidoSRv3.Audit.Source.SszWitnessAbi.run_success_origin' depends on axioms: [propext, Classical.choice, Quot.sound]
info: LidoSRv3/Audit/Source/SszWitnessAbi.lean:334:0: 'LidoSRv3.Audit.Source.SszWitnessAbi.read64_success' depends on axioms: [propext, Classical.choice, Quot.sound]
info: LidoSRv3/Audit/Source/SszWitnessAbi.lean:335:0: 'LidoSRv3.Audit.Source.SszWitnessAbi.readBool_success' depends on axioms: [propext, Classical.choice, Quot.sound]
info: LidoSRv3/Audit/Source/SszWitnessAbi.lean:336:0: 'LidoSRv3.Audit.Source.SszWitnessAbi.tail_success_length' depends on axioms: [propext, Classical.choice, Quot.sound]
ℹ [1134/1136] Replayed LidoSRv3.Audit.Source.SszShaCommitted
info: LidoSRv3/Audit/Source/SszShaCommitted.lean:337:0: 'LidoSRv3.Audit.Source.SszShaCommitted.run_success_computed_merkle' depends on axioms: [propext,
 Classical.choice,
 Quot.sound]
info: LidoSRv3/Audit/Source/SszShaCommitted.lean:338:0: 'LidoSRv3.Audit.Source.SszShaCommitted.pubkey_success_words' depends on axioms: [propext, Classical.choice, Quot.sound]
info: LidoSRv3/Audit/Source/SszShaCommitted.lean:339:0: 'LidoSRv3.Audit.Source.SszShaCommitted.merkle_success_digest' depends on axioms: [propext, Classical.choice, Quot.sound]
info: LidoSRv3/Audit/Source/SszShaCommitted.lean:340:0: 'LidoSRv3.Audit.Source.SszShaCommitted.call_words' depends on axioms: [propext, Classical.choice, Quot.sound]
info: LidoSRv3/Audit/Source/SszShaCommitted.lean:341:0: 'LidoSRv3.Audit.Source.SszShaCommitted.pair_success_words' depends on axioms: [propext, Classical.choice, Quot.sound]
info: LidoSRv3/Audit/Source/SszShaCommitted.lean:342:0: 'LidoSRv3.Audit.Source.SszShaCommitted.pair_success_digest' depends on axioms: [propext, Classical.choice, Quot.sound]
info: LidoSRv3/Audit/Source/SszShaCommitted.lean:343:0: 'LidoSRv3.Audit.Source.SszShaCommitted.call_success_output' depends on axioms: [propext, Classical.choice, Quot.sound]
info: LidoSRv3/Audit/Source/SszShaCommitted.lean:344:0: 'LidoSRv3.Audit.Source.SszShaCommitted.pair_success_output' depends on axioms: [propext, Classical.choice, Quot.sound]
info: LidoSRv3/Audit/Source/SszShaCommitted.lean:345:0: 'LidoSRv3.Audit.Source.SszShaCommitted.call_success_gas' depends on axioms: [propext, Classical.choice, Quot.sound]
info: LidoSRv3/Audit/Source/SszShaCommitted.lean:346:0: 'LidoSRv3.Audit.Source.SszShaCommitted.call_success_depth' depends on axioms: [propext, Classical.choice, Quot.sound]
⚠ [1135/1136] Replayed LidoSRv3.Audit.Source.SszPubkeyBytes
warning: LidoSRv3/Audit/Source/SszPubkeyBytes.lean:32:91: This simp argument is unused:
  Nat.zero_add

Hint: Omit it from the simp argument list.
  simp only [ByteArray.size, ̲Array.size_append, ̲Array.size_replicate, ̲hlower, ̲Nat.sub_zero,̵N̵a̵t̵.̵z̵e̵r̵o̵_̵a̵d̵d̵]

Note: This linter can be disabled with `set_option linter.unusedSimpArgs false`
warning: LidoSRv3/Audit/Source/SszPubkeyBytes.lean:44:78: This simp argument is unused:
  Nat.sub_zero

Hint: Omit it from the simp argument list.
  simp only [ByteArray.size, ̲Array.size_append, ̲Array.size_replicate, ̲hlower, ̲Nat.s̵u̵b̵_̵zero,̵N̵a̵t̵.̵z̵e̵r̵o̵_add]

Note: This linter can be disabled with `set_option linter.unusedSimpArgs false`
info: LidoSRv3/Audit/Source/SszPubkeyBytes.lean:232:0: 'LidoSRv3.Audit.Source.SszPubkeyBytes.computed_leaf_typed' depends on axioms: [propext, Classical.choice, Quot.sound]
info: LidoSRv3/Audit/Source/SszPubkeyBytes.lean:233:0: 'LidoSRv3.Audit.Source.SszPubkeyBytes.witness_key_length' depends on axioms: [propext, Classical.choice, Quot.sound]
info: LidoSRv3/Audit/Source/SszPubkeyBytes.lean:234:0: 'LidoSRv3.Audit.Source.SszPubkeyBytes.run_success_computed_leaf' depends on axioms: [propext,
 Classical.choice,
 Quot.sound]
info: LidoSRv3/Audit/Source/SszPubkeyBytes.lean:235:0: 'LidoSRv3.Audit.Source.SszPubkeyBytes.pubkey_success_digest' depends on axioms: [propext, Classical.choice, Quot.sound]
info: LidoSRv3/Audit/Source/SszPubkeyBytes.lean:236:0: 'LidoSRv3.Audit.Source.SszPubkeyBytes.memory_exact' depends on axioms: [propext, Classical.choice, Quot.sound]
info: LidoSRv3/Audit/Source/SszPubkeyBytes.lean:237:0: 'LidoSRv3.Audit.Source.SszPubkeyBytes.read_exact' depends on axioms: [propext, Classical.choice, Quot.sound]
info: LidoSRv3/Audit/Source/SszPubkeyBytes.lean:238:0: 'LidoSRv3.Audit.Source.SszPubkeyBytes.copy_padded' depends on axioms: [propext, Classical.choice, Quot.sound]
✖ [1136/1136] Building LidoSRv3.Tests.SszPubkeyBytesMutants (6.1s)
trace: .> LEAN_PATH=/Users/thomas/work/lido/local-lido-proofs/.lake/packages/Cli/.lake/build/lib/lean:/Users/thomas/work/lido/local-lido-proofs/.lake/packages/batteries/.lake/build/lib/lean:/Users/thomas/work/lido/local-lido-proofs/.lake/packages/Qq/.lake/build/lib/lean:/Users/thomas/work/lido/local-lido-proofs/.lake/packages/aesop/.lake/build/lib/lean:/Users/thomas/work/lido/local-lido-proofs/.lake/packages/proofwidgets/.lake/build/lib/lean:/Users/thomas/work/lido/local-lido-proofs/.lake/packages/importGraph/.lake/build/lib/lean:/Users/thomas/work/lido/local-lido-proofs/.lake/packages/LeanSearchClient/.lake/build/lib/lean:/Users/thomas/work/lido/local-lido-proofs/.lake/packages/plausible/.lake/build/lib/lean:/Users/thomas/work/lido/local-lido-proofs/.lake/packages/mathlib/.lake/build/lib/lean:/Users/thomas/work/lido/local-lido-proofs/.lake/packages/evmyul/.lake/build/lib/lean:/Users/thomas/work/lido/local-lido-proofs/.lake/packages/verity/.lake/build/lib/lean:/private/tmp/lido-ssz-pubkey-bytes/.lake/build/lib/lean /Users/thomas/.elan/toolchains/leanprover--lean4---v4.31.0/bin/lean /private/tmp/lido-ssz-pubkey-bytes/LidoSRv3/Tests/SszPubkeyBytesMutants.lean -o /private/tmp/lido-ssz-pubkey-bytes/.lake/build/lib/lean/LidoSRv3/Tests/SszPubkeyBytesMutants.olean -i /private/tmp/lido-ssz-pubkey-bytes/.lake/build/lib/lean/LidoSRv3/Tests/SszPubkeyBytesMutants.ilean -c /private/tmp/lido-ssz-pubkey-bytes/.lake/build/ir/LidoSRv3/Tests/SszPubkeyBytesMutants.c --setup /private/tmp/lido-ssz-pubkey-bytes/.lake/build/ir/LidoSRv3/Tests/SszPubkeyBytesMutants.setup.json --json
error: LidoSRv3/Tests/SszPubkeyBytesMutants.lean:8:65: unexpected identifier; expected '}'
error: LidoSRv3/Tests/SszPubkeyBytesMutants.lean:18:2: Tactic `decide` proved that the proposition
  blockBytes (state raw47).executionEnv.calldata (UInt256.ofNat 0).toNat =
    { data := Array.replicate 47 7 ++ Array.replicate 17 0 }
is false
info: LidoSRv3/Tests/SszPubkeyBytesMutants.lean:45:0: 'LidoSRv3.Tests.SszPubkeyBytesMutants.truncated_copy_zero_extends' depends on axioms: [propext,
 sorryAx,
 Classical.choice,
 Quot.sound]
info: LidoSRv3/Tests/SszPubkeyBytesMutants.lean:46:0: 'LidoSRv3.Tests.SszPubkeyBytesMutants.absent_copy_frames_tail' depends on axioms: [propext,
 Classical.choice,
 Quot.sound]
info: LidoSRv3/Tests/SszPubkeyBytesMutants.lean:47:0: 'LidoSRv3.Tests.SszPubkeyBytesMutants.dirty_padding_mutant_killed' depends on axioms: [propext,
 sorryAx,
 Classical.choice,
 Quot.sound]
info: LidoSRv3/Tests/SszPubkeyBytesMutants.lean:48:0: 'LidoSRv3.Audit.Source.SszPubkeyBytes.run_success_computed_leaf' depends on axioms: [propext,
 Classical.choice,
 Quot.sound]
error: Lean exited with code 1
Some required targets logged failures:
- LidoSRv3.Tests.SszPubkeyBytesMutants
error: build failed
